This file contains any messages produced by compilers while
running configure, to aid debugging if configure makes a mistake.

It was created by univalue configure 1.0.1, which was
generated by GNU Autoconf 2.72.  Invocation command line was

  $ /home/developer/subochain/SuboChain/src/univalue/configure --disable-option-checking --prefix=/usr/local --with-gui=qt5 --disable-shared --with-pic --with-bignum=no --enable-module-recovery --cache-file=/dev/null --srcdir=/home/developer/subochain/SuboChain/src/univalue

## --------- ##
## Platform. ##
## --------- ##

hostname = developer-X99
uname -m = x86_64
uname -r = 7.0.0-29-generic
uname -s = Linux
uname -v = #29-Ubuntu SMP PREEMPT_DYNAMIC Fri Jul 17 20:52:35 UTC 2026

/usr/bin/uname -p = unknown
/bin/uname -X     = unknown

/bin/arch              = x86_64
/usr/bin/arch -k       = unknown
/usr/convex/getsysinfo = unknown
/usr/bin/hostinfo      = unknown
/bin/machine           = unknown
/usr/bin/oslevel       = unknown
/bin/universe          = unknown

PATH: /home/developer/subochain/SuboChain/depends/x86_64-pc-linux-gnu/share/../native/bin/
PATH: /home/developer/.grok/bin/
PATH: /usr/local/sbin/
PATH: /usr/local/bin/
PATH: /usr/sbin/
PATH: /usr/bin/
PATH: /sbin/
PATH: /bin/
PATH: /usr/games/
PATH: /usr/local/games/
PATH: /snap/bin/
PATH: /snap/bin/
PATH: /home/developer/.lmstudio/bin/
PATH: /home/developer/.lmstudio/bin/
PATH: /home/developer/.lmstudio/bin/


## ----------- ##
## Core tests. ##
## ----------- ##

configure:2145: loading site script /home/developer/subochain/SuboChain/depends/x86_64-pc-linux-gnu/share/config.site
| depends_prefix="`dirname ${ac_site_file}`/.."
| 
| cross_compiling=maybe
| host_alias=x86_64-pc-linux-gnu
| ac_tool_prefix=${host_alias}-
| 
| if test -z $with_boost; then
|   with_boost=$depends_prefix
| fi
| if test -z $with_qt_plugindir; then
|   with_qt_plugindir=$depends_prefix/plugins
| fi
| if test -z $with_qt_translationdir; then
|   with_qt_translationdir=$depends_prefix/translations
| fi
| if test -z $with_qt_bindir; then
|   with_qt_bindir=$depends_prefix/native/bin
| fi
| if test -z $with_protoc_bindir; then
|   with_protoc_bindir=$depends_prefix/native/bin
| fi
| 
| 
| if test -z $enable_wallet && test -n ""; then
|   enable_wallet=no
| fi
| 
| if test -z $with_miniupnpc && test -n ""; then
|   with_miniupnpc=no
| fi
| 
| if test -z $with_gui && test -n ""; then
|   with_gui=no
| fi
| 
| if test xlinux = xdarwin; then
|   BREW=no
|   PORT=no
| fi
| 
| if test xlinux = xmingw32; then
|   if test -z $with_qt_incdir; then
|     with_qt_incdir=$depends_prefix/include
|   fi
|   if test -z $with_qt_libdir; then
|     with_qt_libdir=$depends_prefix/lib
|   fi
| fi
| 
| PATH=$depends_prefix/native/bin:$PATH
| PKG_CONFIG="`which pkg-config` --static"
| 
| # These two need to remain exported because pkg-config does not see them
| # otherwise. That means they must be unexported at the end of configure.ac to
| # avoid ruining the cache. Sigh.
| 
| export PKG_CONFIG_LIBDIR=$depends_prefix/lib/pkgconfig
| export PKG_CONFIG_PATH=$depends_prefix/share/pkgconfig
| 
| CPPFLAGS="-I$depends_prefix/include/ $CPPFLAGS"
| LDFLAGS="-L$depends_prefix/lib $LDFLAGS"
| 
| CC="gcc -m64"
| CXX="g++ -m64"
| OBJC="${CC}"
| CCACHE=$depends_prefix/native/bin/ccache
| PYTHONPATH=$depends_prefix/native/lib/python/dist-packages:$PYTHONPATH
| 
| if test -n "ar"; then
|   AR=ar
|   ac_cv_path_ac_pt_AR=${AR}
| fi
| 
| if test -n "ranlib"; then
|   RANLIB=ranlib
|   ac_cv_path_ac_pt_RANLIB=${RANLIB}
| fi
| 
| if test -n "nm"; then
|   NM=nm
|   ac_cv_path_ac_pt_NM=${NM}
| fi
| 
| if test -n ""; then
|   enable_reduce_exports=no
| fi
| 
| if test -n "-pipe -std=gnu17 -fcommon -Wno-error=implicit-function-declaration -Wno-error=implicit-int -Wno-error=int-conversion -Wno-error=incompatible-pointer-types -Wno-error=return-mismatch -Wno-error=discarded-qualifiers -Wno-error=attributes -Wno-error=format-overflow -Wno-error=stringop-overflow -Wno-error=stringop-truncation -Wno-error=array-bounds -Wno-error=maybe-uninitialized -Wno-error=use-after-free -O2"; then
|   CFLAGS="-pipe -std=gnu17 -fcommon -Wno-error=implicit-function-declaration -Wno-error=implicit-int -Wno-error=int-conversion -Wno-error=incompatible-pointer-types -Wno-error=return-mismatch -Wno-error=discarded-qualifiers -Wno-error=attributes -Wno-error=format-overflow -Wno-error=stringop-overflow -Wno-error=stringop-truncation -Wno-error=array-bounds -Wno-error=maybe-uninitialized -Wno-error=use-after-free -O2 $CFLAGS"
| fi
| if test -n "-pipe -std=gnu17 -fcommon -Wno-error=implicit-function-declaration -Wno-error=implicit-int -Wno-error=int-conversion -Wno-error=incompatible-pointer-types -Wno-error=return-mismatch -Wno-error=discarded-qualifiers -Wno-error=attributes -Wno-error=format-overflow -Wno-error=stringop-overflow -Wno-error=stringop-truncation -Wno-error=array-bounds -Wno-error=maybe-uninitialized -Wno-error=use-after-free -static-libstdc++ -fpermissive -O2"; then
|   CXXFLAGS="-pipe -std=gnu17 -fcommon -Wno-error=implicit-function-declaration -Wno-error=implicit-int -Wno-error=int-conversion -Wno-error=incompatible-pointer-types -Wno-error=return-mismatch -Wno-error=discarded-qualifiers -Wno-error=attributes -Wno-error=format-overflow -Wno-error=stringop-overflow -Wno-error=stringop-truncation -Wno-error=array-bounds -Wno-error=maybe-uninitialized -Wno-error=use-after-free -static-libstdc++ -fpermissive -O2 $CXXFLAGS"
| fi
| if test -n ""; then
|   CPPFLAGS=" $CPPFLAGS"
| fi
| if test -n ""; then
|   LDFLAGS=" $LDFLAGS"
| fi
configure:2737: looking for aux files: compile config.guess config.sub ltmain.sh missing install-sh
configure:2750:  trying /home/developer/subochain/SuboChain/src/univalue/build-aux/
configure:2779:   /home/developer/subochain/SuboChain/src/univalue/build-aux/compile found
configure:2779:   /home/developer/subochain/SuboChain/src/univalue/build-aux/config.guess found
configure:2779:   /home/developer/subochain/SuboChain/src/univalue/build-aux/config.sub found
configure:2779:   /home/developer/subochain/SuboChain/src/univalue/build-aux/ltmain.sh found
configure:2779:   /home/developer/subochain/SuboChain/src/univalue/build-aux/missing found
configure:2761:   /home/developer/subochain/SuboChain/src/univalue/build-aux/install-sh found
configure:2900: checking whether make supports nested variables
configure:2919: result: yes
configure:2952: checking for a BSD-compatible install
configure:3026: result: /usr/bin/install -c
configure:3037: checking whether sleep supports fractional seconds
configure:3053: result: yes
configure:3056: checking filesystem timestamp resolution
configure:3191: result: 0.01
configure:3196: checking whether build environment is sane
configure:3241: result: yes
configure:3307: checking for x86_64-pc-linux-gnu-strip
configure:3343: result: no
configure:3353: checking for strip
configure:3374: found /usr/bin/strip
configure:3386: result: strip
configure:3412: checking for a race-free mkdir -p
configure:3455: result: /usr/bin/mkdir -p
configure:3462: checking for gawk
configure:3498: result: no
configure:3462: checking for mawk
configure:3483: found /usr/bin/mawk
configure:3495: result: mawk
configure:3506: checking whether make sets $(MAKE)
configure:3530: result: yes
configure:3558: checking xargs -n works
configure:3574: result: yes
configure:3659: checking whether UID '1000' is supported by ustar format
configure:3665: result: yes
configure:3672: checking whether GID '1000' is supported by ustar format
configure:3678: result: yes
configure:3686: checking how to create a ustar tar archive
configure:3697: tar --version
tar (GNU tar) 1.35
Copyright (C) 2023 Free Software Foundation, Inc.
License GPLv3+: GNU GPL version 3 or later <https://gnu.org/licenses/gpl.html>.
This is free software: you are free to change and redistribute it.
There is NO WARRANTY, to the extent permitted by law.

Written by John Gilmore and Jay Fenlason.
configure:3700: $? = 0
configure:3740: tardir=conftest.dir && eval tar --format=ustar -chf - "$tardir" >conftest.tar
configure:3743: $? = 0
configure:3747: tar -xf - <conftest.tar
configure:3750: $? = 0
configure:3752: cat conftest.dir/file
GrepMe
configure:3755: $? = 0
configure:3770: result: gnutar
configure:3844: checking build system type
configure:3860: result: x86_64-pc-linux-gnu
configure:3880: checking host system type
configure:3895: result: x86_64-pc-linux-gnu
configure:3936: checking how to print strings
configure:3963: result: printf
configure:3997: checking whether make supports the include directive
configure:4012: make -f confmf.GNU && cat confinc.out
this is the am__doit target
configure:4015: $? = 0
configure:4034: result: yes (GNU style)
configure:4065: checking for x86_64-pc-linux-gnu-gcc
configure:4098: result: gcc -m64
configure:4503: checking for C compiler version
configure:4512: gcc -m64 --version >&5
gcc (Ubuntu 15.2.0-16ubuntu1) 15.2.0
Copyright (C) 2025 Free Software Foundation, Inc.
This is free software; see the source for copying conditions.  There is NO
warranty; not even for MERCHANTABILITY or FITNESS FOR A PARTICULAR PURPOSE.

configure:4523: $? = 0
configure:4512: gcc -m64 -v >&5
Using built-in specs.
COLLECT_GCC=gcc
COLLECT_LTO_WRAPPER=/usr/libexec/gcc/x86_64-linux-gnu/15/lto-wrapper
OFFLOAD_TARGET_NAMES=nvptx-none:amdgcn-amdhsa
OFFLOAD_TARGET_DEFAULT=1
Target: x86_64-linux-gnu
Configured with: ../src/configure -v --with-pkgversion='Ubuntu 15.2.0-16ubuntu1' --with-bugurl=file:///usr/share/doc/gcc-15/README.Bugs --enable-languages=c,ada,c++,go,d,fortran,objc,obj-c++,m2,rust,cobol,algol68 --prefix=/usr --with-gcc-major-version-only --program-suffix=-15 --program-prefix=x86_64-linux-gnu- --enable-shared --enable-linker-build-id --libexecdir=/usr/libexec --without-included-gettext --enable-threads=posix --libdir=/usr/lib --enable-nls --enable-bootstrap --enable-clocale=gnu --enable-libstdcxx-debug --enable-libstdcxx-time=yes --with-default-libstdcxx-abi=new --enable-libstdcxx-backtrace --enable-gnu-unique-object --disable-vtable-verify --enable-plugin --enable-default-pie --with-system-zlib --enable-libphobos-checking=release --with-target-system-zlib=auto --enable-objc-gc=auto --enable-multiarch --disable-werror --enable-cet --with-arch-32=i686 --with-abi=m64 --with-multilib-list=m32,m64,mx32 --enable-multilib --with-tune=generic --enable-offload-targets=nvptx-none=/build/gcc-15-j35TAX/gcc-15-15.2.0/debian/tmp-nvptx/usr,amdgcn-amdhsa=/build/gcc-15-j35TAX/gcc-15-15.2.0/debian/tmp-gcn/usr --enable-offload-defaulted --without-cuda-driver --enable-checking=release --build=x86_64-linux-gnu --host=x86_64-linux-gnu --target=x86_64-linux-gnu --with-build-config=bootstrap-lto-lean --enable-link-serialization=2
Thread model: posix
Supported LTO compression algorithms: zlib zstd
gcc version 15.2.0 (Ubuntu 15.2.0-16ubuntu1) 
... rest of stderr output deleted ...
configure:4523: $? = 0
configure:4512: gcc -m64 -V >&5
gcc: error: unrecognized command-line option '-V'
gcc: fatal error: no input files
compilation terminated.
configure:4523: $? = 1
configure:4512: gcc -m64 -qversion >&5
gcc: error: unrecognized command-line option '-qversion'; did you mean '--version'?
gcc: fatal error: no input files
compilation terminated.
configure:4523: $? = 1
configure:4512: gcc -m64 -version >&5
gcc: error: unrecognized command-line option '-version'
gcc: fatal error: no input files
compilation terminated.
configure:4523: $? = 1
configure:4543: checking whether the C compiler works
configure:4565: gcc -m64 -pipe -std=gnu17 -fcommon -Wno-error=implicit-function-declaration -Wno-error=implicit-int -Wno-error=int-conversion -Wno-error=incompatible-pointer-types -Wno-error=return-mismatch -Wno-error=discarded-qualifiers -Wno-error=attributes -Wno-error=format-overflow -Wno-error=stringop-overflow -Wno-error=stringop-truncation -Wno-error=array-bounds -Wno-error=maybe-uninitialized -Wno-error=use-after-free -O2  -I/home/developer/subochain/SuboChain/depends/x86_64-pc-linux-gnu/share/../include/  -L/home/developer/subochain/SuboChain/depends/x86_64-pc-linux-gnu/share/../lib  conftest.c  >&5
configure:4569: $? = 0
configure:4620: result: yes
configure:4624: checking for C compiler default output file name
configure:4626: result: a.out
configure:4632: checking for suffix of executables
configure:4639: gcc -m64 -o conftest -pipe -std=gnu17 -fcommon -Wno-error=implicit-function-declaration -Wno-error=implicit-int -Wno-error=int-conversion -Wno-error=incompatible-pointer-types -Wno-error=return-mismatch -Wno-error=discarded-qualifiers -Wno-error=attributes -Wno-error=format-overflow -Wno-error=stringop-overflow -Wno-error=stringop-truncation -Wno-error=array-bounds -Wno-error=maybe-uninitialized -Wno-error=use-after-free -O2  -I/home/developer/subochain/SuboChain/depends/x86_64-pc-linux-gnu/share/../include/  -L/home/developer/subochain/SuboChain/depends/x86_64-pc-linux-gnu/share/../lib  conftest.c  >&5
configure:4643: $? = 0
configure:4667: result: 
configure:4691: checking whether we are cross compiling
configure:4699: gcc -m64 -o conftest -pipe -std=gnu17 -fcommon -Wno-error=implicit-function-declaration -Wno-error=implicit-int -Wno-error=int-conversion -Wno-error=incompatible-pointer-types -Wno-error=return-mismatch -Wno-error=discarded-qualifiers -Wno-error=attributes -Wno-error=format-overflow -Wno-error=stringop-overflow -Wno-error=stringop-truncation -Wno-error=array-bounds -Wno-error=maybe-uninitialized -Wno-error=use-after-free -O2  -I/home/developer/subochain/SuboChain/depends/x86_64-pc-linux-gnu/share/../include/  -L/home/developer/subochain/SuboChain/depends/x86_64-pc-linux-gnu/share/../lib  conftest.c  >&5
configure:4703: $? = 0
configure:4710: ./conftest
configure:4714: $? = 0
configure:4729: result: no
configure:4735: checking for suffix of object files
configure:4758: gcc -m64 -c -pipe -std=gnu17 -fcommon -Wno-error=implicit-function-declaration -Wno-error=implicit-int -Wno-error=int-conversion -Wno-error=incompatible-pointer-types -Wno-error=return-mismatch -Wno-error=discarded-qualifiers -Wno-error=attributes -Wno-error=format-overflow -Wno-error=stringop-overflow -Wno-error=stringop-truncation -Wno-error=array-bounds -Wno-error=maybe-uninitialized -Wno-error=use-after-free -O2  -I/home/developer/subochain/SuboChain/depends/x86_64-pc-linux-gnu/share/../include/  conftest.c >&5
configure:4762: $? = 0
configure:4786: result: o
configure:4790: checking whether the compiler supports GNU C
configure:4810: gcc -m64 -c -pipe -std=gnu17 -fcommon -Wno-error=implicit-function-declaration -Wno-error=implicit-int -Wno-error=int-conversion -Wno-error=incompatible-pointer-types -Wno-error=return-mismatch -Wno-error=discarded-qualifiers -Wno-error=attributes -Wno-error=format-overflow -Wno-error=stringop-overflow -Wno-error=stringop-truncation -Wno-error=array-bounds -Wno-error=maybe-uninitialized -Wno-error=use-after-free -O2  -I/home/developer/subochain/SuboChain/depends/x86_64-pc-linux-gnu/share/../include/  conftest.c >&5
configure:4810: $? = 0
configure:4822: result: yes
configure:4833: checking whether gcc -m64 accepts -g
configure:4854: gcc -m64 -c -g -I/home/developer/subochain/SuboChain/depends/x86_64-pc-linux-gnu/share/../include/  conftest.c >&5
configure:4854: $? = 0
configure:4901: result: yes
configure:4921: checking for gcc -m64 option to enable C11 features
configure:4936: gcc -m64  -c -pipe -std=gnu17 -fcommon -Wno-error=implicit-function-declaration -Wno-error=implicit-int -Wno-error=int-conversion -Wno-error=incompatible-pointer-types -Wno-error=return-mismatch -Wno-error=discarded-qualifiers -Wno-error=attributes -Wno-error=format-overflow -Wno-error=stringop-overflow -Wno-error=stringop-truncation -Wno-error=array-bounds -Wno-error=maybe-uninitialized -Wno-error=use-after-free -O2  -I/home/developer/subochain/SuboChain/depends/x86_64-pc-linux-gnu/share/../include/  conftest.c >&5
configure:4936: $? = 0
configure:4955: result: none needed
configure:5079: checking whether gcc -m64 understands -c and -o together
configure:5102: gcc -m64 -c conftest.c -o conftest2.o
configure:5105: $? = 0
configure:5102: gcc -m64 -c conftest.c -o conftest2.o
configure:5105: $? = 0
configure:5121: result: yes
configure:5140: checking dependency style of gcc -m64
configure:5253: result: gcc3
configure:5268: checking for a sed that does not truncate output
configure:5340: result: /usr/bin/sed
configure:5358: checking for grep that handles long lines and -e
configure:5424: result: /usr/bin/grep
configure:5429: checking for egrep
configure:5499: result: /usr/bin/grep -E
configure:5506: checking for fgrep
configure:5576: result: /usr/bin/grep -F
configure:5613: checking for ld used by gcc -m64
configure:5682: result: /usr/bin/x86_64-linux-gnu-ld
configure:5689: checking if the linker (/usr/bin/x86_64-linux-gnu-ld) is GNU ld
configure:5706: result: yes
configure:5718: checking for BSD- or MS-compatible name lister (nm)
configure:5774: result: nm
configure:5916: checking the name lister (nm) interface
configure:5924: gcc -m64 -c -pipe -std=gnu17 -fcommon -Wno-error=implicit-function-declaration -Wno-error=implicit-int -Wno-error=int-conversion -Wno-error=incompatible-pointer-types -Wno-error=return-mismatch -Wno-error=discarded-qualifiers -Wno-error=attributes -Wno-error=format-overflow -Wno-error=stringop-overflow -Wno-error=stringop-truncation -Wno-error=array-bounds -Wno-error=maybe-uninitialized -Wno-error=use-after-free -O2  -I/home/developer/subochain/SuboChain/depends/x86_64-pc-linux-gnu/share/../include/  conftest.c >&5
configure:5927: nm "conftest.o"
configure:5930: output
0000000000000000 B some_variable
configure:5938: result: BSD nm
configure:5941: checking whether ln -s works
configure:5945: result: yes
configure:5953: checking the maximum length of command line arguments
configure:6086: result: 1572864
configure:6134: checking how to convert x86_64-pc-linux-gnu file names to x86_64-pc-linux-gnu format
configure:6176: result: func_convert_file_noop
configure:6183: checking how to convert x86_64-pc-linux-gnu file names to toolchain format
configure:6205: result: func_convert_file_noop
configure:6212: checking for /usr/bin/x86_64-linux-gnu-ld option to reload object files
configure:6221: result: -r
configure:6254: checking for file
configure:6275: found /usr/bin/file
configure:6288: result: file
configure:6305: checking for x86_64-pc-linux-gnu-objdump
configure:6341: result: no
configure:6351: checking for objdump
configure:6372: found /usr/bin/objdump
configure:6384: result: objdump
configure:6416: checking how to recognize dependent libraries
configure:6625: result: pass_all
configure:6670: checking for x86_64-pc-linux-gnu-dlltool
configure:6706: result: no
configure:6716: checking for dlltool
configure:6752: result: no
configure:6782: checking how to associate runtime and link libraries
configure:6811: result: printf %s\n
configure:6826: checking for x86_64-pc-linux-gnu-ranlib
configure:6859: result: ranlib
configure:6932: checking for x86_64-pc-linux-gnu-ar
configure:6965: result: ar
configure:7068: checking for archiver @FILE support
configure:7086: gcc -m64 -c -pipe -std=gnu17 -fcommon -Wno-error=implicit-function-declaration -Wno-error=implicit-int -Wno-error=int-conversion -Wno-error=incompatible-pointer-types -Wno-error=return-mismatch -Wno-error=discarded-qualifiers -Wno-error=attributes -Wno-error=format-overflow -Wno-error=stringop-overflow -Wno-error=stringop-truncation -Wno-error=array-bounds -Wno-error=maybe-uninitialized -Wno-error=use-after-free -O2  -I/home/developer/subochain/SuboChain/depends/x86_64-pc-linux-gnu/share/../include/  conftest.c >&5
configure:7086: $? = 0
configure:7090: ar cr libconftest.a @conftest.lst >&5
configure:7093: $? = 0
configure:7098: ar cr libconftest.a @conftest.lst >&5
ar: conftest.o: No such file or directory
configure:7101: $? = 1
configure:7114: result: @
configure:7132: checking for x86_64-pc-linux-gnu-strip
configure:7165: result: strip
configure:7314: checking command to parse nm output from gcc -m64 object
configure:7468: gcc -m64 -c -pipe -std=gnu17 -fcommon -Wno-error=implicit-function-declaration -Wno-error=implicit-int -Wno-error=int-conversion -Wno-error=incompatible-pointer-types -Wno-error=return-mismatch -Wno-error=discarded-qualifiers -Wno-error=attributes -Wno-error=format-overflow -Wno-error=stringop-overflow -Wno-error=stringop-truncation -Wno-error=array-bounds -Wno-error=maybe-uninitialized -Wno-error=use-after-free -O2  -I/home/developer/subochain/SuboChain/depends/x86_64-pc-linux-gnu/share/../include/  conftest.c >&5
configure:7471: $? = 0
configure:7475: nm conftest.o | /usr/bin/sed -n -e 's/^.*[	 ]\([ABCDGIRSTW][ABCDGIRSTW]*\)[	 ][	 ]*\([_A-Za-z][_A-Za-z0-9]*\)$/\1 \2 \2/p' | /usr/bin/sed '/ __gnu_lto/d' > conftest.nm
configure:7541: gcc -m64 -o conftest -pipe -std=gnu17 -fcommon -Wno-error=implicit-function-declaration -Wno-error=implicit-int -Wno-error=int-conversion -Wno-error=incompatible-pointer-types -Wno-error=return-mismatch -Wno-error=discarded-qualifiers -Wno-error=attributes -Wno-error=format-overflow -Wno-error=stringop-overflow -Wno-error=stringop-truncation -Wno-error=array-bounds -Wno-error=maybe-uninitialized -Wno-error=use-after-free -O2  -I/home/developer/subochain/SuboChain/depends/x86_64-pc-linux-gnu/share/../include/  -L/home/developer/subochain/SuboChain/depends/x86_64-pc-linux-gnu/share/../lib  conftest.c conftstm.o >&5
configure:7544: $? = 0
configure:7583: result: ok
configure:7630: checking for sysroot
configure:7664: result: no
configure:7671: checking for a working dd
configure:7716: result: /usr/bin/dd
configure:7720: checking how to truncate binary pipes
configure:7737: result: /usr/bin/dd bs=4096 count=1
configure:7874: gcc -m64 -c -pipe -std=gnu17 -fcommon -Wno-error=implicit-function-declaration -Wno-error=implicit-int -Wno-error=int-conversion -Wno-error=incompatible-pointer-types -Wno-error=return-mismatch -Wno-error=discarded-qualifiers -Wno-error=attributes -Wno-error=format-overflow -Wno-error=stringop-overflow -Wno-error=stringop-truncation -Wno-error=array-bounds -Wno-error=maybe-uninitialized -Wno-error=use-after-free -O2  -I/home/developer/subochain/SuboChain/depends/x86_64-pc-linux-gnu/share/../include/  conftest.c >&5
configure:7877: $? = 0
configure:8031: checking for x86_64-pc-linux-gnu-mt
configure:8067: result: no
configure:8077: checking for mt
configure:8098: found /usr/bin/mt
configure:8110: result: mt
configure:8133: checking if mt is a manifest tool
configure:8140: mt '-?'
configure:8149: result: no
configure:8946: checking for stdio.h
configure:8946: gcc -m64 -c -pipe -std=gnu17 -fcommon -Wno-error=implicit-function-declaration -Wno-error=implicit-int -Wno-error=int-conversion -Wno-error=incompatible-pointer-types -Wno-error=return-mismatch -Wno-error=discarded-qualifiers -Wno-error=attributes -Wno-error=format-overflow -Wno-error=stringop-overflow -Wno-error=stringop-truncation -Wno-error=array-bounds -Wno-error=maybe-uninitialized -Wno-error=use-after-free -O2  -I/home/developer/subochain/SuboChain/depends/x86_64-pc-linux-gnu/share/../include/  conftest.c >&5
configure:8946: $? = 0
configure:8946: result: yes
configure:8946: checking for stdlib.h
configure:8946: gcc -m64 -c -pipe -std=gnu17 -fcommon -Wno-error=implicit-function-declaration -Wno-error=implicit-int -Wno-error=int-conversion -Wno-error=incompatible-pointer-types -Wno-error=return-mismatch -Wno-error=discarded-qualifiers -Wno-error=attributes -Wno-error=format-overflow -Wno-error=stringop-overflow -Wno-error=stringop-truncation -Wno-error=array-bounds -Wno-error=maybe-uninitialized -Wno-error=use-after-free -O2  -I/home/developer/subochain/SuboChain/depends/x86_64-pc-linux-gnu/share/../include/  conftest.c >&5
configure:8946: $? = 0
configure:8946: result: yes
configure:8946: checking for string.h
configure:8946: gcc -m64 -c -pipe -std=gnu17 -fcommon -Wno-error=implicit-function-declaration -Wno-error=implicit-int -Wno-error=int-conversion -Wno-error=incompatible-pointer-types -Wno-error=return-mismatch -Wno-error=discarded-qualifiers -Wno-error=attributes -Wno-error=format-overflow -Wno-error=stringop-overflow -Wno-error=stringop-truncation -Wno-error=array-bounds -Wno-error=maybe-uninitialized -Wno-error=use-after-free -O2  -I/home/developer/subochain/SuboChain/depends/x86_64-pc-linux-gnu/share/../include/  conftest.c >&5
configure:8946: $? = 0
configure:8946: result: yes
configure:8946: checking for inttypes.h
configure:8946: gcc -m64 -c -pipe -std=gnu17 -fcommon -Wno-error=implicit-function-declaration -Wno-error=implicit-int -Wno-error=int-conversion -Wno-error=incompatible-pointer-types -Wno-error=return-mismatch -Wno-error=discarded-qualifiers -Wno-error=attributes -Wno-error=format-overflow -Wno-error=stringop-overflow -Wno-error=stringop-truncation -Wno-error=array-bounds -Wno-error=maybe-uninitialized -Wno-error=use-after-free -O2  -I/home/developer/subochain/SuboChain/depends/x86_64-pc-linux-gnu/share/../include/  conftest.c >&5
configure:8946: $? = 0
configure:8946: result: yes
configure:8946: checking for stdint.h
configure:8946: gcc -m64 -c -pipe -std=gnu17 -fcommon -Wno-error=implicit-function-declaration -Wno-error=implicit-int -Wno-error=int-conversion -Wno-error=incompatible-pointer-types -Wno-error=return-mismatch -Wno-error=discarded-qualifiers -Wno-error=attributes -Wno-error=format-overflow -Wno-error=stringop-overflow -Wno-error=stringop-truncation -Wno-error=array-bounds -Wno-error=maybe-uninitialized -Wno-error=use-after-free -O2  -I/home/developer/subochain/SuboChain/depends/x86_64-pc-linux-gnu/share/../include/  conftest.c >&5
configure:8946: $? = 0
configure:8946: result: yes
configure:8946: checking for strings.h
configure:8946: gcc -m64 -c -pipe -std=gnu17 -fcommon -Wno-error=implicit-function-declaration -Wno-error=implicit-int -Wno-error=int-conversion -Wno-error=incompatible-pointer-types -Wno-error=return-mismatch -Wno-error=discarded-qualifiers -Wno-error=attributes -Wno-error=format-overflow -Wno-error=stringop-overflow -Wno-error=stringop-truncation -Wno-error=array-bounds -Wno-error=maybe-uninitialized -Wno-error=use-after-free -O2  -I/home/developer/subochain/SuboChain/depends/x86_64-pc-linux-gnu/share/../include/  conftest.c >&5
configure:8946: $? = 0
configure:8946: result: yes
configure:8946: checking for sys/stat.h
configure:8946: gcc -m64 -c -pipe -std=gnu17 -fcommon -Wno-error=implicit-function-declaration -Wno-error=implicit-int -Wno-error=int-conversion -Wno-error=incompatible-pointer-types -Wno-error=return-mismatch -Wno-error=discarded-qualifiers -Wno-error=attributes -Wno-error=format-overflow -Wno-error=stringop-overflow -Wno-error=stringop-truncation -Wno-error=array-bounds -Wno-error=maybe-uninitialized -Wno-error=use-after-free -O2  -I/home/developer/subochain/SuboChain/depends/x86_64-pc-linux-gnu/share/../include/  conftest.c >&5
configure:8946: $? = 0
configure:8946: result: yes
configure:8946: checking for sys/types.h
configure:8946: gcc -m64 -c -pipe -std=gnu17 -fcommon -Wno-error=implicit-function-declaration -Wno-error=implicit-int -Wno-error=int-conversion -Wno-error=incompatible-pointer-types -Wno-error=return-mismatch -Wno-error=discarded-qualifiers -Wno-error=attributes -Wno-error=format-overflow -Wno-error=stringop-overflow -Wno-error=stringop-truncation -Wno-error=array-bounds -Wno-error=maybe-uninitialized -Wno-error=use-after-free -O2  -I/home/developer/subochain/SuboChain/depends/x86_64-pc-linux-gnu/share/../include/  conftest.c >&5
configure:8946: $? = 0
configure:8946: result: yes
configure:8946: checking for unistd.h
configure:8946: gcc -m64 -c -pipe -std=gnu17 -fcommon -Wno-error=implicit-function-declaration -Wno-error=implicit-int -Wno-error=int-conversion -Wno-error=incompatible-pointer-types -Wno-error=return-mismatch -Wno-error=discarded-qualifiers -Wno-error=attributes -Wno-error=format-overflow -Wno-error=stringop-overflow -Wno-error=stringop-truncation -Wno-error=array-bounds -Wno-error=maybe-uninitialized -Wno-error=use-after-free -O2  -I/home/developer/subochain/SuboChain/depends/x86_64-pc-linux-gnu/share/../include/  conftest.c >&5
configure:8946: $? = 0
configure:8946: result: yes
configure:8971: checking for dlfcn.h
configure:8971: gcc -m64 -c -pipe -std=gnu17 -fcommon -Wno-error=implicit-function-declaration -Wno-error=implicit-int -Wno-error=int-conversion -Wno-error=incompatible-pointer-types -Wno-error=return-mismatch -Wno-error=discarded-qualifiers -Wno-error=attributes -Wno-error=format-overflow -Wno-error=stringop-overflow -Wno-error=stringop-truncation -Wno-error=array-bounds -Wno-error=maybe-uninitialized -Wno-error=use-after-free -O2  -I/home/developer/subochain/SuboChain/depends/x86_64-pc-linux-gnu/share/../include/  conftest.c >&5
configure:8971: $? = 0
configure:8971: result: yes
configure:9274: checking for objdir
configure:9291: result: .libs
configure:9557: checking if gcc -m64 supports -fno-rtti -fno-exceptions
configure:9576: gcc -m64 -c -pipe -std=gnu17 -fcommon -Wno-error=implicit-function-declaration -Wno-error=implicit-int -Wno-error=int-conversion -Wno-error=incompatible-pointer-types -Wno-error=return-mismatch -Wno-error=discarded-qualifiers -Wno-error=attributes -Wno-error=format-overflow -Wno-error=stringop-overflow -Wno-error=stringop-truncation -Wno-error=array-bounds -Wno-error=maybe-uninitialized -Wno-error=use-after-free -O2  -I/home/developer/subochain/SuboChain/depends/x86_64-pc-linux-gnu/share/../include/  -fno-rtti -fno-exceptions conftest.c >&5
cc1: warning: command-line option '-fno-rtti' is valid for C++/D/ObjC++ but not for C
configure:9580: $? = 0
configure:9594: result: no
configure:9973: checking for gcc -m64 option to produce PIC
configure:9982: result: -fPIC -DPIC
configure:9990: checking if gcc -m64 PIC flag -fPIC -DPIC works
configure:10009: gcc -m64 -c -pipe -std=gnu17 -fcommon -Wno-error=implicit-function-declaration -Wno-error=implicit-int -Wno-error=int-conversion -Wno-error=incompatible-pointer-types -Wno-error=return-mismatch -Wno-error=discarded-qualifiers -Wno-error=attributes -Wno-error=format-overflow -Wno-error=stringop-overflow -Wno-error=stringop-truncation -Wno-error=array-bounds -Wno-error=maybe-uninitialized -Wno-error=use-after-free -O2  -I/home/developer/subochain/SuboChain/depends/x86_64-pc-linux-gnu/share/../include/  -fPIC -DPIC -DPIC conftest.c >&5
configure:10013: $? = 0
configure:10027: result: yes
configure:10056: checking if gcc -m64 static flag -static works
configure:10086: result: yes
configure:10101: checking if gcc -m64 supports -c -o file.o
configure:10123: gcc -m64 -c -pipe -std=gnu17 -fcommon -Wno-error=implicit-function-declaration -Wno-error=implicit-int -Wno-error=int-conversion -Wno-error=incompatible-pointer-types -Wno-error=return-mismatch -Wno-error=discarded-qualifiers -Wno-error=attributes -Wno-error=format-overflow -Wno-error=stringop-overflow -Wno-error=stringop-truncation -Wno-error=array-bounds -Wno-error=maybe-uninitialized -Wno-error=use-after-free -O2  -I/home/developer/subochain/SuboChain/depends/x86_64-pc-linux-gnu/share/../include/  -o out/conftest2.o conftest.c >&5
configure:10127: $? = 0
configure:10150: result: yes
configure:10158: checking if gcc -m64 supports -c -o file.o
configure:10207: result: yes
configure:10240: checking whether the gcc -m64 linker (/usr/bin/x86_64-linux-gnu-ld -m elf_x86_64) supports shared libraries
configure:11528: result: yes
configure:11770: checking dynamic linker characteristics
configure:12389: gcc -m64 -o conftest -pipe -std=gnu17 -fcommon -Wno-error=implicit-function-declaration -Wno-error=implicit-int -Wno-error=int-conversion -Wno-error=incompatible-pointer-types -Wno-error=return-mismatch -Wno-error=discarded-qualifiers -Wno-error=attributes -Wno-error=format-overflow -Wno-error=stringop-overflow -Wno-error=stringop-truncation -Wno-error=array-bounds -Wno-error=maybe-uninitialized -Wno-error=use-after-free -O2  -I/home/developer/subochain/SuboChain/depends/x86_64-pc-linux-gnu/share/../include/  -L/home/developer/subochain/SuboChain/depends/x86_64-pc-linux-gnu/share/../lib  -Wl,-rpath -Wl,/foo conftest.c  >&5
configure:12389: $? = 0
configure:13172: result: GNU/Linux ld.so
configure:13294: checking how to hardcode library paths into programs
configure:13319: result: immediate
configure:13919: checking whether stripping libraries is possible
configure:13928: result: yes
configure:13970: checking if libtool supports shared libraries
configure:13972: result: yes
configure:13975: checking whether to build shared libraries
configure:14000: result: no
configure:14003: checking whether to build static libraries
configure:14007: result: yes
configure:14174: checking for C++ compiler version
configure:14183: g++ -m64 --version >&5
g++ (Ubuntu 15.2.0-16ubuntu1) 15.2.0
Copyright (C) 2025 Free Software Foundation, Inc.
This is free software; see the source for copying conditions.  There is NO
warranty; not even for MERCHANTABILITY or FITNESS FOR A PARTICULAR PURPOSE.

configure:14194: $? = 0
configure:14183: g++ -m64 -v >&5
Using built-in specs.
COLLECT_GCC=g++
COLLECT_LTO_WRAPPER=/usr/libexec/gcc/x86_64-linux-gnu/15/lto-wrapper
OFFLOAD_TARGET_NAMES=nvptx-none:amdgcn-amdhsa
OFFLOAD_TARGET_DEFAULT=1
Target: x86_64-linux-gnu
Configured with: ../src/configure -v --with-pkgversion='Ubuntu 15.2.0-16ubuntu1' --with-bugurl=file:///usr/share/doc/gcc-15/README.Bugs --enable-languages=c,ada,c++,go,d,fortran,objc,obj-c++,m2,rust,cobol,algol68 --prefix=/usr --with-gcc-major-version-only --program-suffix=-15 --program-prefix=x86_64-linux-gnu- --enable-shared --enable-linker-build-id --libexecdir=/usr/libexec --without-included-gettext --enable-threads=posix --libdir=/usr/lib --enable-nls --enable-bootstrap --enable-clocale=gnu --enable-libstdcxx-debug --enable-libstdcxx-time=yes --with-default-libstdcxx-abi=new --enable-libstdcxx-backtrace --enable-gnu-unique-object --disable-vtable-verify --enable-plugin --enable-default-pie --with-system-zlib --enable-libphobos-checking=release --with-target-system-zlib=auto --enable-objc-gc=auto --enable-multiarch --disable-werror --enable-cet --with-arch-32=i686 --with-abi=m64 --with-multilib-list=m32,m64,mx32 --enable-multilib --with-tune=generic --enable-offload-targets=nvptx-none=/build/gcc-15-j35TAX/gcc-15-15.2.0/debian/tmp-nvptx/usr,amdgcn-amdhsa=/build/gcc-15-j35TAX/gcc-15-15.2.0/debian/tmp-gcn/usr --enable-offload-defaulted --without-cuda-driver --enable-checking=release --build=x86_64-linux-gnu --host=x86_64-linux-gnu --target=x86_64-linux-gnu --with-build-config=bootstrap-lto-lean --enable-link-serialization=2
Thread model: posix
Supported LTO compression algorithms: zlib zstd
gcc version 15.2.0 (Ubuntu 15.2.0-16ubuntu1) 
... rest of stderr output deleted ...
configure:14194: $? = 0
configure:14183: g++ -m64 -V >&5
g++: error: unrecognized command-line option '-V'
g++: fatal error: no input files
compilation terminated.
configure:14194: $? = 1
configure:14183: g++ -m64 -qversion >&5
g++: error: unrecognized command-line option '-qversion'; did you mean '--version'?
g++: fatal error: no input files
compilation terminated.
configure:14194: $? = 1
configure:14198: checking whether the compiler supports GNU C++
configure:14218: g++ -m64 -c -pipe -std=gnu17 -fcommon -Wno-error=implicit-function-declaration -Wno-error=implicit-int -Wno-error=int-conversion -Wno-error=incompatible-pointer-types -Wno-error=return-mismatch -Wno-error=discarded-qualifiers -Wno-error=attributes -Wno-error=format-overflow -Wno-error=stringop-overflow -Wno-error=stringop-truncation -Wno-error=array-bounds -Wno-error=maybe-uninitialized -Wno-error=use-after-free -static-libstdc++ -fpermissive -O2  -I/home/developer/subochain/SuboChain/depends/x86_64-pc-linux-gnu/share/../include/  conftest.cpp >&5
cc1plus: warning: command-line option '-std=gnu17' is valid for C/ObjC but not for C++
configure:14218: $? = 0
configure:14230: result: yes
configure:14241: checking whether g++ -m64 accepts -g
configure:14262: g++ -m64 -c -g -I/home/developer/subochain/SuboChain/depends/x86_64-pc-linux-gnu/share/../include/  conftest.cpp >&5
configure:14262: $? = 0
configure:14309: result: yes
configure:14329: checking for g++ -m64 option to enable C++11 features
configure:14344: g++ -m64  -c -pipe -std=gnu17 -fcommon -Wno-error=implicit-function-declaration -Wno-error=implicit-int -Wno-error=int-conversion -Wno-error=incompatible-pointer-types -Wno-error=return-mismatch -Wno-error=discarded-qualifiers -Wno-error=attributes -Wno-error=format-overflow -Wno-error=stringop-overflow -Wno-error=stringop-truncation -Wno-error=array-bounds -Wno-error=maybe-uninitialized -Wno-error=use-after-free -static-libstdc++ -fpermissive -O2  -I/home/developer/subochain/SuboChain/depends/x86_64-pc-linux-gnu/share/../include/  conftest.cpp >&5
cc1plus: warning: command-line option '-std=gnu17' is valid for C/ObjC but not for C++
conftest.cpp: In function 'int main(int, char**)':
conftest.cpp:189:25: warning: empty parentheses were disambiguated as a function declaration [-Wvexing-parse]
  189 |   cxx11test::delegate d2();
      |                         ^~
conftest.cpp:189:25: note: remove parentheses to default-initialize a variable
  189 |   cxx11test::delegate d2();
      |                         ^~
      |                         --
conftest.cpp:189:25: note: or replace parentheses with braces to value-initialize a variable
configure:14344: $? = 0
configure:14363: result: none needed
configure:14434: checking dependency style of g++ -m64
configure:14547: result: gcc3
configure:14581: checking how to run the C++ preprocessor
configure:14603: g++ -m64 -E -I/home/developer/subochain/SuboChain/depends/x86_64-pc-linux-gnu/share/../include/  conftest.cpp
configure:14603: $? = 0
configure:14619: g++ -m64 -E -I/home/developer/subochain/SuboChain/depends/x86_64-pc-linux-gnu/share/../include/  conftest.cpp
conftest.cpp:23:10: fatal error: ac_nonexistent.h: No such file or directory
   23 | #include <ac_nonexistent.h>
      |          ^~~~~~~~~~~~~~~~~~
compilation terminated.
configure:14619: $? = 1
configure: failed program was:
| /* confdefs.h */
| #define PACKAGE_NAME "univalue"
| #define PACKAGE_TARNAME "univalue"
| #define PACKAGE_VERSION "1.0.1"
| #define PACKAGE_STRING "univalue 1.0.1"
| #define PACKAGE_BUGREPORT "http://github.com/jgarzik/univalue/"
| #define PACKAGE_URL ""
| #define PACKAGE "univalue"
| #define VERSION "1.0.1"
| #define HAVE_STDIO_H 1
| #define HAVE_STDLIB_H 1
| #define HAVE_STRING_H 1
| #define HAVE_INTTYPES_H 1
| #define HAVE_STDINT_H 1
| #define HAVE_STRINGS_H 1
| #define HAVE_SYS_STAT_H 1
| #define HAVE_SYS_TYPES_H 1
| #define HAVE_UNISTD_H 1
| #define STDC_HEADERS 1
| #define HAVE_DLFCN_H 1
| #define LT_OBJDIR ".libs/"
| /* end confdefs.h.  */
| #include <ac_nonexistent.h>
configure:14648: result: g++ -m64 -E
configure:14662: g++ -m64 -E -I/home/developer/subochain/SuboChain/depends/x86_64-pc-linux-gnu/share/../include/  conftest.cpp
configure:14662: $? = 0
configure:14678: g++ -m64 -E -I/home/developer/subochain/SuboChain/depends/x86_64-pc-linux-gnu/share/../include/  conftest.cpp
conftest.cpp:23:10: fatal error: ac_nonexistent.h: No such file or directory
   23 | #include <ac_nonexistent.h>
      |          ^~~~~~~~~~~~~~~~~~
compilation terminated.
configure:14678: $? = 1
configure: failed program was:
| /* confdefs.h */
| #define PACKAGE_NAME "univalue"
| #define PACKAGE_TARNAME "univalue"
| #define PACKAGE_VERSION "1.0.1"
| #define PACKAGE_STRING "univalue 1.0.1"
| #define PACKAGE_BUGREPORT "http://github.com/jgarzik/univalue/"
| #define PACKAGE_URL ""
| #define PACKAGE "univalue"
| #define VERSION "1.0.1"
| #define HAVE_STDIO_H 1
| #define HAVE_STDLIB_H 1
| #define HAVE_STRING_H 1
| #define HAVE_INTTYPES_H 1
| #define HAVE_STDINT_H 1
| #define HAVE_STRINGS_H 1
| #define HAVE_SYS_STAT_H 1
| #define HAVE_SYS_TYPES_H 1
| #define HAVE_UNISTD_H 1
| #define STDC_HEADERS 1
| #define HAVE_DLFCN_H 1
| #define LT_OBJDIR ".libs/"
| /* end confdefs.h.  */
| #include <ac_nonexistent.h>
configure:14846: checking for ld used by g++ -m64
configure:14915: result: /usr/bin/x86_64-linux-gnu-ld -m elf_x86_64
configure:14922: checking if the linker (/usr/bin/x86_64-linux-gnu-ld -m elf_x86_64) is GNU ld
configure:14939: result: yes
configure:14993: checking whether the g++ -m64 linker (/usr/bin/x86_64-linux-gnu-ld -m elf_x86_64) supports shared libraries
configure:16081: result: yes
configure:16117: g++ -m64 -c -pipe -std=gnu17 -fcommon -Wno-error=implicit-function-declaration -Wno-error=implicit-int -Wno-error=int-conversion -Wno-error=incompatible-pointer-types -Wno-error=return-mismatch -Wno-error=discarded-qualifiers -Wno-error=attributes -Wno-error=format-overflow -Wno-error=stringop-overflow -Wno-error=stringop-truncation -Wno-error=array-bounds -Wno-error=maybe-uninitialized -Wno-error=use-after-free -static-libstdc++ -fpermissive -O2  -I/home/developer/subochain/SuboChain/depends/x86_64-pc-linux-gnu/share/../include/  conftest.cpp >&5
cc1plus: warning: command-line option '-std=gnu17' is valid for C/ObjC but not for C++
configure:16120: $? = 0
configure:16606: checking for g++ -m64 option to produce PIC
configure:16615: result: -fPIC -DPIC
configure:16623: checking if g++ -m64 PIC flag -fPIC -DPIC works
configure:16642: g++ -m64 -c -pipe -std=gnu17 -fcommon -Wno-error=implicit-function-declaration -Wno-error=implicit-int -Wno-error=int-conversion -Wno-error=incompatible-pointer-types -Wno-error=return-mismatch -Wno-error=discarded-qualifiers -Wno-error=attributes -Wno-error=format-overflow -Wno-error=stringop-overflow -Wno-error=stringop-truncation -Wno-error=array-bounds -Wno-error=maybe-uninitialized -Wno-error=use-after-free -static-libstdc++ -fpermissive -O2  -I/home/developer/subochain/SuboChain/depends/x86_64-pc-linux-gnu/share/../include/  -fPIC -DPIC -DPIC conftest.cpp >&5
cc1plus: warning: command-line option '-std=gnu17' is valid for C/ObjC but not for C++
configure:16646: $? = 0
configure:16660: result: yes
configure:16683: checking if g++ -m64 static flag -static works
cc1plus: warning: command-line option '-std=gnu17' is valid for C/ObjC but not for C++
configure:16713: result: yes
configure:16725: checking if g++ -m64 supports -c -o file.o
configure:16747: g++ -m64 -c -pipe -std=gnu17 -fcommon -Wno-error=implicit-function-declaration -Wno-error=implicit-int -Wno-error=int-conversion -Wno-error=incompatible-pointer-types -Wno-error=return-mismatch -Wno-error=discarded-qualifiers -Wno-error=attributes -Wno-error=format-overflow -Wno-error=stringop-overflow -Wno-error=stringop-truncation -Wno-error=array-bounds -Wno-error=maybe-uninitialized -Wno-error=use-after-free -static-libstdc++ -fpermissive -O2  -I/home/developer/subochain/SuboChain/depends/x86_64-pc-linux-gnu/share/../include/  -o out/conftest2.o conftest.cpp >&5
cc1plus: warning: command-line option '-std=gnu17' is valid for C/ObjC but not for C++
configure:16751: $? = 0
configure:16774: result: yes
configure:16779: checking if g++ -m64 supports -c -o file.o
configure:16828: result: yes
configure:16858: checking whether the g++ -m64 linker (/usr/bin/x86_64-linux-gnu-ld -m elf_x86_64) supports shared libraries
configure:16901: result: yes
configure:17044: checking dynamic linker characteristics
configure:18350: result: GNU/Linux ld.so
configure:18415: checking how to hardcode library paths into programs
configure:18440: result: immediate
configure:18620: checking that generated files are newer than configure
configure:18626: result: done
configure:18653: creating ./config.status

## ---------------------- ##
## Running config.status. ##
## ---------------------- ##

This file was extended by univalue config.status 1.0.1, which was
generated by GNU Autoconf 2.72.  Invocation command line was

  CONFIG_FILES    = 
  CONFIG_HEADERS  = 
  CONFIG_LINKS    = 
  CONFIG_COMMANDS = 
  $ ./config.status 

on developer-X99

config.status:1161: creating Makefile
config.status:1161: creating pc/libunivalue.pc
config.status:1161: creating pc/libunivalue-uninstalled.pc
config.status:1161: creating univalue-config.h
config.status:1327: univalue-config.h is unchanged
config.status:1375: executing depfiles commands
config.status:1450: cd .       && sed -e '/# am--include-marker/d' Makefile         | make -f - am--depfiles
make: Nothing to be done for 'am--depfiles'.
config.status:1457: $? = 0
config.status:1375: executing libtool commands

## ---------------- ##
## Cache variables. ##
## ---------------- ##

ac_cv_build=x86_64-pc-linux-gnu
ac_cv_c_compiler_gnu=yes
ac_cv_cxx_compiler_gnu=yes
ac_cv_env_CCC_set=
ac_cv_env_CCC_value=
ac_cv_env_CC_set=
ac_cv_env_CC_value=
ac_cv_env_CFLAGS_set=
ac_cv_env_CFLAGS_value=
ac_cv_env_CPPFLAGS_set=
ac_cv_env_CPPFLAGS_value=
ac_cv_env_CXXCPP_set=
ac_cv_env_CXXCPP_value=
ac_cv_env_CXXFLAGS_set=
ac_cv_env_CXXFLAGS_value=
ac_cv_env_CXX_set=
ac_cv_env_CXX_value=
ac_cv_env_LDFLAGS_set=
ac_cv_env_LDFLAGS_value=
ac_cv_env_LIBS_set=
ac_cv_env_LIBS_value=
ac_cv_env_LT_SYS_LIBRARY_PATH_set=
ac_cv_env_LT_SYS_LIBRARY_PATH_value=
ac_cv_env_build_alias_set=
ac_cv_env_build_alias_value=
ac_cv_env_host_alias_set=
ac_cv_env_host_alias_value=
ac_cv_env_target_alias_set=
ac_cv_env_target_alias_value=
ac_cv_header_dlfcn_h=yes
ac_cv_header_inttypes_h=yes
ac_cv_header_stdint_h=yes
ac_cv_header_stdio_h=yes
ac_cv_header_stdlib_h=yes
ac_cv_header_string_h=yes
ac_cv_header_strings_h=yes
ac_cv_header_sys_stat_h=yes
ac_cv_header_sys_types_h=yes
ac_cv_header_unistd_h=yes
ac_cv_host=x86_64-pc-linux-gnu
ac_cv_objext=o
ac_cv_path_EGREP='/usr/bin/grep -E'
ac_cv_path_EGREP_TRADITIONAL='/usr/bin/grep -E'
ac_cv_path_FGREP='/usr/bin/grep -F'
ac_cv_path_GREP=/usr/bin/grep
ac_cv_path_SED=/usr/bin/sed
ac_cv_path_ac_pt_AR=ar
ac_cv_path_ac_pt_NM=nm
ac_cv_path_ac_pt_RANLIB=ranlib
ac_cv_path_install='/usr/bin/install -c'
ac_cv_path_lt_DD=/usr/bin/dd
ac_cv_path_mkdir=/usr/bin/mkdir
ac_cv_prog_AR=ar
ac_cv_prog_AWK=mawk
ac_cv_prog_CC='gcc -m64'
ac_cv_prog_CXXCPP='g++ -m64 -E'
ac_cv_prog_FILECMD=file
ac_cv_prog_RANLIB=ranlib
ac_cv_prog_STRIP=strip
ac_cv_prog_ac_ct_MANIFEST_TOOL=mt
ac_cv_prog_ac_ct_OBJDUMP=objdump
ac_cv_prog_ac_ct_STRIP=strip
ac_cv_prog_cc_c11=
ac_cv_prog_cc_g=yes
ac_cv_prog_cc_stdc=
ac_cv_prog_cxx_cxx11=
ac_cv_prog_cxx_g=yes
ac_cv_prog_cxx_stdcxx=
ac_cv_prog_make_make_set=yes
am_cv_CC_dependencies_compiler_type=gcc3
am_cv_CXX_dependencies_compiler_type=gcc3
am_cv_filesystem_timestamp_resolution=0.01
am_cv_make_support_nested_variables=yes
am_cv_prog_cc_c_o=yes
am_cv_prog_tar_ustar=gnutar
am_cv_sleep_fractional_seconds=yes
am_cv_xargs_n_works=yes
lt_cv_ar_at_file=@
lt_cv_deplibs_check_method=pass_all
lt_cv_file_magic_cmd='$MAGIC_CMD'
lt_cv_file_magic_test_file=
lt_cv_ld_reload_flag=-r
lt_cv_nm_interface='BSD nm'
lt_cv_objdir=.libs
lt_cv_path_LD=/usr/bin/x86_64-linux-gnu-ld
lt_cv_path_LDCXX='/usr/bin/x86_64-linux-gnu-ld -m elf_x86_64'
lt_cv_path_NM=nm
lt_cv_path_manifest_tool=no
lt_cv_prog_compiler_c_o=yes
lt_cv_prog_compiler_c_o_CXX=yes
lt_cv_prog_compiler_pic='-fPIC -DPIC'
lt_cv_prog_compiler_pic_CXX='-fPIC -DPIC'
lt_cv_prog_compiler_pic_works=yes
lt_cv_prog_compiler_pic_works_CXX=yes
lt_cv_prog_compiler_rtti_exceptions=no
lt_cv_prog_compiler_static_works=yes
lt_cv_prog_compiler_static_works_CXX=yes
lt_cv_prog_gnu_ld=yes
lt_cv_prog_gnu_ldcxx=yes
lt_cv_sharedlib_from_linklib_cmd='printf %s\n'
lt_cv_shlibpath_overrides_runpath=yes
lt_cv_sys_global_symbol_pipe='/usr/bin/sed -n -e '\''s/^.*[	 ]\([ABCDGIRSTW][ABCDGIRSTW]*\)[	 ][	 ]*\([_A-Za-z][_A-Za-z0-9]*\)$/\1 \2 \2/p'\'' | /usr/bin/sed '\''/ __gnu_lto/d'\'''
lt_cv_sys_global_symbol_to_c_name_address='/usr/bin/sed -n -e '\''s/^: \(.*\) .*$/  {"\1", (void *) 0},/p'\'' -e '\''s/^[ABCDGIRSTW][ABCDGIRSTW]* .* \(.*\)$/  {"\1", (void *) \&\1},/p'\'''
lt_cv_sys_global_symbol_to_c_name_address_lib_prefix='/usr/bin/sed -n -e '\''s/^: \(.*\) .*$/  {"\1", (void *) 0},/p'\'' -e '\''s/^[ABCDGIRSTW][ABCDGIRSTW]* .* \(lib.*\)$/  {"\1", (void *) \&\1},/p'\'' -e '\''s/^[ABCDGIRSTW][ABCDGIRSTW]* .* \(.*\)$/  {"lib\1", (void *) \&\1},/p'\'''
lt_cv_sys_global_symbol_to_cdecl='/usr/bin/sed -n -e '\''s/^T .* \(.*\)$/extern int \1();/p'\'' -e '\''s/^[ABCDGIRSTW][ABCDGIRSTW]* .* \(.*\)$/extern char \1;/p'\'''
lt_cv_sys_global_symbol_to_import=
lt_cv_sys_max_cmd_len=1572864
lt_cv_to_host_file_cmd=func_convert_file_noop
lt_cv_to_tool_file_cmd=func_convert_file_noop
lt_cv_truncate_bin='/usr/bin/dd bs=4096 count=1'

## ----------------- ##
## Output variables. ##
## ----------------- ##

ACLOCAL='${SHELL} '\''/home/developer/subochain/SuboChain/src/univalue/build-aux/missing'\'' aclocal-1.18'
AMDEPBACKSLASH='\'
AMDEP_FALSE='#'
AMDEP_TRUE=''
AMTAR='$${TAR-tar}'
AM_BACKSLASH='\'
AM_DEFAULT_V='$(AM_DEFAULT_VERBOSITY)'
AM_DEFAULT_VERBOSITY='0'
AM_V='$(V)'
AR='ar'
AUTOCONF='${SHELL} '\''/home/developer/subochain/SuboChain/src/univalue/build-aux/missing'\'' autoconf'
AUTOHEADER='${SHELL} '\''/home/developer/subochain/SuboChain/src/univalue/build-aux/missing'\'' autoheader'
AUTOMAKE='${SHELL} '\''/home/developer/subochain/SuboChain/src/univalue/build-aux/missing'\'' automake-1.18'
AWK='mawk'
BUILD_EXEEXT=''
CC='gcc -m64'
CCDEPMODE='depmode=gcc3'
CFLAGS='-pipe -std=gnu17 -fcommon -Wno-error=implicit-function-declaration -Wno-error=implicit-int -Wno-error=int-conversion -Wno-error=incompatible-pointer-types -Wno-error=return-mismatch -Wno-error=discarded-qualifiers -Wno-error=attributes -Wno-error=format-overflow -Wno-error=stringop-overflow -Wno-error=stringop-truncation -Wno-error=array-bounds -Wno-error=maybe-uninitialized -Wno-error=use-after-free -O2 '
CPPFLAGS='-I/home/developer/subochain/SuboChain/depends/x86_64-pc-linux-gnu/share/../include/ '
CSCOPE='cscope'
CTAGS='ctags'
CXX='g++ -m64'
CXXCPP='g++ -m64 -E'
CXXDEPMODE='depmode=gcc3'
CXXFLAGS='-pipe -std=gnu17 -fcommon -Wno-error=implicit-function-declaration -Wno-error=implicit-int -Wno-error=int-conversion -Wno-error=incompatible-pointer-types -Wno-error=return-mismatch -Wno-error=discarded-qualifiers -Wno-error=attributes -Wno-error=format-overflow -Wno-error=stringop-overflow -Wno-error=stringop-truncation -Wno-error=array-bounds -Wno-error=maybe-uninitialized -Wno-error=use-after-free -static-libstdc++ -fpermissive -O2 '
CYGPATH_W='echo'
DEFS='-DHAVE_CONFIG_H'
DEPDIR='.deps'
DLLTOOL='false'
DSYMUTIL=''
DUMPBIN=''
ECHO_C=''
ECHO_N='-n'
ECHO_T=''
EGREP='/usr/bin/grep -E'
ETAGS='etags'
EXEEXT=''
FGREP='/usr/bin/grep -F'
FILECMD='file'
GREP='/usr/bin/grep'
INSTALL_DATA='${INSTALL} -m 644'
INSTALL_PROGRAM='${INSTALL}'
INSTALL_SCRIPT='${INSTALL}'
INSTALL_STRIP_PROGRAM='$(install_sh) -c -s'
LD='/usr/bin/x86_64-linux-gnu-ld -m elf_x86_64'
LDFLAGS='-L/home/developer/subochain/SuboChain/depends/x86_64-pc-linux-gnu/share/../lib '
LIBOBJS=''
LIBS=''
LIBTOOL='$(SHELL) $(top_builddir)/libtool'
LIBTOOL_APP_LDFLAGS=''
LIBUNIVALUE_AGE='100'
LIBUNIVALUE_CURRENT='100'
LIBUNIVALUE_REVISION='1'
LIPO=''
LN_S='ln -s'
LTLIBOBJS=''
LT_SYS_LIBRARY_PATH=''
MAKEINFO='${SHELL} '\''/home/developer/subochain/SuboChain/src/univalue/build-aux/missing'\'' makeinfo'
MANIFEST_TOOL=':'
MKDIR_P='/usr/bin/mkdir -p'
NM='nm'
NMEDIT=''
OBJDUMP='objdump'
OBJEXT='o'
OTOOL64=''
OTOOL=''
PACKAGE='univalue'
PACKAGE_BUGREPORT='http://github.com/jgarzik/univalue/'
PACKAGE_NAME='univalue'
PACKAGE_STRING='univalue 1.0.1'
PACKAGE_TARNAME='univalue'
PACKAGE_URL=''
PACKAGE_VERSION='1.0.1'
PATH_SEPARATOR=':'
RANLIB='ranlib'
SED='/usr/bin/sed'
SET_MAKE=''
SHELL='/bin/bash'
STRIP='strip'
VERSION='1.0.1'
ac_ct_AR=''
ac_ct_CC=''
ac_ct_CXX=''
ac_ct_DUMPBIN=''
am__EXEEXT_FALSE=''
am__EXEEXT_TRUE='#'
am__fastdepCC_FALSE='#'
am__fastdepCC_TRUE=''
am__fastdepCXX_FALSE='#'
am__fastdepCXX_TRUE=''
am__include='include'
am__isrc=' -I$(srcdir)'
am__leading_dot='.'
am__nodep='_no'
am__quote=''
am__rm_f_notfound=''
am__tar='tar --format=ustar -chf - "$$tardir"'
am__untar='tar -xf -'
am__xargs_n='xargs -n'
bindir='${exec_prefix}/bin'
build='x86_64-pc-linux-gnu'
build_alias=''
build_cpu='x86_64'
build_os='linux-gnu'
build_vendor='pc'
datadir='${datarootdir}'
datarootdir='${prefix}/share'
docdir='${datarootdir}/doc/${PACKAGE_TARNAME}'
dvidir='${docdir}'
exec_prefix='${prefix}'
host='x86_64-pc-linux-gnu'
host_alias='x86_64-pc-linux-gnu'
host_cpu='x86_64'
host_os='linux-gnu'
host_vendor='pc'
htmldir='${docdir}'
includedir='${prefix}/include'
infodir='${datarootdir}/info'
install_sh='${SHELL} /home/developer/subochain/SuboChain/src/univalue/build-aux/install-sh'
libdir='${exec_prefix}/lib'
libexecdir='${exec_prefix}/libexec'
localedir='${datarootdir}/locale'
localstatedir='${prefix}/var'
mandir='${datarootdir}/man'
mkdir_p='$(MKDIR_P)'
oldincludedir='/usr/include'
pdfdir='${docdir}'
prefix='/usr/local'
program_transform_name='s,x,x,'
psdir='${docdir}'
runstatedir='${localstatedir}/run'
sbindir='${exec_prefix}/sbin'
sharedstatedir='${prefix}/com'
sysconfdir='${prefix}/etc'
target_alias=''

## ----------- ##
## confdefs.h. ##
## ----------- ##

/* confdefs.h */
#define PACKAGE_NAME "univalue"
#define PACKAGE_TARNAME "univalue"
#define PACKAGE_VERSION "1.0.1"
#define PACKAGE_STRING "univalue 1.0.1"
#define PACKAGE_BUGREPORT "http://github.com/jgarzik/univalue/"
#define PACKAGE_URL ""
#define PACKAGE "univalue"
#define VERSION "1.0.1"
#define HAVE_STDIO_H 1
#define HAVE_STDLIB_H 1
#define HAVE_STRING_H 1
#define HAVE_INTTYPES_H 1
#define HAVE_STDINT_H 1
#define HAVE_STRINGS_H 1
#define HAVE_SYS_STAT_H 1
#define HAVE_SYS_TYPES_H 1
#define HAVE_UNISTD_H 1
#define STDC_HEADERS 1
#define HAVE_DLFCN_H 1
#define LT_OBJDIR ".libs/"

configure: exit 0
