This file contains any messages produced by compilers while
running configure, to aid debugging if configure makes a mistake.

It was created by univalue configure 1.0.1, which was
generated by GNU Autoconf 2.72.  Invocation command line was

  $ ./configure --disable-option-checking --prefix=/home/developer/subochain/SuboChain/depends/x86_64-apple-darwin11 --host=x86_64-apple-darwin11 host_alias=x86_64-apple-darwin11 --disable-shared --with-pic --with-bignum=no --enable-module-recovery --cache-file=/dev/null --srcdir=.

## --------- ##
## Platform. ##
## --------- ##

hostname = developer-X99
uname -m = x86_64
uname -r = 7.0.0-29-generic
uname -s = Linux
uname -v = #29-Ubuntu SMP PREEMPT_DYNAMIC Fri Jul 17 20:52:35 UTC 2026

/usr/bin/uname -p = unknown
/bin/uname -X     = unknown

/bin/arch              = x86_64
/usr/bin/arch -k       = unknown
/usr/convex/getsysinfo = unknown
/usr/bin/hostinfo      = unknown
/bin/machine           = unknown
/usr/bin/oslevel       = unknown
/bin/universe          = unknown

PATH: /home/developer/subochain/SuboChain/depends/x86_64-apple-darwin11/share/../native/bin/
PATH: /home/developer/.local/bin/
PATH: /home/developer/.mimocode/bin/
PATH: /home/developer/.grok/bin/
PATH: /usr/local/sbin/
PATH: /usr/local/bin/
PATH: /usr/sbin/
PATH: /usr/bin/
PATH: /sbin/
PATH: /bin/
PATH: /usr/games/
PATH: /usr/local/games/
PATH: /snap/bin/
PATH: /snap/bin/
PATH: /home/developer/.lmstudio/bin/
PATH: /home/developer/.lmstudio/bin/


## ----------- ##
## Core tests. ##
## ----------- ##

configure:2145: loading site script /home/developer/subochain/SuboChain/depends/x86_64-apple-darwin11/share/config.site
| depends_prefix="`dirname ${ac_site_file}`/.."
| 
| cross_compiling=maybe
| host_alias=x86_64-apple-darwin11
| ac_tool_prefix=${host_alias}-
| 
| if test -z $with_boost; then
|   with_boost=$depends_prefix
| fi
| if test -z $with_qt_plugindir; then
|   with_qt_plugindir=$depends_prefix/plugins
| fi
| if test -z $with_qt_translationdir; then
|   with_qt_translationdir=$depends_prefix/translations
| fi
| if test -z $with_qt_bindir; then
|   with_qt_bindir=$depends_prefix/native/bin
| fi
| if test -z $with_protoc_bindir; then
|   with_protoc_bindir=$depends_prefix/native/bin
| fi
| 
| 
| if test -z $enable_wallet && test -n ""; then
|   enable_wallet=no
| fi
| 
| if test -z $with_miniupnpc && test -n ""; then
|   with_miniupnpc=no
| fi
| 
| if test -z $with_gui && test -n ""; then
|   with_gui=no
| fi
| 
| if test xdarwin = xdarwin; then
|   BREW=no
|   PORT=no
| fi
| 
| if test xdarwin = xmingw32; then
|   if test -z $with_qt_incdir; then
|     with_qt_incdir=$depends_prefix/include
|   fi
|   if test -z $with_qt_libdir; then
|     with_qt_libdir=$depends_prefix/lib
|   fi
| fi
| 
| PATH=$depends_prefix/native/bin:$PATH
| PKG_CONFIG="`which pkg-config` --static"
| 
| # These two need to remain exported because pkg-config does not see them
| # otherwise. That means they must be unexported at the end of configure.ac to
| # avoid ruining the cache. Sigh.
| 
| export PKG_CONFIG_LIBDIR=$depends_prefix/lib/pkgconfig
| export PKG_CONFIG_PATH=$depends_prefix/share/pkgconfig
| 
| CPPFLAGS="-I$depends_prefix/include/ $CPPFLAGS"
| LDFLAGS="-L$depends_prefix/lib $LDFLAGS"
| 
| CC="/home/developer/subochain/SuboChain/depends/x86_64-apple-darwin11/native/bin/clang -target x86_64-apple-darwin11 -mmacosx-version-min=10.8 --sysroot /home/developer/subochain/SuboChain/depends/MacOSX10.11.sdk -mlinker-version=253.9"
| CXX="/home/developer/subochain/SuboChain/depends/x86_64-apple-darwin11/native/bin/clang++ -target x86_64-apple-darwin11 -mmacosx-version-min=10.8 --sysroot /home/developer/subochain/SuboChain/depends/MacOSX10.11.sdk -mlinker-version=253.9 -stdlib=libc++"
| OBJC="${CC}"
| CCACHE=$depends_prefix/native/bin/ccache
| PYTHONPATH=$depends_prefix/native/lib/python/dist-packages:$PYTHONPATH
| 
| if test -n "/home/developer/subochain/SuboChain/depends/x86_64-apple-darwin11/native/bin/x86_64-apple-darwin11-ar"; then
|   AR=/home/developer/subochain/SuboChain/depends/x86_64-apple-darwin11/native/bin/x86_64-apple-darwin11-ar
|   ac_cv_path_ac_pt_AR=${AR}
| fi
| 
| if test -n "/home/developer/subochain/SuboChain/depends/x86_64-apple-darwin11/native/bin/x86_64-apple-darwin11-ranlib"; then
|   RANLIB=/home/developer/subochain/SuboChain/depends/x86_64-apple-darwin11/native/bin/x86_64-apple-darwin11-ranlib
|   ac_cv_path_ac_pt_RANLIB=${RANLIB}
| fi
| 
| if test -n "/home/developer/subochain/SuboChain/depends/x86_64-apple-darwin11/native/bin/x86_64-apple-darwin11-nm"; then
|   NM=/home/developer/subochain/SuboChain/depends/x86_64-apple-darwin11/native/bin/x86_64-apple-darwin11-nm
|   ac_cv_path_ac_pt_NM=${NM}
| fi
| 
| if test -n ""; then
|   enable_reduce_exports=no
| fi
| 
| if test -n "-pipe -O2"; then
|   CFLAGS="-pipe -O2 $CFLAGS"
| fi
| if test -n "-pipe -O2"; then
|   CXXFLAGS="-pipe -O2 $CXXFLAGS"
| fi
| if test -n ""; then
|   CPPFLAGS=" $CPPFLAGS"
| fi
| if test -n ""; then
|   LDFLAGS=" $LDFLAGS"
| fi
configure:2737: looking for aux files: compile config.guess config.sub ltmain.sh missing install-sh
configure:2750:  trying ./build-aux/
configure:2779:   ./build-aux/compile found
configure:2779:   ./build-aux/config.guess found
configure:2779:   ./build-aux/config.sub found
configure:2779:   ./build-aux/ltmain.sh found
configure:2779:   ./build-aux/missing found
configure:2761:   ./build-aux/install-sh found
configure:2900: checking whether make supports nested variables
configure:2919: result: yes
configure:2952: checking for a BSD-compatible install
configure:3026: result: /usr/bin/install -c
configure:3037: checking whether sleep supports fractional seconds
configure:3053: result: yes
configure:3056: checking filesystem timestamp resolution
configure:3191: result: 0.01
configure:3196: checking whether build environment is sane
configure:3241: result: yes
configure:3307: checking for x86_64-apple-darwin11-strip
configure:3328: found /home/developer/subochain/SuboChain/depends/x86_64-apple-darwin11/share/../native/bin/x86_64-apple-darwin11-strip
configure:3340: result: x86_64-apple-darwin11-strip
configure:3412: checking for a race-free mkdir -p
configure:3455: result: /usr/bin/mkdir -p
configure:3462: checking for gawk
configure:3498: result: no
configure:3462: checking for mawk
configure:3483: found /usr/bin/mawk
configure:3495: result: mawk
configure:3506: checking whether make sets $(MAKE)
configure:3530: result: yes
configure:3558: checking xargs -n works
configure:3574: result: yes
configure:3659: checking whether UID '1000' is supported by ustar format
configure:3665: result: yes
configure:3672: checking whether GID '1000' is supported by ustar format
configure:3678: result: yes
configure:3686: checking how to create a ustar tar archive
configure:3697: tar --version
tar (GNU tar) 1.35
Copyright (C) 2023 Free Software Foundation, Inc.
License GPLv3+: GNU GPL version 3 or later <https://gnu.org/licenses/gpl.html>.
This is free software: you are free to change and redistribute it.
There is NO WARRANTY, to the extent permitted by law.

Written by John Gilmore and Jay Fenlason.
configure:3700: $? = 0
configure:3740: tardir=conftest.dir && eval tar --format=ustar -chf - "$tardir" >conftest.tar
configure:3743: $? = 0
configure:3747: tar -xf - <conftest.tar
configure:3750: $? = 0
configure:3752: cat conftest.dir/file
GrepMe
configure:3755: $? = 0
configure:3770: result: gnutar
configure:3844: checking build system type
configure:3860: result: x86_64-pc-linux-gnu
configure:3880: checking host system type
configure:3895: result: x86_64-apple-darwin11
configure:3936: checking how to print strings
configure:3963: result: printf
configure:3997: checking whether make supports the include directive
configure:4012: make -f confmf.GNU && cat confinc.out
this is the am__doit target
configure:4015: $? = 0
configure:4034: result: yes (GNU style)
configure:4065: checking for x86_64-apple-darwin11-gcc
configure:4098: result: /home/developer/subochain/SuboChain/depends/x86_64-apple-darwin11/native/bin/clang -target x86_64-apple-darwin11 -mmacosx-version-min=10.8 --sysroot /home/developer/subochain/SuboChain/depends/MacOSX10.11.sdk -mlinker-version=253.9
configure:4503: checking for C compiler version
configure:4512: /home/developer/subochain/SuboChain/depends/x86_64-apple-darwin11/native/bin/clang -target x86_64-apple-darwin11 -mmacosx-version-min=10.8 --sysroot /home/developer/subochain/SuboChain/depends/MacOSX10.11.sdk -mlinker-version=253.9 --version >&5
clang version 3.7.1 (tags/RELEASE_371/final)
Target: x86_64-apple-darwin11
Thread model: posix
configure:4523: $? = 0
configure:4512: /home/developer/subochain/SuboChain/depends/x86_64-apple-darwin11/native/bin/clang -target x86_64-apple-darwin11 -mmacosx-version-min=10.8 --sysroot /home/developer/subochain/SuboChain/depends/MacOSX10.11.sdk -mlinker-version=253.9 -v >&5
clang version 3.7.1 (tags/RELEASE_371/final)
Target: x86_64-apple-darwin11
Thread model: posix
clang: warning: argument unused during compilation: '-mmacosx-version-min=10.8'
clang: warning: argument unused during compilation: '-mlinker-version=253.9'
configure:4523: $? = 0
configure:4512: /home/developer/subochain/SuboChain/depends/x86_64-apple-darwin11/native/bin/clang -target x86_64-apple-darwin11 -mmacosx-version-min=10.8 --sysroot /home/developer/subochain/SuboChain/depends/MacOSX10.11.sdk -mlinker-version=253.9 -V >&5
clang: error: argument to '-V' is missing (expected 1 value)
clang: error: no input files
configure:4523: $? = 1
configure:4512: /home/developer/subochain/SuboChain/depends/x86_64-apple-darwin11/native/bin/clang -target x86_64-apple-darwin11 -mmacosx-version-min=10.8 --sysroot /home/developer/subochain/SuboChain/depends/MacOSX10.11.sdk -mlinker-version=253.9 -qversion >&5
clang: error: unknown argument: '-qversion'
clang: error: no input files
configure:4523: $? = 1
configure:4512: /home/developer/subochain/SuboChain/depends/x86_64-apple-darwin11/native/bin/clang -target x86_64-apple-darwin11 -mmacosx-version-min=10.8 --sysroot /home/developer/subochain/SuboChain/depends/MacOSX10.11.sdk -mlinker-version=253.9 -version >&5
clang: error: unknown argument: '-version'
clang: error: no input files
configure:4523: $? = 1
configure:4543: checking whether the C compiler works
configure:4565: /home/developer/subochain/SuboChain/depends/x86_64-apple-darwin11/native/bin/clang -target x86_64-apple-darwin11 -mmacosx-version-min=10.8 --sysroot /home/developer/subochain/SuboChain/depends/MacOSX10.11.sdk -mlinker-version=253.9 -pipe -O2  -I/home/developer/subochain/SuboChain/depends/x86_64-apple-darwin11/share/../include/  -L/home/developer/subochain/SuboChain/depends/x86_64-apple-darwin11/share/../lib  conftest.c  >&5
configure:4569: $? = 0
configure:4620: result: yes
configure:4624: checking for C compiler default output file name
configure:4626: result: a.out
configure:4632: checking for suffix of executables
configure:4639: /home/developer/subochain/SuboChain/depends/x86_64-apple-darwin11/native/bin/clang -target x86_64-apple-darwin11 -mmacosx-version-min=10.8 --sysroot /home/developer/subochain/SuboChain/depends/MacOSX10.11.sdk -mlinker-version=253.9 -o conftest -pipe -O2  -I/home/developer/subochain/SuboChain/depends/x86_64-apple-darwin11/share/../include/  -L/home/developer/subochain/SuboChain/depends/x86_64-apple-darwin11/share/../lib  conftest.c  >&5
configure:4643: $? = 0
configure:4667: result: 
configure:4691: checking whether we are cross compiling
configure:4699: /home/developer/subochain/SuboChain/depends/x86_64-apple-darwin11/native/bin/clang -target x86_64-apple-darwin11 -mmacosx-version-min=10.8 --sysroot /home/developer/subochain/SuboChain/depends/MacOSX10.11.sdk -mlinker-version=253.9 -o conftest -pipe -O2  -I/home/developer/subochain/SuboChain/depends/x86_64-apple-darwin11/share/../include/  -L/home/developer/subochain/SuboChain/depends/x86_64-apple-darwin11/share/../lib  conftest.c  >&5
configure:4703: $? = 0
configure:4710: ./conftest
./configure: line 4712: ./conftest: cannot execute binary file: Exec format error
configure:4714: $? = 126
configure:4729: result: yes
configure:4735: checking for suffix of object files
configure:4758: /home/developer/subochain/SuboChain/depends/x86_64-apple-darwin11/native/bin/clang -target x86_64-apple-darwin11 -mmacosx-version-min=10.8 --sysroot /home/developer/subochain/SuboChain/depends/MacOSX10.11.sdk -mlinker-version=253.9 -c -pipe -O2  -I/home/developer/subochain/SuboChain/depends/x86_64-apple-darwin11/share/../include/  conftest.c >&5
configure:4762: $? = 0
configure:4786: result: o
configure:4790: checking whether the compiler supports GNU C
configure:4810: /home/developer/subochain/SuboChain/depends/x86_64-apple-darwin11/native/bin/clang -target x86_64-apple-darwin11 -mmacosx-version-min=10.8 --sysroot /home/developer/subochain/SuboChain/depends/MacOSX10.11.sdk -mlinker-version=253.9 -c -pipe -O2  -I/home/developer/subochain/SuboChain/depends/x86_64-apple-darwin11/share/../include/  conftest.c >&5
configure:4810: $? = 0
configure:4822: result: yes
configure:4833: checking whether /home/developer/subochain/SuboChain/depends/x86_64-apple-darwin11/native/bin/clang -target x86_64-apple-darwin11 -mmacosx-version-min=10.8 --sysroot /home/developer/subochain/SuboChain/depends/MacOSX10.11.sdk -mlinker-version=253.9 accepts -g
configure:4854: /home/developer/subochain/SuboChain/depends/x86_64-apple-darwin11/native/bin/clang -target x86_64-apple-darwin11 -mmacosx-version-min=10.8 --sysroot /home/developer/subochain/SuboChain/depends/MacOSX10.11.sdk -mlinker-version=253.9 -c -g -I/home/developer/subochain/SuboChain/depends/x86_64-apple-darwin11/share/../include/  conftest.c >&5
configure:4854: $? = 0
configure:4901: result: yes
configure:4921: checking for /home/developer/subochain/SuboChain/depends/x86_64-apple-darwin11/native/bin/clang -target x86_64-apple-darwin11 -mmacosx-version-min=10.8 --sysroot /home/developer/subochain/SuboChain/depends/MacOSX10.11.sdk -mlinker-version=253.9 option to enable C11 features
configure:4936: /home/developer/subochain/SuboChain/depends/x86_64-apple-darwin11/native/bin/clang -target x86_64-apple-darwin11 -mmacosx-version-min=10.8 --sysroot /home/developer/subochain/SuboChain/depends/MacOSX10.11.sdk -mlinker-version=253.9  -c -pipe -O2  -I/home/developer/subochain/SuboChain/depends/x86_64-apple-darwin11/share/../include/  conftest.c >&5
configure:4936: $? = 0
configure:4955: result: none needed
configure:5079: checking whether /home/developer/subochain/SuboChain/depends/x86_64-apple-darwin11/native/bin/clang -target x86_64-apple-darwin11 -mmacosx-version-min=10.8 --sysroot /home/developer/subochain/SuboChain/depends/MacOSX10.11.sdk -mlinker-version=253.9 understands -c and -o together
configure:5102: /home/developer/subochain/SuboChain/depends/x86_64-apple-darwin11/native/bin/clang -target x86_64-apple-darwin11 -mmacosx-version-min=10.8 --sysroot /home/developer/subochain/SuboChain/depends/MacOSX10.11.sdk -mlinker-version=253.9 -c conftest.c -o conftest2.o
configure:5105: $? = 0
configure:5102: /home/developer/subochain/SuboChain/depends/x86_64-apple-darwin11/native/bin/clang -target x86_64-apple-darwin11 -mmacosx-version-min=10.8 --sysroot /home/developer/subochain/SuboChain/depends/MacOSX10.11.sdk -mlinker-version=253.9 -c conftest.c -o conftest2.o
configure:5105: $? = 0
configure:5121: result: yes
configure:5140: checking dependency style of /home/developer/subochain/SuboChain/depends/x86_64-apple-darwin11/native/bin/clang -target x86_64-apple-darwin11 -mmacosx-version-min=10.8 --sysroot /home/developer/subochain/SuboChain/depends/MacOSX10.11.sdk -mlinker-version=253.9
configure:5253: result: gcc3
configure:5268: checking for a sed that does not truncate output
configure:5340: result: /usr/bin/sed
configure:5358: checking for grep that handles long lines and -e
configure:5424: result: /usr/bin/grep
configure:5429: checking for egrep
configure:5499: result: /usr/bin/grep -E
configure:5506: checking for fgrep
configure:5576: result: /usr/bin/grep -F
configure:5613: checking for ld used by /home/developer/subochain/SuboChain/depends/x86_64-apple-darwin11/native/bin/clang -target x86_64-apple-darwin11 -mmacosx-version-min=10.8 --sysroot /home/developer/subochain/SuboChain/depends/MacOSX10.11.sdk -mlinker-version=253.9
configure:5682: result: /home/developer/subochain/SuboChain/depends/x86_64-apple-darwin11/native/bin/x86_64-apple-darwin11-ld
configure:5689: checking if the linker (/home/developer/subochain/SuboChain/depends/x86_64-apple-darwin11/native/bin/x86_64-apple-darwin11-ld) is GNU ld
configure:5706: result: no
configure:5718: checking for BSD- or MS-compatible name lister (nm)
configure:5774: result: /home/developer/subochain/SuboChain/depends/x86_64-apple-darwin11/native/bin/x86_64-apple-darwin11-nm
configure:5916: checking the name lister (/home/developer/subochain/SuboChain/depends/x86_64-apple-darwin11/native/bin/x86_64-apple-darwin11-nm) interface
configure:5924: /home/developer/subochain/SuboChain/depends/x86_64-apple-darwin11/native/bin/clang -target x86_64-apple-darwin11 -mmacosx-version-min=10.8 --sysroot /home/developer/subochain/SuboChain/depends/MacOSX10.11.sdk -mlinker-version=253.9 -c -pipe -O2  -I/home/developer/subochain/SuboChain/depends/x86_64-apple-darwin11/share/../include/  conftest.c >&5
configure:5927: /home/developer/subochain/SuboChain/depends/x86_64-apple-darwin11/native/bin/x86_64-apple-darwin11-nm "conftest.o"
configure:5930: output
0000000000000000 S _some_variable
configure:5938: result: BSD nm
configure:5941: checking whether ln -s works
configure:5945: result: yes
configure:5953: checking the maximum length of command line arguments
configure:6086: result: 1572864
configure:6134: checking how to convert x86_64-pc-linux-gnu file names to x86_64-apple-darwin11 format
configure:6176: result: func_convert_file_noop
configure:6183: checking how to convert x86_64-pc-linux-gnu file names to toolchain format
configure:6205: result: func_convert_file_noop
configure:6212: checking for /home/developer/subochain/SuboChain/depends/x86_64-apple-darwin11/native/bin/x86_64-apple-darwin11-ld option to reload object files
configure:6221: result: -r
configure:6254: checking for file
configure:6275: found /usr/bin/file
configure:6288: result: file
configure:6305: checking for x86_64-apple-darwin11-objdump
configure:6341: result: no
configure:6351: checking for objdump
configure:6372: found /usr/bin/objdump
configure:6384: result: objdump
configure:6396: WARNING: using cross tools not prefixed with host triplet
configure:6416: checking how to recognize dependent libraries
configure:6625: result: pass_all
configure:6670: checking for x86_64-apple-darwin11-dlltool
configure:6706: result: no
configure:6716: checking for dlltool
configure:6752: result: no
configure:6782: checking how to associate runtime and link libraries
configure:6811: result: printf %s\n
configure:6826: checking for x86_64-apple-darwin11-ranlib
configure:6859: result: /home/developer/subochain/SuboChain/depends/x86_64-apple-darwin11/native/bin/x86_64-apple-darwin11-ranlib
configure:6932: checking for x86_64-apple-darwin11-ar
configure:6965: result: /home/developer/subochain/SuboChain/depends/x86_64-apple-darwin11/native/bin/x86_64-apple-darwin11-ar
configure:7068: checking for archiver @FILE support
configure:7086: /home/developer/subochain/SuboChain/depends/x86_64-apple-darwin11/native/bin/clang -target x86_64-apple-darwin11 -mmacosx-version-min=10.8 --sysroot /home/developer/subochain/SuboChain/depends/MacOSX10.11.sdk -mlinker-version=253.9 -c -pipe -O2  -I/home/developer/subochain/SuboChain/depends/x86_64-apple-darwin11/share/../include/  conftest.c >&5
configure:7086: $? = 0
configure:7090: /home/developer/subochain/SuboChain/depends/x86_64-apple-darwin11/native/bin/x86_64-apple-darwin11-ar cr libconftest.a @conftest.lst >&5
x86_64-apple-darwin11-ar: @conftest.lst: No such file or directory
configure:7093: $? = 1
configure:7114: result: no
configure:7132: checking for x86_64-apple-darwin11-strip
configure:7165: result: x86_64-apple-darwin11-strip
configure:7314: checking command to parse /home/developer/subochain/SuboChain/depends/x86_64-apple-darwin11/native/bin/x86_64-apple-darwin11-nm output from /home/developer/subochain/SuboChain/depends/x86_64-apple-darwin11/native/bin/clang -target x86_64-apple-darwin11 -mmacosx-version-min=10.8 --sysroot /home/developer/subochain/SuboChain/depends/MacOSX10.11.sdk -mlinker-version=253.9 object
configure:7468: /home/developer/subochain/SuboChain/depends/x86_64-apple-darwin11/native/bin/clang -target x86_64-apple-darwin11 -mmacosx-version-min=10.8 --sysroot /home/developer/subochain/SuboChain/depends/MacOSX10.11.sdk -mlinker-version=253.9 -c -pipe -O2  -I/home/developer/subochain/SuboChain/depends/x86_64-apple-darwin11/share/../include/  conftest.c >&5
configure:7471: $? = 0
configure:7475: /home/developer/subochain/SuboChain/depends/x86_64-apple-darwin11/native/bin/x86_64-apple-darwin11-nm conftest.o | /usr/bin/sed -n -e 's/^.*[	 ]\([BCDEGRST][BCDEGRST]*\)[	 ][	 ]*\([_A-Za-z][_A-Za-z0-9]*\)$/\1 \2 \2/p' | /usr/bin/sed '/ __gnu_lto/d' > conftest.nm
cannot find nm_test_var in conftest.nm
configure:7468: /home/developer/subochain/SuboChain/depends/x86_64-apple-darwin11/native/bin/clang -target x86_64-apple-darwin11 -mmacosx-version-min=10.8 --sysroot /home/developer/subochain/SuboChain/depends/MacOSX10.11.sdk -mlinker-version=253.9 -c -pipe -O2  -I/home/developer/subochain/SuboChain/depends/x86_64-apple-darwin11/share/../include/  conftest.c >&5
configure:7471: $? = 0
configure:7475: /home/developer/subochain/SuboChain/depends/x86_64-apple-darwin11/native/bin/x86_64-apple-darwin11-nm conftest.o | /usr/bin/sed -n -e 's/^.*[	 ]\([BCDEGRST][BCDEGRST]*\)[	 ][	 ]*_\([_A-Za-z][_A-Za-z0-9]*\)$/\1 _\2 \2/p' | /usr/bin/sed '/ __gnu_lto/d' > conftest.nm
configure:7541: /home/developer/subochain/SuboChain/depends/x86_64-apple-darwin11/native/bin/clang -target x86_64-apple-darwin11 -mmacosx-version-min=10.8 --sysroot /home/developer/subochain/SuboChain/depends/MacOSX10.11.sdk -mlinker-version=253.9 -o conftest -pipe -O2  -I/home/developer/subochain/SuboChain/depends/x86_64-apple-darwin11/share/../include/  -L/home/developer/subochain/SuboChain/depends/x86_64-apple-darwin11/share/../lib  conftest.c conftstm.o >&5
configure:7544: $? = 0
configure:7583: result: ok
configure:7630: checking for sysroot
configure:7664: result: no
configure:7671: checking for a working dd
configure:7716: result: /usr/bin/dd
configure:7720: checking how to truncate binary pipes
configure:7737: result: /usr/bin/dd bs=4096 count=1
configure:8031: checking for x86_64-apple-darwin11-mt
configure:8067: result: no
configure:8077: checking for mt
configure:8098: found /usr/bin/mt
configure:8110: result: mt
configure:8133: checking if mt is a manifest tool
configure:8140: mt '-?'
configure:8149: result: no
configure:8165: checking for x86_64-apple-darwin11-dsymutil
configure:8186: found /home/developer/subochain/SuboChain/depends/x86_64-apple-darwin11/share/../native/bin/x86_64-apple-darwin11-dsymutil
configure:8198: result: x86_64-apple-darwin11-dsymutil
configure:8269: checking for x86_64-apple-darwin11-nmedit
configure:8290: found /home/developer/subochain/SuboChain/depends/x86_64-apple-darwin11/share/../native/bin/x86_64-apple-darwin11-nmedit
configure:8302: result: x86_64-apple-darwin11-nmedit
configure:8373: checking for x86_64-apple-darwin11-lipo
configure:8394: found /home/developer/subochain/SuboChain/depends/x86_64-apple-darwin11/share/../native/bin/x86_64-apple-darwin11-lipo
configure:8406: result: x86_64-apple-darwin11-lipo
configure:8477: checking for x86_64-apple-darwin11-otool
configure:8498: found /home/developer/subochain/SuboChain/depends/x86_64-apple-darwin11/share/../native/bin/x86_64-apple-darwin11-otool
configure:8510: result: x86_64-apple-darwin11-otool
configure:8581: checking for x86_64-apple-darwin11-otool64
configure:8617: result: no
configure:8627: checking for otool64
configure:8663: result: no
configure:8708: checking for -single_module linker flag
/home/developer/subochain/SuboChain/depends/x86_64-apple-darwin11/native/bin/clang -target x86_64-apple-darwin11 -mmacosx-version-min=10.8 --sysroot /home/developer/subochain/SuboChain/depends/MacOSX10.11.sdk -mlinker-version=253.9 -pipe -O2  -L/home/developer/subochain/SuboChain/depends/x86_64-apple-darwin11/share/../lib  -o libconftest.dylib -dynamiclib -Wl,-single_module conftest.c
configure:8743: result: yes
configure:8748: checking for -no_fixup_chains linker flag
configure:8767: /home/developer/subochain/SuboChain/depends/x86_64-apple-darwin11/native/bin/clang -target x86_64-apple-darwin11 -mmacosx-version-min=10.8 --sysroot /home/developer/subochain/SuboChain/depends/MacOSX10.11.sdk -mlinker-version=253.9 -o conftest -pipe -O2  -I/home/developer/subochain/SuboChain/depends/x86_64-apple-darwin11/share/../include/  -L/home/developer/subochain/SuboChain/depends/x86_64-apple-darwin11/share/../lib  -Wl,-no_fixup_chains conftest.c  >&5
ld: unknown option: -no_fixup_chains
clang: error: linker command failed with exit code 1 (use -v to see invocation)
configure:8767: $? = 1
configure: failed program was:
| /* confdefs.h */
| #define PACKAGE_NAME "univalue"
| #define PACKAGE_TARNAME "univalue"
| #define PACKAGE_VERSION "1.0.1"
| #define PACKAGE_STRING "univalue 1.0.1"
| #define PACKAGE_BUGREPORT "http://github.com/jgarzik/univalue/"
| #define PACKAGE_URL ""
| #define PACKAGE "univalue"
| #define VERSION "1.0.1"
| /* end confdefs.h.  */
| 
| int
| main (void)
| {
| 
|   ;
|   return 0;
| }
configure:8782: result: no
configure:8785: checking for -exported_symbols_list linker flag
configure:8806: /home/developer/subochain/SuboChain/depends/x86_64-apple-darwin11/native/bin/clang -target x86_64-apple-darwin11 -mmacosx-version-min=10.8 --sysroot /home/developer/subochain/SuboChain/depends/MacOSX10.11.sdk -mlinker-version=253.9 -o conftest -pipe -O2  -I/home/developer/subochain/SuboChain/depends/x86_64-apple-darwin11/share/../include/  -L/home/developer/subochain/SuboChain/depends/x86_64-apple-darwin11/share/../lib  -Wl,-exported_symbols_list,conftest.sym conftest.c  >&5
configure:8806: $? = 0
configure:8819: result: yes
configure:8822: checking for -force_load linker flag
/home/developer/subochain/SuboChain/depends/x86_64-apple-darwin11/native/bin/clang -target x86_64-apple-darwin11 -mmacosx-version-min=10.8 --sysroot /home/developer/subochain/SuboChain/depends/MacOSX10.11.sdk -mlinker-version=253.9 -pipe -O2  -c -o conftest.o conftest.c
/home/developer/subochain/SuboChain/depends/x86_64-apple-darwin11/native/bin/x86_64-apple-darwin11-ar cr libconftest.a conftest.o
/home/developer/subochain/SuboChain/depends/x86_64-apple-darwin11/native/bin/x86_64-apple-darwin11-ranlib libconftest.a
/home/developer/subochain/SuboChain/depends/x86_64-apple-darwin11/native/bin/clang -target x86_64-apple-darwin11 -mmacosx-version-min=10.8 --sysroot /home/developer/subochain/SuboChain/depends/MacOSX10.11.sdk -mlinker-version=253.9 -pipe -O2  -L/home/developer/subochain/SuboChain/depends/x86_64-apple-darwin11/share/../lib  -o conftest conftest.c -Wl,-force_load,./libconftest.a
configure:8856: result: yes
configure:8946: checking for stdio.h
configure:8946: /home/developer/subochain/SuboChain/depends/x86_64-apple-darwin11/native/bin/clang -target x86_64-apple-darwin11 -mmacosx-version-min=10.8 --sysroot /home/developer/subochain/SuboChain/depends/MacOSX10.11.sdk -mlinker-version=253.9 -c -pipe -O2  -I/home/developer/subochain/SuboChain/depends/x86_64-apple-darwin11/share/../include/  conftest.c >&5
configure:8946: $? = 0
configure:8946: result: yes
configure:8946: checking for stdlib.h
configure:8946: /home/developer/subochain/SuboChain/depends/x86_64-apple-darwin11/native/bin/clang -target x86_64-apple-darwin11 -mmacosx-version-min=10.8 --sysroot /home/developer/subochain/SuboChain/depends/MacOSX10.11.sdk -mlinker-version=253.9 -c -pipe -O2  -I/home/developer/subochain/SuboChain/depends/x86_64-apple-darwin11/share/../include/  conftest.c >&5
configure:8946: $? = 0
configure:8946: result: yes
configure:8946: checking for string.h
configure:8946: /home/developer/subochain/SuboChain/depends/x86_64-apple-darwin11/native/bin/clang -target x86_64-apple-darwin11 -mmacosx-version-min=10.8 --sysroot /home/developer/subochain/SuboChain/depends/MacOSX10.11.sdk -mlinker-version=253.9 -c -pipe -O2  -I/home/developer/subochain/SuboChain/depends/x86_64-apple-darwin11/share/../include/  conftest.c >&5
configure:8946: $? = 0
configure:8946: result: yes
configure:8946: checking for inttypes.h
configure:8946: /home/developer/subochain/SuboChain/depends/x86_64-apple-darwin11/native/bin/clang -target x86_64-apple-darwin11 -mmacosx-version-min=10.8 --sysroot /home/developer/subochain/SuboChain/depends/MacOSX10.11.sdk -mlinker-version=253.9 -c -pipe -O2  -I/home/developer/subochain/SuboChain/depends/x86_64-apple-darwin11/share/../include/  conftest.c >&5
configure:8946: $? = 0
configure:8946: result: yes
configure:8946: checking for stdint.h
configure:8946: /home/developer/subochain/SuboChain/depends/x86_64-apple-darwin11/native/bin/clang -target x86_64-apple-darwin11 -mmacosx-version-min=10.8 --sysroot /home/developer/subochain/SuboChain/depends/MacOSX10.11.sdk -mlinker-version=253.9 -c -pipe -O2  -I/home/developer/subochain/SuboChain/depends/x86_64-apple-darwin11/share/../include/  conftest.c >&5
configure:8946: $? = 0
configure:8946: result: yes
configure:8946: checking for strings.h
configure:8946: /home/developer/subochain/SuboChain/depends/x86_64-apple-darwin11/native/bin/clang -target x86_64-apple-darwin11 -mmacosx-version-min=10.8 --sysroot /home/developer/subochain/SuboChain/depends/MacOSX10.11.sdk -mlinker-version=253.9 -c -pipe -O2  -I/home/developer/subochain/SuboChain/depends/x86_64-apple-darwin11/share/../include/  conftest.c >&5
configure:8946: $? = 0
configure:8946: result: yes
configure:8946: checking for sys/stat.h
configure:8946: /home/developer/subochain/SuboChain/depends/x86_64-apple-darwin11/native/bin/clang -target x86_64-apple-darwin11 -mmacosx-version-min=10.8 --sysroot /home/developer/subochain/SuboChain/depends/MacOSX10.11.sdk -mlinker-version=253.9 -c -pipe -O2  -I/home/developer/subochain/SuboChain/depends/x86_64-apple-darwin11/share/../include/  conftest.c >&5
configure:8946: $? = 0
configure:8946: result: yes
configure:8946: checking for sys/types.h
configure:8946: /home/developer/subochain/SuboChain/depends/x86_64-apple-darwin11/native/bin/clang -target x86_64-apple-darwin11 -mmacosx-version-min=10.8 --sysroot /home/developer/subochain/SuboChain/depends/MacOSX10.11.sdk -mlinker-version=253.9 -c -pipe -O2  -I/home/developer/subochain/SuboChain/depends/x86_64-apple-darwin11/share/../include/  conftest.c >&5
configure:8946: $? = 0
configure:8946: result: yes
configure:8946: checking for unistd.h
configure:8946: /home/developer/subochain/SuboChain/depends/x86_64-apple-darwin11/native/bin/clang -target x86_64-apple-darwin11 -mmacosx-version-min=10.8 --sysroot /home/developer/subochain/SuboChain/depends/MacOSX10.11.sdk -mlinker-version=253.9 -c -pipe -O2  -I/home/developer/subochain/SuboChain/depends/x86_64-apple-darwin11/share/../include/  conftest.c >&5
configure:8946: $? = 0
configure:8946: result: yes
configure:8971: checking for dlfcn.h
configure:8971: /home/developer/subochain/SuboChain/depends/x86_64-apple-darwin11/native/bin/clang -target x86_64-apple-darwin11 -mmacosx-version-min=10.8 --sysroot /home/developer/subochain/SuboChain/depends/MacOSX10.11.sdk -mlinker-version=253.9 -c -pipe -O2  -I/home/developer/subochain/SuboChain/depends/x86_64-apple-darwin11/share/../include/  conftest.c >&5
configure:8971: $? = 0
configure:8971: result: yes
configure:9274: checking for objdir
configure:9291: result: .libs
configure:9557: checking if /home/developer/subochain/SuboChain/depends/x86_64-apple-darwin11/native/bin/clang -target x86_64-apple-darwin11 -mmacosx-version-min=10.8 --sysroot /home/developer/subochain/SuboChain/depends/MacOSX10.11.sdk -mlinker-version=253.9 supports -fno-rtti -fno-exceptions
configure:9576: /home/developer/subochain/SuboChain/depends/x86_64-apple-darwin11/native/bin/clang -target x86_64-apple-darwin11 -mmacosx-version-min=10.8 --sysroot /home/developer/subochain/SuboChain/depends/MacOSX10.11.sdk -mlinker-version=253.9 -c -pipe -O2  -I/home/developer/subochain/SuboChain/depends/x86_64-apple-darwin11/share/../include/  -fno-rtti -fno-exceptions conftest.c >&5
configure:9580: $? = 0
configure:9594: result: yes
configure:9973: checking for /home/developer/subochain/SuboChain/depends/x86_64-apple-darwin11/native/bin/clang -target x86_64-apple-darwin11 -mmacosx-version-min=10.8 --sysroot /home/developer/subochain/SuboChain/depends/MacOSX10.11.sdk -mlinker-version=253.9 option to produce PIC
configure:9982: result: -fno-common -DPIC
configure:9990: checking if /home/developer/subochain/SuboChain/depends/x86_64-apple-darwin11/native/bin/clang -target x86_64-apple-darwin11 -mmacosx-version-min=10.8 --sysroot /home/developer/subochain/SuboChain/depends/MacOSX10.11.sdk -mlinker-version=253.9 PIC flag -fno-common -DPIC works
configure:10009: /home/developer/subochain/SuboChain/depends/x86_64-apple-darwin11/native/bin/clang -target x86_64-apple-darwin11 -mmacosx-version-min=10.8 --sysroot /home/developer/subochain/SuboChain/depends/MacOSX10.11.sdk -mlinker-version=253.9 -c -pipe -O2  -I/home/developer/subochain/SuboChain/depends/x86_64-apple-darwin11/share/../include/  -fno-common -DPIC -DPIC conftest.c >&5
configure:10013: $? = 0
configure:10027: result: yes
configure:10056: checking if /home/developer/subochain/SuboChain/depends/x86_64-apple-darwin11/native/bin/clang -target x86_64-apple-darwin11 -mmacosx-version-min=10.8 --sysroot /home/developer/subochain/SuboChain/depends/MacOSX10.11.sdk -mlinker-version=253.9 static flag -static works
configure:10086: result: no
configure:10101: checking if /home/developer/subochain/SuboChain/depends/x86_64-apple-darwin11/native/bin/clang -target x86_64-apple-darwin11 -mmacosx-version-min=10.8 --sysroot /home/developer/subochain/SuboChain/depends/MacOSX10.11.sdk -mlinker-version=253.9 supports -c -o file.o
configure:10123: /home/developer/subochain/SuboChain/depends/x86_64-apple-darwin11/native/bin/clang -target x86_64-apple-darwin11 -mmacosx-version-min=10.8 --sysroot /home/developer/subochain/SuboChain/depends/MacOSX10.11.sdk -mlinker-version=253.9 -c -pipe -O2  -I/home/developer/subochain/SuboChain/depends/x86_64-apple-darwin11/share/../include/  -o out/conftest2.o conftest.c >&5
configure:10127: $? = 0
configure:10150: result: yes
configure:10158: checking if /home/developer/subochain/SuboChain/depends/x86_64-apple-darwin11/native/bin/clang -target x86_64-apple-darwin11 -mmacosx-version-min=10.8 --sysroot /home/developer/subochain/SuboChain/depends/MacOSX10.11.sdk -mlinker-version=253.9 supports -c -o file.o
configure:10207: result: yes
configure:10240: checking whether the /home/developer/subochain/SuboChain/depends/x86_64-apple-darwin11/native/bin/clang -target x86_64-apple-darwin11 -mmacosx-version-min=10.8 --sysroot /home/developer/subochain/SuboChain/depends/MacOSX10.11.sdk -mlinker-version=253.9 linker (/home/developer/subochain/SuboChain/depends/x86_64-apple-darwin11/native/bin/x86_64-apple-darwin11-ld) supports shared libraries
configure:11528: result: yes
configure:11770: checking dynamic linker characteristics
configure:13172: result: darwin11 dyld
configure:13294: checking how to hardcode library paths into programs
configure:13319: result: immediate
configure:13919: checking whether stripping libraries is possible
configure:13936: result: yes
configure:13970: checking if libtool supports shared libraries
configure:13972: result: yes
configure:13975: checking whether to build shared libraries
configure:14000: result: no
configure:14003: checking whether to build static libraries
configure:14007: result: yes
configure:14174: checking for C++ compiler version
configure:14183: /home/developer/subochain/SuboChain/depends/x86_64-apple-darwin11/native/bin/clang++ -target x86_64-apple-darwin11 -mmacosx-version-min=10.8 --sysroot /home/developer/subochain/SuboChain/depends/MacOSX10.11.sdk -mlinker-version=253.9 -stdlib=libc++ --version >&5
clang version 3.7.1 (tags/RELEASE_371/final)
Target: x86_64-apple-darwin11
Thread model: posix
configure:14194: $? = 0
configure:14183: /home/developer/subochain/SuboChain/depends/x86_64-apple-darwin11/native/bin/clang++ -target x86_64-apple-darwin11 -mmacosx-version-min=10.8 --sysroot /home/developer/subochain/SuboChain/depends/MacOSX10.11.sdk -mlinker-version=253.9 -stdlib=libc++ -v >&5
clang version 3.7.1 (tags/RELEASE_371/final)
Target: x86_64-apple-darwin11
Thread model: posix
clang: warning: argument unused during compilation: '-mmacosx-version-min=10.8'
clang: warning: argument unused during compilation: '-mlinker-version=253.9'
clang: warning: argument unused during compilation: '-stdlib=libc++'
configure:14194: $? = 0
configure:14183: /home/developer/subochain/SuboChain/depends/x86_64-apple-darwin11/native/bin/clang++ -target x86_64-apple-darwin11 -mmacosx-version-min=10.8 --sysroot /home/developer/subochain/SuboChain/depends/MacOSX10.11.sdk -mlinker-version=253.9 -stdlib=libc++ -V >&5
clang: error: argument to '-V' is missing (expected 1 value)
clang: error: no input files
configure:14194: $? = 1
configure:14183: /home/developer/subochain/SuboChain/depends/x86_64-apple-darwin11/native/bin/clang++ -target x86_64-apple-darwin11 -mmacosx-version-min=10.8 --sysroot /home/developer/subochain/SuboChain/depends/MacOSX10.11.sdk -mlinker-version=253.9 -stdlib=libc++ -qversion >&5
clang: error: unknown argument: '-qversion'
clang: error: no input files
configure:14194: $? = 1
configure:14198: checking whether the compiler supports GNU C++
configure:14218: /home/developer/subochain/SuboChain/depends/x86_64-apple-darwin11/native/bin/clang++ -target x86_64-apple-darwin11 -mmacosx-version-min=10.8 --sysroot /home/developer/subochain/SuboChain/depends/MacOSX10.11.sdk -mlinker-version=253.9 -stdlib=libc++ -c -pipe -O2  -I/home/developer/subochain/SuboChain/depends/x86_64-apple-darwin11/share/../include/  conftest.cpp >&5
configure:14218: $? = 0
configure:14230: result: yes
configure:14241: checking whether /home/developer/subochain/SuboChain/depends/x86_64-apple-darwin11/native/bin/clang++ -target x86_64-apple-darwin11 -mmacosx-version-min=10.8 --sysroot /home/developer/subochain/SuboChain/depends/MacOSX10.11.sdk -mlinker-version=253.9 -stdlib=libc++ accepts -g
configure:14262: /home/developer/subochain/SuboChain/depends/x86_64-apple-darwin11/native/bin/clang++ -target x86_64-apple-darwin11 -mmacosx-version-min=10.8 --sysroot /home/developer/subochain/SuboChain/depends/MacOSX10.11.sdk -mlinker-version=253.9 -stdlib=libc++ -c -g -I/home/developer/subochain/SuboChain/depends/x86_64-apple-darwin11/share/../include/  conftest.cpp >&5
configure:14262: $? = 0
configure:14309: result: yes
configure:14329: checking for /home/developer/subochain/SuboChain/depends/x86_64-apple-darwin11/native/bin/clang++ -target x86_64-apple-darwin11 -mmacosx-version-min=10.8 --sysroot /home/developer/subochain/SuboChain/depends/MacOSX10.11.sdk -mlinker-version=253.9 -stdlib=libc++ option to enable C++11 features
configure:14344: /home/developer/subochain/SuboChain/depends/x86_64-apple-darwin11/native/bin/clang++ -target x86_64-apple-darwin11 -mmacosx-version-min=10.8 --sysroot /home/developer/subochain/SuboChain/depends/MacOSX10.11.sdk -mlinker-version=253.9 -stdlib=libc++  -c -pipe -O2  -I/home/developer/subochain/SuboChain/depends/x86_64-apple-darwin11/share/../include/  conftest.cpp >&5
conftest.cpp:69:3: error: "Compiler does not advertise C++11 conformance"
# error "Compiler does not advertise C++11 conformance"
  ^
conftest.cpp:74:3: error: unknown type name 'constexpr'
  constexpr int get_val() { return 20; }
  ^
conftest.cpp:74:13: error: expected unqualified-id
  constexpr int get_val() { return 20; }
            ^
conftest.cpp:86:17: error: delegating constructors are permitted only in C++11
    delegate(): delegate(2354) {}
                ^~~~~~~~
conftest.cpp:97:26: warning: 'override' keyword is a C++11 extension [-Wc++11-extensions]
    virtual int getval() override final { return this->n * 2; }
                         ^
conftest.cpp:97:35: warning: 'final' keyword is a C++11 extension [-Wc++11-extensions]
    virtual int getval() override final { return this->n * 2; }
                                  ^
conftest.cpp:104:16: warning: defaulted function definitions are a C++11 extension [-Wc++11-extensions]
    nocopy() = default;
               ^
conftest.cpp:105:29: warning: deleted function definitions are a C++11 extension [-Wc++11-extensions]
    nocopy(const nocopy&) = delete;
                            ^
conftest.cpp:106:41: warning: deleted function definitions are a C++11 extension [-Wc++11-extensions]
    nocopy & operator=(const nocopy&) = delete;
                                        ^
conftest.cpp:118:25: warning: 'auto' type specifier is a C++11 extension [-Wc++11-extensions]
  template <typename V> auto sum(V first) -> V
                        ^
conftest.cpp:118:25: error: 'auto' not allowed in function return type
  template <typename V> auto sum(V first) -> V
                        ^~~~
conftest.cpp:118:42: error: expected ';' at end of declaration
  template <typename V> auto sum(V first) -> V
                                         ^
                                         ;
conftest.cpp:118:43: error: cannot use arrow operator on a type
  template <typename V> auto sum(V first) -> V
                                          ^
conftest.cpp:122:33: warning: variadic templates are a C++11 extension [-Wc++11-extensions]
  template <typename V, typename... Args> auto sum(V first, Args... rest) -> V
                                ^
conftest.cpp:122:43: warning: 'auto' type specifier is a C++11 extension [-Wc++11-extensions]
  template <typename V, typename... Args> auto sum(V first, Args... rest) -> V
                                          ^
conftest.cpp:122:43: error: 'auto' not allowed in function return type
  template <typename V, typename... Args> auto sum(V first, Args... rest) -> V
                                          ^~~~
conftest.cpp:122:74: error: expected ';' at end of declaration
  template <typename V, typename... Args> auto sum(V first, Args... rest) -> V
                                                                         ^
                                                                         ;
conftest.cpp:122:75: error: cannot use arrow operator on a type
  template <typename V, typename... Args> auto sum(V first, Args... rest) -> V
                                                                          ^
conftest.cpp:146:3: warning: 'auto' type specifier is a C++11 extension [-Wc++11-extensions]
  auto a1 = 6538;
  ^
conftest.cpp:147:3: warning: 'auto' type specifier is a C++11 extension [-Wc++11-extensions]
  auto a2 = 48573953.4;
  ^
conftest.cpp:148:3: warning: 'auto' type specifier is a C++11 extension [-Wc++11-extensions]
  auto a3 = "String literal";
  ^
conftest.cpp:151:8: warning: 'auto' type specifier is a C++11 extension [-Wc++11-extensions]
  for (auto i = a3; *i; ++i) { total += *i; }
       ^
conftest.cpp:157:23: error: no member named 'get_val' in namespace 'cxx11test'
  short sa[cxx11test::get_val()] = { 0 };
           ~~~~~~~~~~~^
conftest.cpp:167:8: warning: 'auto' type specifier is a C++11 extension [-Wc++11-extensions]
  for (auto &x : array) { x += 23; }
       ^
conftest.cpp:167:16: warning: range-based for loop is a C++11 extension [-Wc++11-extensions]
  for (auto &x : array) { x += 23; }
               ^
conftest.cpp:172:17: error: expected expression
  assert (eval ([](int x) { return x*2; }, 21) == 42);
                ^
conftest.cpp:174:17: error: expected expression
  assert (eval ([&](double x) { return d += x; }, 3.0) == 5.0);
                ^
conftest.cpp:176:17: error: expected expression
  assert (eval ([=](double x) mutable { return d += x; }, 4.0) == 9.0);
                ^
conftest.cpp:182:3: warning: 'auto' type specifier is a C++11 extension [-Wc++11-extensions]
  auto a = sum(1);
  ^
conftest.cpp:182:12: error: no matching function for call to 'sum'
  auto a = sum(1);
           ^~~
conftest.cpp:183:3: warning: 'auto' type specifier is a C++11 extension [-Wc++11-extensions]
  auto b = sum(1, 2);
  ^
conftest.cpp:183:12: error: no matching function for call to 'sum'
  auto b = sum(1, 2);
           ^~~
conftest.cpp:184:3: warning: 'auto' type specifier is a C++11 extension [-Wc++11-extensions]
  auto c = sum(1.0, 2.0, 3.0);
  ^
conftest.cpp:184:12: error: no matching function for call to 'sum'
  auto c = sum(1.0, 2.0, 3.0);
           ^~~
conftest.cpp:189:25: warning: empty parentheses interpreted as a function declaration [-Wvexing-parse]
  cxx11test::delegate d2();
                        ^~
conftest.cpp:189:25: note: remove parentheses to declare a variable
  cxx11test::delegate d2();
                        ^~
conftest.cpp:202:16: error: found '<::' after a template name which forms the digraph '<:' (aka '[') and a ':', did you mean '< ::'?
  test_template<::test_template<int>> v(test_template<int>(12));
               ^~~
               < ::
conftest.cpp:202:36: error: a space is required between consecutive right angle brackets (use '> >')
  test_template<::test_template<int>> v(test_template<int>(12));
                                   ^~
                                   > >
fatal error: too many errors emitted, stopping now [-ferror-limit=]
18 warnings and 20 errors generated.
configure:14344: $? = 1
configure: failed program was:
| /* confdefs.h */
| #define PACKAGE_NAME "univalue"
| #define PACKAGE_TARNAME "univalue"
| #define PACKAGE_VERSION "1.0.1"
| #define PACKAGE_STRING "univalue 1.0.1"
| #define PACKAGE_BUGREPORT "http://github.com/jgarzik/univalue/"
| #define PACKAGE_URL ""
| #define PACKAGE "univalue"
| #define VERSION "1.0.1"
| #define HAVE_STDIO_H 1
| #define HAVE_STDLIB_H 1
| #define HAVE_STRING_H 1
| #define HAVE_INTTYPES_H 1
| #define HAVE_STDINT_H 1
| #define HAVE_STRINGS_H 1
| #define HAVE_SYS_STAT_H 1
| #define HAVE_SYS_TYPES_H 1
| #define HAVE_UNISTD_H 1
| #define STDC_HEADERS 1
| #define HAVE_DLFCN_H 1
| #define LT_OBJDIR ".libs/"
| /* end confdefs.h.  */
| 
| // Does the compiler advertise C++98 conformance?
| #if !defined __cplusplus || __cplusplus < 199711L
| # error "Compiler does not advertise C++98 conformance"
| #endif
| 
| // These inclusions are to reject old compilers that
| // lack the unsuffixed header files.
| #include <cstdlib>
| #include <exception>
| 
| // <cassert> and <cstring> are *not* freestanding headers in C++98.
| extern void assert (int);
| namespace std {
|   extern int strcmp (const char *, const char *);
| }
| 
| // Namespaces, exceptions, and templates were all added after "C++ 2.0".
| using std::exception;
| using std::strcmp;
| 
| namespace {
| 
| void test_exception_syntax()
| {
|   try {
|     throw "test";
|   } catch (const char *s) {
|     // Extra parentheses suppress a warning when building autoconf itself,
|     // due to lint rules shared with more typical C programs.
|     assert (!(strcmp) (s, "test"));
|   }
| }
| 
| template <typename T> struct test_template
| {
|   T const val;
|   explicit test_template(T t) : val(t) {}
|   template <typename U> T add(U u) { return static_cast<T>(u) + val; }
| };
| 
| } // anonymous namespace
| 
| 
| // Does the compiler advertise C++ 2011 conformance?
| #if !defined __cplusplus || __cplusplus < 201103L
| # error "Compiler does not advertise C++11 conformance"
| #endif
| 
| namespace cxx11test
| {
|   constexpr int get_val() { return 20; }
| 
|   struct testinit
|   {
|     int i;
|     double d;
|   };
| 
|   class delegate
|   {
|   public:
|     delegate(int n) : n(n) {}
|     delegate(): delegate(2354) {}
| 
|     virtual int getval() { return this->n; };
|   protected:
|     int n;
|   };
| 
|   class overridden : public delegate
|   {
|   public:
|     overridden(int n): delegate(n) {}
|     virtual int getval() override final { return this->n * 2; }
|   };
| 
|   class nocopy
|   {
|   public:
|     nocopy(int i): i(i) {}
|     nocopy() = default;
|     nocopy(const nocopy&) = delete;
|     nocopy & operator=(const nocopy&) = delete;
|   private:
|     int i;
|   };
| 
|   // for testing lambda expressions
|   template <typename Ret, typename Fn> Ret eval(Fn f, Ret v)
|   {
|     return f(v);
|   }
| 
|   // for testing variadic templates and trailing return types
|   template <typename V> auto sum(V first) -> V
|   {
|     return first;
|   }
|   template <typename V, typename... Args> auto sum(V first, Args... rest) -> V
|   {
|     return first + sum(rest...);
|   }
| }
| 
| 
| int
| main (int argc, char **argv)
| {
|   int ok = 0;
|   
|   assert (argc);
|   assert (! argv[0]);
| {
|   test_exception_syntax ();
|   test_template<double> tt (2.0);
|   assert (tt.add (4) == 6.0);
|   assert (true && !false);
| }
| 
|   
| {
|   // Test auto and decltype
|   auto a1 = 6538;
|   auto a2 = 48573953.4;
|   auto a3 = "String literal";
| 
|   int total = 0;
|   for (auto i = a3; *i; ++i) { total += *i; }
| 
|   decltype(a2) a4 = 34895.034;
| }
| {
|   // Test constexpr
|   short sa[cxx11test::get_val()] = { 0 };
| }
| {
|   // Test initializer lists
|   cxx11test::testinit il = { 4323, 435234.23544 };
| }
| {
|   // Test range-based for
|   int array[] = {9, 7, 13, 15, 4, 18, 12, 10, 5, 3,
|                  14, 19, 17, 8, 6, 20, 16, 2, 11, 1};
|   for (auto &x : array) { x += 23; }
| }
| {
|   // Test lambda expressions
|   using cxx11test::eval;
|   assert (eval ([](int x) { return x*2; }, 21) == 42);
|   double d = 2.0;
|   assert (eval ([&](double x) { return d += x; }, 3.0) == 5.0);
|   assert (d == 5.0);
|   assert (eval ([=](double x) mutable { return d += x; }, 4.0) == 9.0);
|   assert (d == 5.0);
| }
| {
|   // Test use of variadic templates
|   using cxx11test::sum;
|   auto a = sum(1);
|   auto b = sum(1, 2);
|   auto c = sum(1.0, 2.0, 3.0);
| }
| {
|   // Test constructor delegation
|   cxx11test::delegate d1;
|   cxx11test::delegate d2();
|   cxx11test::delegate d3(45);
| }
| {
|   // Test override and final
|   cxx11test::overridden o1(55464);
| }
| {
|   // Test nullptr
|   char *c = nullptr;
| }
| {
|   // Test template brackets
|   test_template<::test_template<int>> v(test_template<int>(12));
| }
| {
|   // Unicode literals
|   char const *utf8 = u8"UTF-8 string \u2500";
|   char16_t const *utf16 = u"UTF-8 string \u2500";
|   char32_t const *utf32 = U"UTF-32 string \u2500";
| }
| 
|   return ok;
| }
| 
configure:14344: /home/developer/subochain/SuboChain/depends/x86_64-apple-darwin11/native/bin/clang++ -target x86_64-apple-darwin11 -mmacosx-version-min=10.8 --sysroot /home/developer/subochain/SuboChain/depends/MacOSX10.11.sdk -mlinker-version=253.9 -stdlib=libc++ -std=gnu++11 -c -pipe -O2  -I/home/developer/subochain/SuboChain/depends/x86_64-apple-darwin11/share/../include/  conftest.cpp >&5
conftest.cpp:189:25: warning: empty parentheses interpreted as a function declaration [-Wvexing-parse]
  cxx11test::delegate d2();
                        ^~
conftest.cpp:189:25: note: remove parentheses to declare a variable
  cxx11test::delegate d2();
                        ^~
1 warning generated.
configure:14344: $? = 0
configure:14366: result: -std=gnu++11
configure:14434: checking dependency style of /home/developer/subochain/SuboChain/depends/x86_64-apple-darwin11/native/bin/clang++ -target x86_64-apple-darwin11 -mmacosx-version-min=10.8 --sysroot /home/developer/subochain/SuboChain/depends/MacOSX10.11.sdk -mlinker-version=253.9 -stdlib=libc++ -std=gnu++11
configure:14547: result: gcc3
configure:14581: checking how to run the C++ preprocessor
configure:14603: /home/developer/subochain/SuboChain/depends/x86_64-apple-darwin11/native/bin/clang++ -target x86_64-apple-darwin11 -mmacosx-version-min=10.8 --sysroot /home/developer/subochain/SuboChain/depends/MacOSX10.11.sdk -mlinker-version=253.9 -stdlib=libc++ -std=gnu++11 -E -I/home/developer/subochain/SuboChain/depends/x86_64-apple-darwin11/share/../include/  conftest.cpp
configure:14603: $? = 0
configure:14619: /home/developer/subochain/SuboChain/depends/x86_64-apple-darwin11/native/bin/clang++ -target x86_64-apple-darwin11 -mmacosx-version-min=10.8 --sysroot /home/developer/subochain/SuboChain/depends/MacOSX10.11.sdk -mlinker-version=253.9 -stdlib=libc++ -std=gnu++11 -E -I/home/developer/subochain/SuboChain/depends/x86_64-apple-darwin11/share/../include/  conftest.cpp
conftest.cpp:23:10: fatal error: 'ac_nonexistent.h' file not found
#include <ac_nonexistent.h>
         ^
1 error generated.
configure:14619: $? = 1
configure: failed program was:
| /* confdefs.h */
| #define PACKAGE_NAME "univalue"
| #define PACKAGE_TARNAME "univalue"
| #define PACKAGE_VERSION "1.0.1"
| #define PACKAGE_STRING "univalue 1.0.1"
| #define PACKAGE_BUGREPORT "http://github.com/jgarzik/univalue/"
| #define PACKAGE_URL ""
| #define PACKAGE "univalue"
| #define VERSION "1.0.1"
| #define HAVE_STDIO_H 1
| #define HAVE_STDLIB_H 1
| #define HAVE_STRING_H 1
| #define HAVE_INTTYPES_H 1
| #define HAVE_STDINT_H 1
| #define HAVE_STRINGS_H 1
| #define HAVE_SYS_STAT_H 1
| #define HAVE_SYS_TYPES_H 1
| #define HAVE_UNISTD_H 1
| #define STDC_HEADERS 1
| #define HAVE_DLFCN_H 1
| #define LT_OBJDIR ".libs/"
| /* end confdefs.h.  */
| #include <ac_nonexistent.h>
configure:14648: result: /home/developer/subochain/SuboChain/depends/x86_64-apple-darwin11/native/bin/clang++ -target x86_64-apple-darwin11 -mmacosx-version-min=10.8 --sysroot /home/developer/subochain/SuboChain/depends/MacOSX10.11.sdk -mlinker-version=253.9 -stdlib=libc++ -std=gnu++11 -E
configure:14662: /home/developer/subochain/SuboChain/depends/x86_64-apple-darwin11/native/bin/clang++ -target x86_64-apple-darwin11 -mmacosx-version-min=10.8 --sysroot /home/developer/subochain/SuboChain/depends/MacOSX10.11.sdk -mlinker-version=253.9 -stdlib=libc++ -std=gnu++11 -E -I/home/developer/subochain/SuboChain/depends/x86_64-apple-darwin11/share/../include/  conftest.cpp
configure:14662: $? = 0
configure:14678: /home/developer/subochain/SuboChain/depends/x86_64-apple-darwin11/native/bin/clang++ -target x86_64-apple-darwin11 -mmacosx-version-min=10.8 --sysroot /home/developer/subochain/SuboChain/depends/MacOSX10.11.sdk -mlinker-version=253.9 -stdlib=libc++ -std=gnu++11 -E -I/home/developer/subochain/SuboChain/depends/x86_64-apple-darwin11/share/../include/  conftest.cpp
conftest.cpp:23:10: fatal error: 'ac_nonexistent.h' file not found
#include <ac_nonexistent.h>
         ^
1 error generated.
configure:14678: $? = 1
configure: failed program was:
| /* confdefs.h */
| #define PACKAGE_NAME "univalue"
| #define PACKAGE_TARNAME "univalue"
| #define PACKAGE_VERSION "1.0.1"
| #define PACKAGE_STRING "univalue 1.0.1"
| #define PACKAGE_BUGREPORT "http://github.com/jgarzik/univalue/"
| #define PACKAGE_URL ""
| #define PACKAGE "univalue"
| #define VERSION "1.0.1"
| #define HAVE_STDIO_H 1
| #define HAVE_STDLIB_H 1
| #define HAVE_STRING_H 1
| #define HAVE_INTTYPES_H 1
| #define HAVE_STDINT_H 1
| #define HAVE_STRINGS_H 1
| #define HAVE_SYS_STAT_H 1
| #define HAVE_SYS_TYPES_H 1
| #define HAVE_UNISTD_H 1
| #define STDC_HEADERS 1
| #define HAVE_DLFCN_H 1
| #define LT_OBJDIR ".libs/"
| /* end confdefs.h.  */
| #include <ac_nonexistent.h>
configure:14846: checking for ld used by /home/developer/subochain/SuboChain/depends/x86_64-apple-darwin11/native/bin/clang++ -target x86_64-apple-darwin11 -mmacosx-version-min=10.8 --sysroot /home/developer/subochain/SuboChain/depends/MacOSX10.11.sdk -mlinker-version=253.9 -stdlib=libc++ -std=gnu++11
configure:14915: result: /home/developer/subochain/SuboChain/depends/x86_64-apple-darwin11/native/bin/x86_64-apple-darwin11-ld
configure:14922: checking if the linker (/home/developer/subochain/SuboChain/depends/x86_64-apple-darwin11/native/bin/x86_64-apple-darwin11-ld) is GNU ld
configure:14939: result: no
configure:14993: checking whether the /home/developer/subochain/SuboChain/depends/x86_64-apple-darwin11/native/bin/clang++ -target x86_64-apple-darwin11 -mmacosx-version-min=10.8 --sysroot /home/developer/subochain/SuboChain/depends/MacOSX10.11.sdk -mlinker-version=253.9 -stdlib=libc++ -std=gnu++11 linker (/home/developer/subochain/SuboChain/depends/x86_64-apple-darwin11/native/bin/x86_64-apple-darwin11-ld) supports shared libraries
configure:16081: result: yes
configure:16117: /home/developer/subochain/SuboChain/depends/x86_64-apple-darwin11/native/bin/clang++ -target x86_64-apple-darwin11 -mmacosx-version-min=10.8 --sysroot /home/developer/subochain/SuboChain/depends/MacOSX10.11.sdk -mlinker-version=253.9 -stdlib=libc++ -std=gnu++11 -c -pipe -O2  -I/home/developer/subochain/SuboChain/depends/x86_64-apple-darwin11/share/../include/  conftest.cpp >&5
configure:16120: $? = 0
configure:16606: checking for /home/developer/subochain/SuboChain/depends/x86_64-apple-darwin11/native/bin/clang++ -target x86_64-apple-darwin11 -mmacosx-version-min=10.8 --sysroot /home/developer/subochain/SuboChain/depends/MacOSX10.11.sdk -mlinker-version=253.9 -stdlib=libc++ -std=gnu++11 option to produce PIC
configure:16615: result: -fno-common -DPIC
configure:16623: checking if /home/developer/subochain/SuboChain/depends/x86_64-apple-darwin11/native/bin/clang++ -target x86_64-apple-darwin11 -mmacosx-version-min=10.8 --sysroot /home/developer/subochain/SuboChain/depends/MacOSX10.11.sdk -mlinker-version=253.9 -stdlib=libc++ -std=gnu++11 PIC flag -fno-common -DPIC works
configure:16642: /home/developer/subochain/SuboChain/depends/x86_64-apple-darwin11/native/bin/clang++ -target x86_64-apple-darwin11 -mmacosx-version-min=10.8 --sysroot /home/developer/subochain/SuboChain/depends/MacOSX10.11.sdk -mlinker-version=253.9 -stdlib=libc++ -std=gnu++11 -c -pipe -O2  -I/home/developer/subochain/SuboChain/depends/x86_64-apple-darwin11/share/../include/  -fno-common -DPIC -DPIC conftest.cpp >&5
configure:16646: $? = 0
configure:16660: result: yes
configure:16683: checking if /home/developer/subochain/SuboChain/depends/x86_64-apple-darwin11/native/bin/clang++ -target x86_64-apple-darwin11 -mmacosx-version-min=10.8 --sysroot /home/developer/subochain/SuboChain/depends/MacOSX10.11.sdk -mlinker-version=253.9 -stdlib=libc++ -std=gnu++11 static flag -static works
configure:16713: result: no
configure:16725: checking if /home/developer/subochain/SuboChain/depends/x86_64-apple-darwin11/native/bin/clang++ -target x86_64-apple-darwin11 -mmacosx-version-min=10.8 --sysroot /home/developer/subochain/SuboChain/depends/MacOSX10.11.sdk -mlinker-version=253.9 -stdlib=libc++ -std=gnu++11 supports -c -o file.o
configure:16747: /home/developer/subochain/SuboChain/depends/x86_64-apple-darwin11/native/bin/clang++ -target x86_64-apple-darwin11 -mmacosx-version-min=10.8 --sysroot /home/developer/subochain/SuboChain/depends/MacOSX10.11.sdk -mlinker-version=253.9 -stdlib=libc++ -std=gnu++11 -c -pipe -O2  -I/home/developer/subochain/SuboChain/depends/x86_64-apple-darwin11/share/../include/  -o out/conftest2.o conftest.cpp >&5
configure:16751: $? = 0
configure:16774: result: yes
configure:16779: checking if /home/developer/subochain/SuboChain/depends/x86_64-apple-darwin11/native/bin/clang++ -target x86_64-apple-darwin11 -mmacosx-version-min=10.8 --sysroot /home/developer/subochain/SuboChain/depends/MacOSX10.11.sdk -mlinker-version=253.9 -stdlib=libc++ -std=gnu++11 supports -c -o file.o
configure:16828: result: yes
configure:16858: checking whether the /home/developer/subochain/SuboChain/depends/x86_64-apple-darwin11/native/bin/clang++ -target x86_64-apple-darwin11 -mmacosx-version-min=10.8 --sysroot /home/developer/subochain/SuboChain/depends/MacOSX10.11.sdk -mlinker-version=253.9 -stdlib=libc++ -std=gnu++11 linker (/home/developer/subochain/SuboChain/depends/x86_64-apple-darwin11/native/bin/x86_64-apple-darwin11-ld) supports shared libraries
configure:16901: result: yes
configure:17044: checking dynamic linker characteristics
configure:18350: result: darwin11 dyld
configure:18415: checking how to hardcode library paths into programs
configure:18440: result: immediate
configure:18620: checking that generated files are newer than configure
configure:18626: result: done
configure:18653: creating ./config.status

## ---------------------- ##
## Running config.status. ##
## ---------------------- ##

This file was extended by univalue config.status 1.0.1, which was
generated by GNU Autoconf 2.72.  Invocation command line was

  CONFIG_FILES    = 
  CONFIG_HEADERS  = 
  CONFIG_LINKS    = 
  CONFIG_COMMANDS = 
  $ ./config.status 

on developer-X99

config.status:1157: creating Makefile
config.status:1157: creating pc/libunivalue.pc
config.status:1157: creating pc/libunivalue-uninstalled.pc
config.status:1157: creating univalue-config.h
config.status:1338: univalue-config.h is unchanged
config.status:1386: executing depfiles commands
config.status:1461: cd .       && sed -e '/# am--include-marker/d' Makefile         | make -f - am--depfiles
make: Nothing to be done for 'am--depfiles'.
config.status:1468: $? = 0
config.status:1386: executing libtool commands

## ---------------- ##
## Cache variables. ##
## ---------------- ##

ac_cv_build=x86_64-pc-linux-gnu
ac_cv_c_compiler_gnu=yes
ac_cv_cxx_compiler_gnu=yes
ac_cv_env_CCC_set=
ac_cv_env_CCC_value=
ac_cv_env_CC_set=
ac_cv_env_CC_value=
ac_cv_env_CFLAGS_set=
ac_cv_env_CFLAGS_value=
ac_cv_env_CPPFLAGS_set=
ac_cv_env_CPPFLAGS_value=
ac_cv_env_CXXCPP_set=
ac_cv_env_CXXCPP_value=
ac_cv_env_CXXFLAGS_set=
ac_cv_env_CXXFLAGS_value=
ac_cv_env_CXX_set=
ac_cv_env_CXX_value=
ac_cv_env_LDFLAGS_set=
ac_cv_env_LDFLAGS_value=
ac_cv_env_LIBS_set=
ac_cv_env_LIBS_value=
ac_cv_env_LT_SYS_LIBRARY_PATH_set=
ac_cv_env_LT_SYS_LIBRARY_PATH_value=
ac_cv_env_build_alias_set=
ac_cv_env_build_alias_value=
ac_cv_env_host_alias_set=set
ac_cv_env_host_alias_value=x86_64-apple-darwin11
ac_cv_env_target_alias_set=
ac_cv_env_target_alias_value=
ac_cv_header_dlfcn_h=yes
ac_cv_header_inttypes_h=yes
ac_cv_header_stdint_h=yes
ac_cv_header_stdio_h=yes
ac_cv_header_stdlib_h=yes
ac_cv_header_string_h=yes
ac_cv_header_strings_h=yes
ac_cv_header_sys_stat_h=yes
ac_cv_header_sys_types_h=yes
ac_cv_header_unistd_h=yes
ac_cv_host=x86_64-apple-darwin11
ac_cv_objext=o
ac_cv_path_EGREP='/usr/bin/grep -E'
ac_cv_path_EGREP_TRADITIONAL='/usr/bin/grep -E'
ac_cv_path_FGREP='/usr/bin/grep -F'
ac_cv_path_GREP=/usr/bin/grep
ac_cv_path_SED=/usr/bin/sed
ac_cv_path_ac_pt_AR=/home/developer/subochain/SuboChain/depends/x86_64-apple-darwin11/native/bin/x86_64-apple-darwin11-ar
ac_cv_path_ac_pt_NM=/home/developer/subochain/SuboChain/depends/x86_64-apple-darwin11/native/bin/x86_64-apple-darwin11-nm
ac_cv_path_ac_pt_RANLIB=/home/developer/subochain/SuboChain/depends/x86_64-apple-darwin11/native/bin/x86_64-apple-darwin11-ranlib
ac_cv_path_install='/usr/bin/install -c'
ac_cv_path_lt_DD=/usr/bin/dd
ac_cv_path_mkdir=/usr/bin/mkdir
ac_cv_prog_AR=/home/developer/subochain/SuboChain/depends/x86_64-apple-darwin11/native/bin/x86_64-apple-darwin11-ar
ac_cv_prog_AWK=mawk
ac_cv_prog_CC='/home/developer/subochain/SuboChain/depends/x86_64-apple-darwin11/native/bin/clang -target x86_64-apple-darwin11 -mmacosx-version-min=10.8 --sysroot /home/developer/subochain/SuboChain/depends/MacOSX10.11.sdk -mlinker-version=253.9'
ac_cv_prog_CXXCPP='/home/developer/subochain/SuboChain/depends/x86_64-apple-darwin11/native/bin/clang++ -target x86_64-apple-darwin11 -mmacosx-version-min=10.8 --sysroot /home/developer/subochain/SuboChain/depends/MacOSX10.11.sdk -mlinker-version=253.9 -stdlib=libc++ -std=gnu++11 -E'
ac_cv_prog_DSYMUTIL=x86_64-apple-darwin11-dsymutil
ac_cv_prog_FILECMD=file
ac_cv_prog_LIPO=x86_64-apple-darwin11-lipo
ac_cv_prog_NMEDIT=x86_64-apple-darwin11-nmedit
ac_cv_prog_OTOOL=x86_64-apple-darwin11-otool
ac_cv_prog_RANLIB=/home/developer/subochain/SuboChain/depends/x86_64-apple-darwin11/native/bin/x86_64-apple-darwin11-ranlib
ac_cv_prog_STRIP=x86_64-apple-darwin11-strip
ac_cv_prog_ac_ct_MANIFEST_TOOL=mt
ac_cv_prog_ac_ct_OBJDUMP=objdump
ac_cv_prog_cc_c11=
ac_cv_prog_cc_g=yes
ac_cv_prog_cc_stdc=
ac_cv_prog_cxx_cxx11=-std=gnu++11
ac_cv_prog_cxx_g=yes
ac_cv_prog_cxx_stdcxx=-std=gnu++11
ac_cv_prog_make_make_set=yes
am_cv_CC_dependencies_compiler_type=gcc3
am_cv_CXX_dependencies_compiler_type=gcc3
am_cv_filesystem_timestamp_resolution=0.01
am_cv_make_support_nested_variables=yes
am_cv_prog_cc_c_o=yes
am_cv_prog_tar_ustar=gnutar
am_cv_sleep_fractional_seconds=yes
am_cv_xargs_n_works=yes
lt_cv_apple_cc_single_mod=yes
lt_cv_ar_at_file=no
lt_cv_deplibs_check_method=pass_all
lt_cv_file_magic_cmd='$MAGIC_CMD'
lt_cv_file_magic_test_file=
lt_cv_ld_exported_symbols_list=yes
lt_cv_ld_force_load=yes
lt_cv_ld_reload_flag=-r
lt_cv_nm_interface='BSD nm'
lt_cv_objdir=.libs
lt_cv_path_LD=/home/developer/subochain/SuboChain/depends/x86_64-apple-darwin11/native/bin/x86_64-apple-darwin11-ld
lt_cv_path_LDCXX=/home/developer/subochain/SuboChain/depends/x86_64-apple-darwin11/native/bin/x86_64-apple-darwin11-ld
lt_cv_path_NM=/home/developer/subochain/SuboChain/depends/x86_64-apple-darwin11/native/bin/x86_64-apple-darwin11-nm
lt_cv_path_manifest_tool=no
lt_cv_prog_compiler_c_o=yes
lt_cv_prog_compiler_c_o_CXX=yes
lt_cv_prog_compiler_pic='-fno-common -DPIC'
lt_cv_prog_compiler_pic_CXX='-fno-common -DPIC'
lt_cv_prog_compiler_pic_works=yes
lt_cv_prog_compiler_pic_works_CXX=yes
lt_cv_prog_compiler_rtti_exceptions=yes
lt_cv_prog_compiler_static_works=no
lt_cv_prog_compiler_static_works_CXX=no
lt_cv_prog_gnu_ld=no
lt_cv_prog_gnu_ldcxx=no
lt_cv_sharedlib_from_linklib_cmd='printf %s\n'
lt_cv_support_no_fixup_chains=no
lt_cv_sys_global_symbol_pipe='/usr/bin/sed -n -e '\''s/^.*[	 ]\([BCDEGRST][BCDEGRST]*\)[	 ][	 ]*_\([_A-Za-z][_A-Za-z0-9]*\)$/\1 _\2 \2/p'\'' | /usr/bin/sed '\''/ __gnu_lto/d'\'''
lt_cv_sys_global_symbol_to_c_name_address='/usr/bin/sed -n -e '\''s/^: \(.*\) .*$/  {"\1", (void *) 0},/p'\'' -e '\''s/^[BCDEGRST][BCDEGRST]* .* \(.*\)$/  {"\1", (void *) \&\1},/p'\'''
lt_cv_sys_global_symbol_to_c_name_address_lib_prefix='/usr/bin/sed -n -e '\''s/^: \(.*\) .*$/  {"\1", (void *) 0},/p'\'' -e '\''s/^[BCDEGRST][BCDEGRST]* .* \(lib.*\)$/  {"\1", (void *) \&\1},/p'\'' -e '\''s/^[BCDEGRST][BCDEGRST]* .* \(.*\)$/  {"lib\1", (void *) \&\1},/p'\'''
lt_cv_sys_global_symbol_to_cdecl='/usr/bin/sed -n -e '\''s/^T .* \(.*\)$/extern int \1();/p'\'' -e '\''s/^[BCDEGRST][BCDEGRST]* .* \(.*\)$/extern char \1;/p'\'''
lt_cv_sys_global_symbol_to_import=
lt_cv_sys_max_cmd_len=1572864
lt_cv_to_host_file_cmd=func_convert_file_noop
lt_cv_to_tool_file_cmd=func_convert_file_noop
lt_cv_truncate_bin='/usr/bin/dd bs=4096 count=1'

## ----------------- ##
## Output variables. ##
## ----------------- ##

ACLOCAL='${SHELL} '\''/home/developer/subochain/SuboChain/src/univalue/build-aux/missing'\'' aclocal-1.18'
AMDEPBACKSLASH='\'
AMDEP_FALSE='#'
AMDEP_TRUE=''
AMTAR='$${TAR-tar}'
AM_BACKSLASH='\'
AM_DEFAULT_V='$(AM_DEFAULT_VERBOSITY)'
AM_DEFAULT_VERBOSITY='0'
AM_V='$(V)'
AR='/home/developer/subochain/SuboChain/depends/x86_64-apple-darwin11/native/bin/x86_64-apple-darwin11-ar'
AUTOCONF='${SHELL} '\''/home/developer/subochain/SuboChain/src/univalue/build-aux/missing'\'' autoconf'
AUTOHEADER='${SHELL} '\''/home/developer/subochain/SuboChain/src/univalue/build-aux/missing'\'' autoheader'
AUTOMAKE='${SHELL} '\''/home/developer/subochain/SuboChain/src/univalue/build-aux/missing'\'' automake-1.18'
AWK='mawk'
BUILD_EXEEXT=''
CC='/home/developer/subochain/SuboChain/depends/x86_64-apple-darwin11/native/bin/clang -target x86_64-apple-darwin11 -mmacosx-version-min=10.8 --sysroot /home/developer/subochain/SuboChain/depends/MacOSX10.11.sdk -mlinker-version=253.9'
CCDEPMODE='depmode=gcc3'
CFLAGS='-pipe -O2 '
CPPFLAGS='-I/home/developer/subochain/SuboChain/depends/x86_64-apple-darwin11/share/../include/ '
CSCOPE='cscope'
CTAGS='ctags'
CXX='/home/developer/subochain/SuboChain/depends/x86_64-apple-darwin11/native/bin/clang++ -target x86_64-apple-darwin11 -mmacosx-version-min=10.8 --sysroot /home/developer/subochain/SuboChain/depends/MacOSX10.11.sdk -mlinker-version=253.9 -stdlib=libc++ -std=gnu++11'
CXXCPP='/home/developer/subochain/SuboChain/depends/x86_64-apple-darwin11/native/bin/clang++ -target x86_64-apple-darwin11 -mmacosx-version-min=10.8 --sysroot /home/developer/subochain/SuboChain/depends/MacOSX10.11.sdk -mlinker-version=253.9 -stdlib=libc++ -std=gnu++11 -E'
CXXDEPMODE='depmode=gcc3'
CXXFLAGS='-pipe -O2 '
CYGPATH_W='echo'
DEFS='-DHAVE_CONFIG_H'
DEPDIR='.deps'
DLLTOOL='false'
DSYMUTIL='x86_64-apple-darwin11-dsymutil'
DUMPBIN=''
ECHO_C=''
ECHO_N='-n'
ECHO_T=''
EGREP='/usr/bin/grep -E'
ETAGS='etags'
EXEEXT=''
FGREP='/usr/bin/grep -F'
FILECMD='file'
GREP='/usr/bin/grep'
INSTALL_DATA='${INSTALL} -m 644'
INSTALL_PROGRAM='${INSTALL}'
INSTALL_SCRIPT='${INSTALL}'
INSTALL_STRIP_PROGRAM='$(install_sh) -c -s'
LD='/home/developer/subochain/SuboChain/depends/x86_64-apple-darwin11/native/bin/x86_64-apple-darwin11-ld'
LDFLAGS='-L/home/developer/subochain/SuboChain/depends/x86_64-apple-darwin11/share/../lib '
LIBOBJS=''
LIBS=''
LIBTOOL='$(SHELL) $(top_builddir)/libtool'
LIBTOOL_APP_LDFLAGS=''
LIBUNIVALUE_AGE='100'
LIBUNIVALUE_CURRENT='100'
LIBUNIVALUE_REVISION='1'
LIPO='x86_64-apple-darwin11-lipo'
LN_S='ln -s'
LTLIBOBJS=''
LT_SYS_LIBRARY_PATH=''
MAKEINFO='${SHELL} '\''/home/developer/subochain/SuboChain/src/univalue/build-aux/missing'\'' makeinfo'
MANIFEST_TOOL=':'
MKDIR_P='/usr/bin/mkdir -p'
NM='/home/developer/subochain/SuboChain/depends/x86_64-apple-darwin11/native/bin/x86_64-apple-darwin11-nm'
NMEDIT='x86_64-apple-darwin11-nmedit'
OBJDUMP='objdump'
OBJEXT='o'
OTOOL64=':'
OTOOL='x86_64-apple-darwin11-otool'
PACKAGE='univalue'
PACKAGE_BUGREPORT='http://github.com/jgarzik/univalue/'
PACKAGE_NAME='univalue'
PACKAGE_STRING='univalue 1.0.1'
PACKAGE_TARNAME='univalue'
PACKAGE_URL=''
PACKAGE_VERSION='1.0.1'
PATH_SEPARATOR=':'
RANLIB='/home/developer/subochain/SuboChain/depends/x86_64-apple-darwin11/native/bin/x86_64-apple-darwin11-ranlib'
SED='/usr/bin/sed'
SET_MAKE=''
SHELL='/bin/bash'
STRIP='x86_64-apple-darwin11-strip'
VERSION='1.0.1'
ac_ct_AR=''
ac_ct_CC=''
ac_ct_CXX=''
ac_ct_DUMPBIN=''
am__EXEEXT_FALSE=''
am__EXEEXT_TRUE='#'
am__fastdepCC_FALSE='#'
am__fastdepCC_TRUE=''
am__fastdepCXX_FALSE='#'
am__fastdepCXX_TRUE=''
am__include='include'
am__isrc=''
am__leading_dot='.'
am__nodep='_no'
am__quote=''
am__rm_f_notfound=''
am__tar='tar --format=ustar -chf - "$$tardir"'
am__untar='tar -xf -'
am__xargs_n='xargs -n'
bindir='${exec_prefix}/bin'
build='x86_64-pc-linux-gnu'
build_alias=''
build_cpu='x86_64'
build_os='linux-gnu'
build_vendor='pc'
datadir='${datarootdir}'
datarootdir='${prefix}/share'
docdir='${datarootdir}/doc/${PACKAGE_TARNAME}'
dvidir='${docdir}'
exec_prefix='${prefix}'
host='x86_64-apple-darwin11'
host_alias='x86_64-apple-darwin11'
host_cpu='x86_64'
host_os='darwin11'
host_vendor='apple'
htmldir='${docdir}'
includedir='${prefix}/include'
infodir='${datarootdir}/info'
install_sh='${SHELL} /home/developer/subochain/SuboChain/src/univalue/build-aux/install-sh'
libdir='${exec_prefix}/lib'
libexecdir='${exec_prefix}/libexec'
localedir='${datarootdir}/locale'
localstatedir='${prefix}/var'
mandir='${datarootdir}/man'
mkdir_p='$(MKDIR_P)'
oldincludedir='/usr/include'
pdfdir='${docdir}'
prefix='/home/developer/subochain/SuboChain/depends/x86_64-apple-darwin11'
program_transform_name='s,x,x,'
psdir='${docdir}'
runstatedir='${localstatedir}/run'
sbindir='${exec_prefix}/sbin'
sharedstatedir='${prefix}/com'
sysconfdir='${prefix}/etc'
target_alias=''

## ----------- ##
## confdefs.h. ##
## ----------- ##

/* confdefs.h */
#define PACKAGE_NAME "univalue"
#define PACKAGE_TARNAME "univalue"
#define PACKAGE_VERSION "1.0.1"
#define PACKAGE_STRING "univalue 1.0.1"
#define PACKAGE_BUGREPORT "http://github.com/jgarzik/univalue/"
#define PACKAGE_URL ""
#define PACKAGE "univalue"
#define VERSION "1.0.1"
#define HAVE_STDIO_H 1
#define HAVE_STDLIB_H 1
#define HAVE_STRING_H 1
#define HAVE_INTTYPES_H 1
#define HAVE_STDINT_H 1
#define HAVE_STRINGS_H 1
#define HAVE_SYS_STAT_H 1
#define HAVE_SYS_TYPES_H 1
#define HAVE_UNISTD_H 1
#define STDC_HEADERS 1
#define HAVE_DLFCN_H 1
#define LT_OBJDIR ".libs/"

configure: exit 0
