This file contains any messages produced by compilers while
running configure, to aid debugging if configure makes a mistake.

It was created by libsecp256k1 configure 0.1, which was
generated by GNU Autoconf 2.72.  Invocation command line was

  $ ./configure --disable-option-checking --prefix=/home/developer/subochain/SuboChain/depends/x86_64-apple-darwin11 --host=x86_64-apple-darwin11 host_alias=x86_64-apple-darwin11 --disable-shared --with-pic --with-bignum=no --enable-module-recovery --cache-file=/dev/null --srcdir=.

## --------- ##
## Platform. ##
## --------- ##

hostname = developer-X99
uname -m = x86_64
uname -r = 7.0.0-29-generic
uname -s = Linux
uname -v = #29-Ubuntu SMP PREEMPT_DYNAMIC Fri Jul 17 20:52:35 UTC 2026

/usr/bin/uname -p = unknown
/bin/uname -X     = unknown

/bin/arch              = x86_64
/usr/bin/arch -k       = unknown
/usr/convex/getsysinfo = unknown
/usr/bin/hostinfo      = unknown
/bin/machine           = unknown
/usr/bin/oslevel       = unknown
/bin/universe          = unknown

PATH: /home/developer/subochain/SuboChain/depends/x86_64-apple-darwin11/share/../native/bin/
PATH: /home/developer/.local/bin/
PATH: /home/developer/.mimocode/bin/
PATH: /home/developer/.grok/bin/
PATH: /usr/local/sbin/
PATH: /usr/local/bin/
PATH: /usr/sbin/
PATH: /usr/bin/
PATH: /sbin/
PATH: /bin/
PATH: /usr/games/
PATH: /usr/local/games/
PATH: /snap/bin/
PATH: /snap/bin/
PATH: /home/developer/.lmstudio/bin/
PATH: /home/developer/.lmstudio/bin/


## ----------- ##
## Core tests. ##
## ----------- ##

configure:2215: loading site script /home/developer/subochain/SuboChain/depends/x86_64-apple-darwin11/share/config.site
| depends_prefix="`dirname ${ac_site_file}`/.."
| 
| cross_compiling=maybe
| host_alias=x86_64-apple-darwin11
| ac_tool_prefix=${host_alias}-
| 
| if test -z $with_boost; then
|   with_boost=$depends_prefix
| fi
| if test -z $with_qt_plugindir; then
|   with_qt_plugindir=$depends_prefix/plugins
| fi
| if test -z $with_qt_translationdir; then
|   with_qt_translationdir=$depends_prefix/translations
| fi
| if test -z $with_qt_bindir; then
|   with_qt_bindir=$depends_prefix/native/bin
| fi
| if test -z $with_protoc_bindir; then
|   with_protoc_bindir=$depends_prefix/native/bin
| fi
| 
| 
| if test -z $enable_wallet && test -n ""; then
|   enable_wallet=no
| fi
| 
| if test -z $with_miniupnpc && test -n ""; then
|   with_miniupnpc=no
| fi
| 
| if test -z $with_gui && test -n ""; then
|   with_gui=no
| fi
| 
| if test xdarwin = xdarwin; then
|   BREW=no
|   PORT=no
| fi
| 
| if test xdarwin = xmingw32; then
|   if test -z $with_qt_incdir; then
|     with_qt_incdir=$depends_prefix/include
|   fi
|   if test -z $with_qt_libdir; then
|     with_qt_libdir=$depends_prefix/lib
|   fi
| fi
| 
| PATH=$depends_prefix/native/bin:$PATH
| PKG_CONFIG="`which pkg-config` --static"
| 
| # These two need to remain exported because pkg-config does not see them
| # otherwise. That means they must be unexported at the end of configure.ac to
| # avoid ruining the cache. Sigh.
| 
| export PKG_CONFIG_LIBDIR=$depends_prefix/lib/pkgconfig
| export PKG_CONFIG_PATH=$depends_prefix/share/pkgconfig
| 
| CPPFLAGS="-I$depends_prefix/include/ $CPPFLAGS"
| LDFLAGS="-L$depends_prefix/lib $LDFLAGS"
| 
| CC="/home/developer/subochain/SuboChain/depends/x86_64-apple-darwin11/native/bin/clang -target x86_64-apple-darwin11 -mmacosx-version-min=10.8 --sysroot /home/developer/subochain/SuboChain/depends/MacOSX10.11.sdk -mlinker-version=253.9"
| CXX="/home/developer/subochain/SuboChain/depends/x86_64-apple-darwin11/native/bin/clang++ -target x86_64-apple-darwin11 -mmacosx-version-min=10.8 --sysroot /home/developer/subochain/SuboChain/depends/MacOSX10.11.sdk -mlinker-version=253.9 -stdlib=libc++"
| OBJC="${CC}"
| CCACHE=$depends_prefix/native/bin/ccache
| PYTHONPATH=$depends_prefix/native/lib/python/dist-packages:$PYTHONPATH
| 
| if test -n "/home/developer/subochain/SuboChain/depends/x86_64-apple-darwin11/native/bin/x86_64-apple-darwin11-ar"; then
|   AR=/home/developer/subochain/SuboChain/depends/x86_64-apple-darwin11/native/bin/x86_64-apple-darwin11-ar
|   ac_cv_path_ac_pt_AR=${AR}
| fi
| 
| if test -n "/home/developer/subochain/SuboChain/depends/x86_64-apple-darwin11/native/bin/x86_64-apple-darwin11-ranlib"; then
|   RANLIB=/home/developer/subochain/SuboChain/depends/x86_64-apple-darwin11/native/bin/x86_64-apple-darwin11-ranlib
|   ac_cv_path_ac_pt_RANLIB=${RANLIB}
| fi
| 
| if test -n "/home/developer/subochain/SuboChain/depends/x86_64-apple-darwin11/native/bin/x86_64-apple-darwin11-nm"; then
|   NM=/home/developer/subochain/SuboChain/depends/x86_64-apple-darwin11/native/bin/x86_64-apple-darwin11-nm
|   ac_cv_path_ac_pt_NM=${NM}
| fi
| 
| if test -n ""; then
|   enable_reduce_exports=no
| fi
| 
| if test -n "-pipe -O2"; then
|   CFLAGS="-pipe -O2 $CFLAGS"
| fi
| if test -n "-pipe -O2"; then
|   CXXFLAGS="-pipe -O2 $CXXFLAGS"
| fi
| if test -n ""; then
|   CPPFLAGS=" $CPPFLAGS"
| fi
| if test -n ""; then
|   LDFLAGS=" $LDFLAGS"
| fi
configure:2591: looking for aux files: compile ltmain.sh missing install-sh config.guess config.sub
configure:2604:  trying ./build-aux/
configure:2633:   ./build-aux/compile found
configure:2633:   ./build-aux/ltmain.sh found
configure:2633:   ./build-aux/missing found
configure:2615:   ./build-aux/install-sh found
configure:2633:   ./build-aux/config.guess found
configure:2633:   ./build-aux/config.sub found
configure:2754: checking build system type
configure:2770: result: x86_64-pc-linux-gnu
configure:2790: checking host system type
configure:2805: result: x86_64-apple-darwin11
configure:2845: checking for a BSD-compatible install
configure:2919: result: /usr/bin/install -c
configure:2930: checking whether sleep supports fractional seconds
configure:2946: result: yes
configure:2949: checking filesystem timestamp resolution
configure:3084: result: 0.01
configure:3089: checking whether build environment is sane
configure:3134: result: yes
configure:3200: checking for x86_64-apple-darwin11-strip
configure:3221: found /home/developer/subochain/SuboChain/depends/x86_64-apple-darwin11/share/../native/bin/x86_64-apple-darwin11-strip
configure:3233: result: x86_64-apple-darwin11-strip
configure:3305: checking for a race-free mkdir -p
configure:3348: result: /usr/bin/mkdir -p
configure:3355: checking for gawk
configure:3391: result: no
configure:3355: checking for mawk
configure:3376: found /usr/bin/mawk
configure:3388: result: mawk
configure:3399: checking whether make sets $(MAKE)
configure:3423: result: yes
configure:3449: checking whether make supports nested variables
configure:3468: result: yes
configure:3482: checking xargs -n works
configure:3498: result: yes
configure:3583: checking whether UID '1000' is supported by ustar format
configure:3589: result: yes
configure:3596: checking whether GID '1000' is supported by ustar format
configure:3602: result: yes
configure:3610: checking how to create a ustar tar archive
configure:3621: tar --version
tar (GNU tar) 1.35
Copyright (C) 2023 Free Software Foundation, Inc.
License GPLv3+: GNU GPL version 3 or later <https://gnu.org/licenses/gpl.html>.
This is free software: you are free to change and redistribute it.
There is NO WARRANTY, to the extent permitted by law.

Written by John Gilmore and Jay Fenlason.
configure:3624: $? = 0
configure:3664: tardir=conftest.dir && eval tar --format=ustar -chf - "$tardir" >conftest.tar
configure:3667: $? = 0
configure:3671: tar -xf - <conftest.tar
configure:3674: $? = 0
configure:3676: cat conftest.dir/file
GrepMe
configure:3679: $? = 0
configure:3694: result: gnutar
configure:3767: checking how to print strings
configure:3794: result: printf
configure:3828: checking whether make supports the include directive
configure:3843: make -f confmf.GNU && cat confinc.out
this is the am__doit target
configure:3846: $? = 0
configure:3865: result: yes (GNU style)
configure:3896: checking for x86_64-apple-darwin11-gcc
configure:3929: result: /home/developer/subochain/SuboChain/depends/x86_64-apple-darwin11/native/bin/clang -target x86_64-apple-darwin11 -mmacosx-version-min=10.8 --sysroot /home/developer/subochain/SuboChain/depends/MacOSX10.11.sdk -mlinker-version=253.9
configure:4334: checking for C compiler version
configure:4343: /home/developer/subochain/SuboChain/depends/x86_64-apple-darwin11/native/bin/clang -target x86_64-apple-darwin11 -mmacosx-version-min=10.8 --sysroot /home/developer/subochain/SuboChain/depends/MacOSX10.11.sdk -mlinker-version=253.9 --version >&5
clang version 3.7.1 (tags/RELEASE_371/final)
Target: x86_64-apple-darwin11
Thread model: posix
configure:4354: $? = 0
configure:4343: /home/developer/subochain/SuboChain/depends/x86_64-apple-darwin11/native/bin/clang -target x86_64-apple-darwin11 -mmacosx-version-min=10.8 --sysroot /home/developer/subochain/SuboChain/depends/MacOSX10.11.sdk -mlinker-version=253.9 -v >&5
clang version 3.7.1 (tags/RELEASE_371/final)
Target: x86_64-apple-darwin11
Thread model: posix
clang: warning: argument unused during compilation: '-mmacosx-version-min=10.8'
clang: warning: argument unused during compilation: '-mlinker-version=253.9'
configure:4354: $? = 0
configure:4343: /home/developer/subochain/SuboChain/depends/x86_64-apple-darwin11/native/bin/clang -target x86_64-apple-darwin11 -mmacosx-version-min=10.8 --sysroot /home/developer/subochain/SuboChain/depends/MacOSX10.11.sdk -mlinker-version=253.9 -V >&5
clang: error: argument to '-V' is missing (expected 1 value)
clang: error: no input files
configure:4354: $? = 1
configure:4343: /home/developer/subochain/SuboChain/depends/x86_64-apple-darwin11/native/bin/clang -target x86_64-apple-darwin11 -mmacosx-version-min=10.8 --sysroot /home/developer/subochain/SuboChain/depends/MacOSX10.11.sdk -mlinker-version=253.9 -qversion >&5
clang: error: unknown argument: '-qversion'
clang: error: no input files
configure:4354: $? = 1
configure:4343: /home/developer/subochain/SuboChain/depends/x86_64-apple-darwin11/native/bin/clang -target x86_64-apple-darwin11 -mmacosx-version-min=10.8 --sysroot /home/developer/subochain/SuboChain/depends/MacOSX10.11.sdk -mlinker-version=253.9 -version >&5
clang: error: unknown argument: '-version'
clang: error: no input files
configure:4354: $? = 1
configure:4374: checking whether the C compiler works
configure:4396: /home/developer/subochain/SuboChain/depends/x86_64-apple-darwin11/native/bin/clang -target x86_64-apple-darwin11 -mmacosx-version-min=10.8 --sysroot /home/developer/subochain/SuboChain/depends/MacOSX10.11.sdk -mlinker-version=253.9 -pipe -O2  -I/home/developer/subochain/SuboChain/depends/x86_64-apple-darwin11/share/../include/  -L/home/developer/subochain/SuboChain/depends/x86_64-apple-darwin11/share/../lib  conftest.c  >&5
configure:4400: $? = 0
configure:4451: result: yes
configure:4455: checking for C compiler default output file name
configure:4457: result: a.out
configure:4463: checking for suffix of executables
configure:4470: /home/developer/subochain/SuboChain/depends/x86_64-apple-darwin11/native/bin/clang -target x86_64-apple-darwin11 -mmacosx-version-min=10.8 --sysroot /home/developer/subochain/SuboChain/depends/MacOSX10.11.sdk -mlinker-version=253.9 -o conftest -pipe -O2  -I/home/developer/subochain/SuboChain/depends/x86_64-apple-darwin11/share/../include/  -L/home/developer/subochain/SuboChain/depends/x86_64-apple-darwin11/share/../lib  conftest.c  >&5
configure:4474: $? = 0
configure:4498: result: 
configure:4522: checking whether we are cross compiling
configure:4530: /home/developer/subochain/SuboChain/depends/x86_64-apple-darwin11/native/bin/clang -target x86_64-apple-darwin11 -mmacosx-version-min=10.8 --sysroot /home/developer/subochain/SuboChain/depends/MacOSX10.11.sdk -mlinker-version=253.9 -o conftest -pipe -O2  -I/home/developer/subochain/SuboChain/depends/x86_64-apple-darwin11/share/../include/  -L/home/developer/subochain/SuboChain/depends/x86_64-apple-darwin11/share/../lib  conftest.c  >&5
configure:4534: $? = 0
configure:4541: ./conftest
./configure: line 4543: ./conftest: cannot execute binary file: Exec format error
configure:4545: $? = 126
configure:4560: result: yes
configure:4566: checking for suffix of object files
configure:4589: /home/developer/subochain/SuboChain/depends/x86_64-apple-darwin11/native/bin/clang -target x86_64-apple-darwin11 -mmacosx-version-min=10.8 --sysroot /home/developer/subochain/SuboChain/depends/MacOSX10.11.sdk -mlinker-version=253.9 -c -pipe -O2  -I/home/developer/subochain/SuboChain/depends/x86_64-apple-darwin11/share/../include/  conftest.c >&5
configure:4593: $? = 0
configure:4617: result: o
configure:4621: checking whether the compiler supports GNU C
configure:4641: /home/developer/subochain/SuboChain/depends/x86_64-apple-darwin11/native/bin/clang -target x86_64-apple-darwin11 -mmacosx-version-min=10.8 --sysroot /home/developer/subochain/SuboChain/depends/MacOSX10.11.sdk -mlinker-version=253.9 -c -pipe -O2  -I/home/developer/subochain/SuboChain/depends/x86_64-apple-darwin11/share/../include/  conftest.c >&5
configure:4641: $? = 0
configure:4653: result: yes
configure:4664: checking whether /home/developer/subochain/SuboChain/depends/x86_64-apple-darwin11/native/bin/clang -target x86_64-apple-darwin11 -mmacosx-version-min=10.8 --sysroot /home/developer/subochain/SuboChain/depends/MacOSX10.11.sdk -mlinker-version=253.9 accepts -g
configure:4685: /home/developer/subochain/SuboChain/depends/x86_64-apple-darwin11/native/bin/clang -target x86_64-apple-darwin11 -mmacosx-version-min=10.8 --sysroot /home/developer/subochain/SuboChain/depends/MacOSX10.11.sdk -mlinker-version=253.9 -c -g -I/home/developer/subochain/SuboChain/depends/x86_64-apple-darwin11/share/../include/  conftest.c >&5
configure:4685: $? = 0
configure:4732: result: yes
configure:4752: checking for /home/developer/subochain/SuboChain/depends/x86_64-apple-darwin11/native/bin/clang -target x86_64-apple-darwin11 -mmacosx-version-min=10.8 --sysroot /home/developer/subochain/SuboChain/depends/MacOSX10.11.sdk -mlinker-version=253.9 option to enable C11 features
configure:4767: /home/developer/subochain/SuboChain/depends/x86_64-apple-darwin11/native/bin/clang -target x86_64-apple-darwin11 -mmacosx-version-min=10.8 --sysroot /home/developer/subochain/SuboChain/depends/MacOSX10.11.sdk -mlinker-version=253.9  -c -pipe -O2  -I/home/developer/subochain/SuboChain/depends/x86_64-apple-darwin11/share/../include/  conftest.c >&5
configure:4767: $? = 0
configure:4786: result: none needed
configure:4910: checking whether /home/developer/subochain/SuboChain/depends/x86_64-apple-darwin11/native/bin/clang -target x86_64-apple-darwin11 -mmacosx-version-min=10.8 --sysroot /home/developer/subochain/SuboChain/depends/MacOSX10.11.sdk -mlinker-version=253.9 understands -c and -o together
configure:4933: /home/developer/subochain/SuboChain/depends/x86_64-apple-darwin11/native/bin/clang -target x86_64-apple-darwin11 -mmacosx-version-min=10.8 --sysroot /home/developer/subochain/SuboChain/depends/MacOSX10.11.sdk -mlinker-version=253.9 -c conftest.c -o conftest2.o
configure:4936: $? = 0
configure:4933: /home/developer/subochain/SuboChain/depends/x86_64-apple-darwin11/native/bin/clang -target x86_64-apple-darwin11 -mmacosx-version-min=10.8 --sysroot /home/developer/subochain/SuboChain/depends/MacOSX10.11.sdk -mlinker-version=253.9 -c conftest.c -o conftest2.o
configure:4936: $? = 0
configure:4952: result: yes
configure:4971: checking dependency style of /home/developer/subochain/SuboChain/depends/x86_64-apple-darwin11/native/bin/clang -target x86_64-apple-darwin11 -mmacosx-version-min=10.8 --sysroot /home/developer/subochain/SuboChain/depends/MacOSX10.11.sdk -mlinker-version=253.9
configure:5084: result: gcc3
configure:5099: checking for a sed that does not truncate output
configure:5171: result: /usr/bin/sed
configure:5189: checking for grep that handles long lines and -e
configure:5255: result: /usr/bin/grep
configure:5260: checking for egrep
configure:5330: result: /usr/bin/grep -E
configure:5337: checking for fgrep
configure:5407: result: /usr/bin/grep -F
configure:5444: checking for ld used by /home/developer/subochain/SuboChain/depends/x86_64-apple-darwin11/native/bin/clang -target x86_64-apple-darwin11 -mmacosx-version-min=10.8 --sysroot /home/developer/subochain/SuboChain/depends/MacOSX10.11.sdk -mlinker-version=253.9
configure:5513: result: /home/developer/subochain/SuboChain/depends/x86_64-apple-darwin11/native/bin/x86_64-apple-darwin11-ld
configure:5520: checking if the linker (/home/developer/subochain/SuboChain/depends/x86_64-apple-darwin11/native/bin/x86_64-apple-darwin11-ld) is GNU ld
configure:5537: result: no
configure:5549: checking for BSD- or MS-compatible name lister (nm)
configure:5605: result: /home/developer/subochain/SuboChain/depends/x86_64-apple-darwin11/native/bin/x86_64-apple-darwin11-nm
configure:5747: checking the name lister (/home/developer/subochain/SuboChain/depends/x86_64-apple-darwin11/native/bin/x86_64-apple-darwin11-nm) interface
configure:5755: /home/developer/subochain/SuboChain/depends/x86_64-apple-darwin11/native/bin/clang -target x86_64-apple-darwin11 -mmacosx-version-min=10.8 --sysroot /home/developer/subochain/SuboChain/depends/MacOSX10.11.sdk -mlinker-version=253.9 -c -pipe -O2  -I/home/developer/subochain/SuboChain/depends/x86_64-apple-darwin11/share/../include/  conftest.c >&5
configure:5758: /home/developer/subochain/SuboChain/depends/x86_64-apple-darwin11/native/bin/x86_64-apple-darwin11-nm "conftest.o"
configure:5761: output
0000000000000000 S _some_variable
configure:5769: result: BSD nm
configure:5772: checking whether ln -s works
configure:5776: result: yes
configure:5784: checking the maximum length of command line arguments
configure:5917: result: 1572864
configure:5965: checking how to convert x86_64-pc-linux-gnu file names to x86_64-apple-darwin11 format
configure:6007: result: func_convert_file_noop
configure:6014: checking how to convert x86_64-pc-linux-gnu file names to toolchain format
configure:6036: result: func_convert_file_noop
configure:6043: checking for /home/developer/subochain/SuboChain/depends/x86_64-apple-darwin11/native/bin/x86_64-apple-darwin11-ld option to reload object files
configure:6052: result: -r
configure:6085: checking for file
configure:6106: found /usr/bin/file
configure:6119: result: file
configure:6136: checking for x86_64-apple-darwin11-objdump
configure:6172: result: no
configure:6182: checking for objdump
configure:6203: found /usr/bin/objdump
configure:6215: result: objdump
configure:6227: WARNING: using cross tools not prefixed with host triplet
configure:6247: checking how to recognize dependent libraries
configure:6456: result: pass_all
configure:6501: checking for x86_64-apple-darwin11-dlltool
configure:6537: result: no
configure:6547: checking for dlltool
configure:6583: result: no
configure:6613: checking how to associate runtime and link libraries
configure:6642: result: printf %s\n
configure:6657: checking for x86_64-apple-darwin11-ranlib
configure:6690: result: /home/developer/subochain/SuboChain/depends/x86_64-apple-darwin11/native/bin/x86_64-apple-darwin11-ranlib
configure:6763: checking for x86_64-apple-darwin11-ar
configure:6796: result: /home/developer/subochain/SuboChain/depends/x86_64-apple-darwin11/native/bin/x86_64-apple-darwin11-ar
configure:6899: checking for archiver @FILE support
configure:6917: /home/developer/subochain/SuboChain/depends/x86_64-apple-darwin11/native/bin/clang -target x86_64-apple-darwin11 -mmacosx-version-min=10.8 --sysroot /home/developer/subochain/SuboChain/depends/MacOSX10.11.sdk -mlinker-version=253.9 -c -pipe -O2  -I/home/developer/subochain/SuboChain/depends/x86_64-apple-darwin11/share/../include/  conftest.c >&5
configure:6917: $? = 0
configure:6921: /home/developer/subochain/SuboChain/depends/x86_64-apple-darwin11/native/bin/x86_64-apple-darwin11-ar cr libconftest.a @conftest.lst >&5
x86_64-apple-darwin11-ar: @conftest.lst: No such file or directory
configure:6924: $? = 1
configure:6945: result: no
configure:6963: checking for x86_64-apple-darwin11-strip
configure:6996: result: x86_64-apple-darwin11-strip
configure:7145: checking command to parse /home/developer/subochain/SuboChain/depends/x86_64-apple-darwin11/native/bin/x86_64-apple-darwin11-nm output from /home/developer/subochain/SuboChain/depends/x86_64-apple-darwin11/native/bin/clang -target x86_64-apple-darwin11 -mmacosx-version-min=10.8 --sysroot /home/developer/subochain/SuboChain/depends/MacOSX10.11.sdk -mlinker-version=253.9 object
configure:7299: /home/developer/subochain/SuboChain/depends/x86_64-apple-darwin11/native/bin/clang -target x86_64-apple-darwin11 -mmacosx-version-min=10.8 --sysroot /home/developer/subochain/SuboChain/depends/MacOSX10.11.sdk -mlinker-version=253.9 -c -pipe -O2  -I/home/developer/subochain/SuboChain/depends/x86_64-apple-darwin11/share/../include/  conftest.c >&5
configure:7302: $? = 0
configure:7306: /home/developer/subochain/SuboChain/depends/x86_64-apple-darwin11/native/bin/x86_64-apple-darwin11-nm conftest.o | /usr/bin/sed -n -e 's/^.*[	 ]\([BCDEGRST][BCDEGRST]*\)[	 ][	 ]*\([_A-Za-z][_A-Za-z0-9]*\)$/\1 \2 \2/p' | /usr/bin/sed '/ __gnu_lto/d' > conftest.nm
cannot find nm_test_var in conftest.nm
configure:7299: /home/developer/subochain/SuboChain/depends/x86_64-apple-darwin11/native/bin/clang -target x86_64-apple-darwin11 -mmacosx-version-min=10.8 --sysroot /home/developer/subochain/SuboChain/depends/MacOSX10.11.sdk -mlinker-version=253.9 -c -pipe -O2  -I/home/developer/subochain/SuboChain/depends/x86_64-apple-darwin11/share/../include/  conftest.c >&5
configure:7302: $? = 0
configure:7306: /home/developer/subochain/SuboChain/depends/x86_64-apple-darwin11/native/bin/x86_64-apple-darwin11-nm conftest.o | /usr/bin/sed -n -e 's/^.*[	 ]\([BCDEGRST][BCDEGRST]*\)[	 ][	 ]*_\([_A-Za-z][_A-Za-z0-9]*\)$/\1 _\2 \2/p' | /usr/bin/sed '/ __gnu_lto/d' > conftest.nm
configure:7372: /home/developer/subochain/SuboChain/depends/x86_64-apple-darwin11/native/bin/clang -target x86_64-apple-darwin11 -mmacosx-version-min=10.8 --sysroot /home/developer/subochain/SuboChain/depends/MacOSX10.11.sdk -mlinker-version=253.9 -o conftest -pipe -O2  -I/home/developer/subochain/SuboChain/depends/x86_64-apple-darwin11/share/../include/  -L/home/developer/subochain/SuboChain/depends/x86_64-apple-darwin11/share/../lib  conftest.c conftstm.o >&5
configure:7375: $? = 0
configure:7414: result: ok
configure:7461: checking for sysroot
configure:7495: result: no
configure:7502: checking for a working dd
configure:7547: result: /usr/bin/dd
configure:7551: checking how to truncate binary pipes
configure:7568: result: /usr/bin/dd bs=4096 count=1
configure:7862: checking for x86_64-apple-darwin11-mt
configure:7898: result: no
configure:7908: checking for mt
configure:7929: found /usr/bin/mt
configure:7941: result: mt
configure:7964: checking if mt is a manifest tool
configure:7971: mt '-?'
configure:7980: result: no
configure:7996: checking for x86_64-apple-darwin11-dsymutil
configure:8017: found /home/developer/subochain/SuboChain/depends/x86_64-apple-darwin11/share/../native/bin/x86_64-apple-darwin11-dsymutil
configure:8029: result: x86_64-apple-darwin11-dsymutil
configure:8100: checking for x86_64-apple-darwin11-nmedit
configure:8121: found /home/developer/subochain/SuboChain/depends/x86_64-apple-darwin11/share/../native/bin/x86_64-apple-darwin11-nmedit
configure:8133: result: x86_64-apple-darwin11-nmedit
configure:8204: checking for x86_64-apple-darwin11-lipo
configure:8225: found /home/developer/subochain/SuboChain/depends/x86_64-apple-darwin11/share/../native/bin/x86_64-apple-darwin11-lipo
configure:8237: result: x86_64-apple-darwin11-lipo
configure:8308: checking for x86_64-apple-darwin11-otool
configure:8329: found /home/developer/subochain/SuboChain/depends/x86_64-apple-darwin11/share/../native/bin/x86_64-apple-darwin11-otool
configure:8341: result: x86_64-apple-darwin11-otool
configure:8412: checking for x86_64-apple-darwin11-otool64
configure:8448: result: no
configure:8458: checking for otool64
configure:8494: result: no
configure:8539: checking for -single_module linker flag
/home/developer/subochain/SuboChain/depends/x86_64-apple-darwin11/native/bin/clang -target x86_64-apple-darwin11 -mmacosx-version-min=10.8 --sysroot /home/developer/subochain/SuboChain/depends/MacOSX10.11.sdk -mlinker-version=253.9 -pipe -O2  -L/home/developer/subochain/SuboChain/depends/x86_64-apple-darwin11/share/../lib  -o libconftest.dylib -dynamiclib -Wl,-single_module conftest.c
configure:8574: result: yes
configure:8579: checking for -no_fixup_chains linker flag
configure:8598: /home/developer/subochain/SuboChain/depends/x86_64-apple-darwin11/native/bin/clang -target x86_64-apple-darwin11 -mmacosx-version-min=10.8 --sysroot /home/developer/subochain/SuboChain/depends/MacOSX10.11.sdk -mlinker-version=253.9 -o conftest -pipe -O2  -I/home/developer/subochain/SuboChain/depends/x86_64-apple-darwin11/share/../include/  -L/home/developer/subochain/SuboChain/depends/x86_64-apple-darwin11/share/../lib  -Wl,-no_fixup_chains conftest.c  >&5
ld: unknown option: -no_fixup_chains
clang: error: linker command failed with exit code 1 (use -v to see invocation)
configure:8598: $? = 1
configure: failed program was:
| /* confdefs.h */
| #define PACKAGE_NAME "libsecp256k1"
| #define PACKAGE_TARNAME "libsecp256k1"
| #define PACKAGE_VERSION "0.1"
| #define PACKAGE_STRING "libsecp256k1 0.1"
| #define PACKAGE_BUGREPORT ""
| #define PACKAGE_URL ""
| #define PACKAGE "libsecp256k1"
| #define VERSION "0.1"
| /* end confdefs.h.  */
| 
| int
| main (void)
| {
| 
|   ;
|   return 0;
| }
configure:8613: result: no
configure:8616: checking for -exported_symbols_list linker flag
configure:8637: /home/developer/subochain/SuboChain/depends/x86_64-apple-darwin11/native/bin/clang -target x86_64-apple-darwin11 -mmacosx-version-min=10.8 --sysroot /home/developer/subochain/SuboChain/depends/MacOSX10.11.sdk -mlinker-version=253.9 -o conftest -pipe -O2  -I/home/developer/subochain/SuboChain/depends/x86_64-apple-darwin11/share/../include/  -L/home/developer/subochain/SuboChain/depends/x86_64-apple-darwin11/share/../lib  -Wl,-exported_symbols_list,conftest.sym conftest.c  >&5
configure:8637: $? = 0
configure:8650: result: yes
configure:8653: checking for -force_load linker flag
/home/developer/subochain/SuboChain/depends/x86_64-apple-darwin11/native/bin/clang -target x86_64-apple-darwin11 -mmacosx-version-min=10.8 --sysroot /home/developer/subochain/SuboChain/depends/MacOSX10.11.sdk -mlinker-version=253.9 -pipe -O2  -c -o conftest.o conftest.c
/home/developer/subochain/SuboChain/depends/x86_64-apple-darwin11/native/bin/x86_64-apple-darwin11-ar cr libconftest.a conftest.o
/home/developer/subochain/SuboChain/depends/x86_64-apple-darwin11/native/bin/x86_64-apple-darwin11-ranlib libconftest.a
/home/developer/subochain/SuboChain/depends/x86_64-apple-darwin11/native/bin/clang -target x86_64-apple-darwin11 -mmacosx-version-min=10.8 --sysroot /home/developer/subochain/SuboChain/depends/MacOSX10.11.sdk -mlinker-version=253.9 -pipe -O2  -L/home/developer/subochain/SuboChain/depends/x86_64-apple-darwin11/share/../lib  -o conftest conftest.c -Wl,-force_load,./libconftest.a
configure:8687: result: yes
configure:8777: checking for stdio.h
configure:8777: /home/developer/subochain/SuboChain/depends/x86_64-apple-darwin11/native/bin/clang -target x86_64-apple-darwin11 -mmacosx-version-min=10.8 --sysroot /home/developer/subochain/SuboChain/depends/MacOSX10.11.sdk -mlinker-version=253.9 -c -pipe -O2  -I/home/developer/subochain/SuboChain/depends/x86_64-apple-darwin11/share/../include/  conftest.c >&5
configure:8777: $? = 0
configure:8777: result: yes
configure:8777: checking for stdlib.h
configure:8777: /home/developer/subochain/SuboChain/depends/x86_64-apple-darwin11/native/bin/clang -target x86_64-apple-darwin11 -mmacosx-version-min=10.8 --sysroot /home/developer/subochain/SuboChain/depends/MacOSX10.11.sdk -mlinker-version=253.9 -c -pipe -O2  -I/home/developer/subochain/SuboChain/depends/x86_64-apple-darwin11/share/../include/  conftest.c >&5
configure:8777: $? = 0
configure:8777: result: yes
configure:8777: checking for string.h
configure:8777: /home/developer/subochain/SuboChain/depends/x86_64-apple-darwin11/native/bin/clang -target x86_64-apple-darwin11 -mmacosx-version-min=10.8 --sysroot /home/developer/subochain/SuboChain/depends/MacOSX10.11.sdk -mlinker-version=253.9 -c -pipe -O2  -I/home/developer/subochain/SuboChain/depends/x86_64-apple-darwin11/share/../include/  conftest.c >&5
configure:8777: $? = 0
configure:8777: result: yes
configure:8777: checking for inttypes.h
configure:8777: /home/developer/subochain/SuboChain/depends/x86_64-apple-darwin11/native/bin/clang -target x86_64-apple-darwin11 -mmacosx-version-min=10.8 --sysroot /home/developer/subochain/SuboChain/depends/MacOSX10.11.sdk -mlinker-version=253.9 -c -pipe -O2  -I/home/developer/subochain/SuboChain/depends/x86_64-apple-darwin11/share/../include/  conftest.c >&5
configure:8777: $? = 0
configure:8777: result: yes
configure:8777: checking for stdint.h
configure:8777: /home/developer/subochain/SuboChain/depends/x86_64-apple-darwin11/native/bin/clang -target x86_64-apple-darwin11 -mmacosx-version-min=10.8 --sysroot /home/developer/subochain/SuboChain/depends/MacOSX10.11.sdk -mlinker-version=253.9 -c -pipe -O2  -I/home/developer/subochain/SuboChain/depends/x86_64-apple-darwin11/share/../include/  conftest.c >&5
configure:8777: $? = 0
configure:8777: result: yes
configure:8777: checking for strings.h
configure:8777: /home/developer/subochain/SuboChain/depends/x86_64-apple-darwin11/native/bin/clang -target x86_64-apple-darwin11 -mmacosx-version-min=10.8 --sysroot /home/developer/subochain/SuboChain/depends/MacOSX10.11.sdk -mlinker-version=253.9 -c -pipe -O2  -I/home/developer/subochain/SuboChain/depends/x86_64-apple-darwin11/share/../include/  conftest.c >&5
configure:8777: $? = 0
configure:8777: result: yes
configure:8777: checking for sys/stat.h
configure:8777: /home/developer/subochain/SuboChain/depends/x86_64-apple-darwin11/native/bin/clang -target x86_64-apple-darwin11 -mmacosx-version-min=10.8 --sysroot /home/developer/subochain/SuboChain/depends/MacOSX10.11.sdk -mlinker-version=253.9 -c -pipe -O2  -I/home/developer/subochain/SuboChain/depends/x86_64-apple-darwin11/share/../include/  conftest.c >&5
configure:8777: $? = 0
configure:8777: result: yes
configure:8777: checking for sys/types.h
configure:8777: /home/developer/subochain/SuboChain/depends/x86_64-apple-darwin11/native/bin/clang -target x86_64-apple-darwin11 -mmacosx-version-min=10.8 --sysroot /home/developer/subochain/SuboChain/depends/MacOSX10.11.sdk -mlinker-version=253.9 -c -pipe -O2  -I/home/developer/subochain/SuboChain/depends/x86_64-apple-darwin11/share/../include/  conftest.c >&5
configure:8777: $? = 0
configure:8777: result: yes
configure:8777: checking for unistd.h
configure:8777: /home/developer/subochain/SuboChain/depends/x86_64-apple-darwin11/native/bin/clang -target x86_64-apple-darwin11 -mmacosx-version-min=10.8 --sysroot /home/developer/subochain/SuboChain/depends/MacOSX10.11.sdk -mlinker-version=253.9 -c -pipe -O2  -I/home/developer/subochain/SuboChain/depends/x86_64-apple-darwin11/share/../include/  conftest.c >&5
configure:8777: $? = 0
configure:8777: result: yes
configure:8802: checking for dlfcn.h
configure:8802: /home/developer/subochain/SuboChain/depends/x86_64-apple-darwin11/native/bin/clang -target x86_64-apple-darwin11 -mmacosx-version-min=10.8 --sysroot /home/developer/subochain/SuboChain/depends/MacOSX10.11.sdk -mlinker-version=253.9 -c -pipe -O2  -I/home/developer/subochain/SuboChain/depends/x86_64-apple-darwin11/share/../include/  conftest.c >&5
configure:8802: $? = 0
configure:8802: result: yes
configure:9105: checking for objdir
configure:9122: result: .libs
configure:9388: checking if /home/developer/subochain/SuboChain/depends/x86_64-apple-darwin11/native/bin/clang -target x86_64-apple-darwin11 -mmacosx-version-min=10.8 --sysroot /home/developer/subochain/SuboChain/depends/MacOSX10.11.sdk -mlinker-version=253.9 supports -fno-rtti -fno-exceptions
configure:9407: /home/developer/subochain/SuboChain/depends/x86_64-apple-darwin11/native/bin/clang -target x86_64-apple-darwin11 -mmacosx-version-min=10.8 --sysroot /home/developer/subochain/SuboChain/depends/MacOSX10.11.sdk -mlinker-version=253.9 -c -pipe -O2  -I/home/developer/subochain/SuboChain/depends/x86_64-apple-darwin11/share/../include/  -fno-rtti -fno-exceptions conftest.c >&5
configure:9411: $? = 0
configure:9425: result: yes
configure:9804: checking for /home/developer/subochain/SuboChain/depends/x86_64-apple-darwin11/native/bin/clang -target x86_64-apple-darwin11 -mmacosx-version-min=10.8 --sysroot /home/developer/subochain/SuboChain/depends/MacOSX10.11.sdk -mlinker-version=253.9 option to produce PIC
configure:9813: result: -fno-common -DPIC
configure:9821: checking if /home/developer/subochain/SuboChain/depends/x86_64-apple-darwin11/native/bin/clang -target x86_64-apple-darwin11 -mmacosx-version-min=10.8 --sysroot /home/developer/subochain/SuboChain/depends/MacOSX10.11.sdk -mlinker-version=253.9 PIC flag -fno-common -DPIC works
configure:9840: /home/developer/subochain/SuboChain/depends/x86_64-apple-darwin11/native/bin/clang -target x86_64-apple-darwin11 -mmacosx-version-min=10.8 --sysroot /home/developer/subochain/SuboChain/depends/MacOSX10.11.sdk -mlinker-version=253.9 -c -pipe -O2  -I/home/developer/subochain/SuboChain/depends/x86_64-apple-darwin11/share/../include/  -fno-common -DPIC -DPIC conftest.c >&5
configure:9844: $? = 0
configure:9858: result: yes
configure:9887: checking if /home/developer/subochain/SuboChain/depends/x86_64-apple-darwin11/native/bin/clang -target x86_64-apple-darwin11 -mmacosx-version-min=10.8 --sysroot /home/developer/subochain/SuboChain/depends/MacOSX10.11.sdk -mlinker-version=253.9 static flag -static works
configure:9917: result: no
configure:9932: checking if /home/developer/subochain/SuboChain/depends/x86_64-apple-darwin11/native/bin/clang -target x86_64-apple-darwin11 -mmacosx-version-min=10.8 --sysroot /home/developer/subochain/SuboChain/depends/MacOSX10.11.sdk -mlinker-version=253.9 supports -c -o file.o
configure:9954: /home/developer/subochain/SuboChain/depends/x86_64-apple-darwin11/native/bin/clang -target x86_64-apple-darwin11 -mmacosx-version-min=10.8 --sysroot /home/developer/subochain/SuboChain/depends/MacOSX10.11.sdk -mlinker-version=253.9 -c -pipe -O2  -I/home/developer/subochain/SuboChain/depends/x86_64-apple-darwin11/share/../include/  -o out/conftest2.o conftest.c >&5
configure:9958: $? = 0
configure:9981: result: yes
configure:9989: checking if /home/developer/subochain/SuboChain/depends/x86_64-apple-darwin11/native/bin/clang -target x86_64-apple-darwin11 -mmacosx-version-min=10.8 --sysroot /home/developer/subochain/SuboChain/depends/MacOSX10.11.sdk -mlinker-version=253.9 supports -c -o file.o
configure:10038: result: yes
configure:10071: checking whether the /home/developer/subochain/SuboChain/depends/x86_64-apple-darwin11/native/bin/clang -target x86_64-apple-darwin11 -mmacosx-version-min=10.8 --sysroot /home/developer/subochain/SuboChain/depends/MacOSX10.11.sdk -mlinker-version=253.9 linker (/home/developer/subochain/SuboChain/depends/x86_64-apple-darwin11/native/bin/x86_64-apple-darwin11-ld) supports shared libraries
configure:11359: result: yes
configure:11601: checking dynamic linker characteristics
configure:13003: result: darwin11 dyld
configure:13125: checking how to hardcode library paths into programs
configure:13150: result: immediate
configure:13750: checking whether stripping libraries is possible
configure:13767: result: yes
configure:13801: checking if libtool supports shared libraries
configure:13803: result: yes
configure:13806: checking whether to build shared libraries
configure:13831: result: no
configure:13834: checking whether to build static libraries
configure:13838: result: yes
configure:13892: checking for x86_64-apple-darwin11-pkg-config
configure:13928: result: /usr/bin/pkg-config --static
configure:14002: checking pkg-config is at least version 0.9.0
configure:14005: result: yes
configure:14020: checking for x86_64-apple-darwin11-ar
configure:14056: result: /home/developer/subochain/SuboChain/depends/x86_64-apple-darwin11/native/bin/x86_64-apple-darwin11-ar
configure:14130: checking for x86_64-apple-darwin11-ranlib
configure:14166: result: /home/developer/subochain/SuboChain/depends/x86_64-apple-darwin11/native/bin/x86_64-apple-darwin11-ranlib
configure:14240: checking for x86_64-apple-darwin11-strip
configure:14263: found /home/developer/subochain/SuboChain/depends/x86_64-apple-darwin11/share/../native/bin/x86_64-apple-darwin11-strip
configure:14276: result: /home/developer/subochain/SuboChain/depends/x86_64-apple-darwin11/share/../native/bin/x86_64-apple-darwin11-strip
configure:14352: checking how to run the C preprocessor
configure:14378: /home/developer/subochain/SuboChain/depends/x86_64-apple-darwin11/native/bin/clang -target x86_64-apple-darwin11 -mmacosx-version-min=10.8 --sysroot /home/developer/subochain/SuboChain/depends/MacOSX10.11.sdk -mlinker-version=253.9 -E -I/home/developer/subochain/SuboChain/depends/x86_64-apple-darwin11/share/../include/  conftest.c
configure:14378: $? = 0
configure:14394: /home/developer/subochain/SuboChain/depends/x86_64-apple-darwin11/native/bin/clang -target x86_64-apple-darwin11 -mmacosx-version-min=10.8 --sysroot /home/developer/subochain/SuboChain/depends/MacOSX10.11.sdk -mlinker-version=253.9 -E -I/home/developer/subochain/SuboChain/depends/x86_64-apple-darwin11/share/../include/  conftest.c
conftest.c:23:10: fatal error: 'ac_nonexistent.h' file not found
#include <ac_nonexistent.h>
         ^
1 error generated.
configure:14394: $? = 1
configure: failed program was:
| /* confdefs.h */
| #define PACKAGE_NAME "libsecp256k1"
| #define PACKAGE_TARNAME "libsecp256k1"
| #define PACKAGE_VERSION "0.1"
| #define PACKAGE_STRING "libsecp256k1 0.1"
| #define PACKAGE_BUGREPORT ""
| #define PACKAGE_URL ""
| #define PACKAGE "libsecp256k1"
| #define VERSION "0.1"
| #define HAVE_STDIO_H 1
| #define HAVE_STDLIB_H 1
| #define HAVE_STRING_H 1
| #define HAVE_INTTYPES_H 1
| #define HAVE_STDINT_H 1
| #define HAVE_STRINGS_H 1
| #define HAVE_SYS_STAT_H 1
| #define HAVE_SYS_TYPES_H 1
| #define HAVE_UNISTD_H 1
| #define STDC_HEADERS 1
| #define HAVE_DLFCN_H 1
| #define LT_OBJDIR ".libs/"
| /* end confdefs.h.  */
| #include <ac_nonexistent.h>
configure:14423: result: /home/developer/subochain/SuboChain/depends/x86_64-apple-darwin11/native/bin/clang -target x86_64-apple-darwin11 -mmacosx-version-min=10.8 --sysroot /home/developer/subochain/SuboChain/depends/MacOSX10.11.sdk -mlinker-version=253.9 -E
configure:14437: /home/developer/subochain/SuboChain/depends/x86_64-apple-darwin11/native/bin/clang -target x86_64-apple-darwin11 -mmacosx-version-min=10.8 --sysroot /home/developer/subochain/SuboChain/depends/MacOSX10.11.sdk -mlinker-version=253.9 -E -I/home/developer/subochain/SuboChain/depends/x86_64-apple-darwin11/share/../include/  conftest.c
configure:14437: $? = 0
configure:14453: /home/developer/subochain/SuboChain/depends/x86_64-apple-darwin11/native/bin/clang -target x86_64-apple-darwin11 -mmacosx-version-min=10.8 --sysroot /home/developer/subochain/SuboChain/depends/MacOSX10.11.sdk -mlinker-version=253.9 -E -I/home/developer/subochain/SuboChain/depends/x86_64-apple-darwin11/share/../include/  conftest.c
conftest.c:23:10: fatal error: 'ac_nonexistent.h' file not found
#include <ac_nonexistent.h>
         ^
1 error generated.
configure:14453: $? = 1
configure: failed program was:
| /* confdefs.h */
| #define PACKAGE_NAME "libsecp256k1"
| #define PACKAGE_TARNAME "libsecp256k1"
| #define PACKAGE_VERSION "0.1"
| #define PACKAGE_STRING "libsecp256k1 0.1"
| #define PACKAGE_BUGREPORT ""
| #define PACKAGE_URL ""
| #define PACKAGE "libsecp256k1"
| #define VERSION "0.1"
| #define HAVE_STDIO_H 1
| #define HAVE_STDLIB_H 1
| #define HAVE_STRING_H 1
| #define HAVE_INTTYPES_H 1
| #define HAVE_STDINT_H 1
| #define HAVE_STRINGS_H 1
| #define HAVE_SYS_STAT_H 1
| #define HAVE_SYS_TYPES_H 1
| #define HAVE_UNISTD_H 1
| #define STDC_HEADERS 1
| #define HAVE_DLFCN_H 1
| #define LT_OBJDIR ".libs/"
| /* end confdefs.h.  */
| #include <ac_nonexistent.h>
configure:14547: checking for gcc
configure:14568: found /usr/bin/gcc
configure:14580: result: gcc
configure:14939: checking for C compiler version
configure:14948: gcc --version >&5
gcc (Ubuntu 15.2.0-16ubuntu1) 15.2.0
Copyright (C) 2025 Free Software Foundation, Inc.
This is free software; see the source for copying conditions.  There is NO
warranty; not even for MERCHANTABILITY or FITNESS FOR A PARTICULAR PURPOSE.

configure:14959: $? = 0
configure:14948: gcc -v >&5
Using built-in specs.
COLLECT_GCC=gcc
COLLECT_LTO_WRAPPER=/usr/libexec/gcc/x86_64-linux-gnu/15/lto-wrapper
OFFLOAD_TARGET_NAMES=nvptx-none:amdgcn-amdhsa
OFFLOAD_TARGET_DEFAULT=1
Target: x86_64-linux-gnu
Configured with: ../src/configure -v --with-pkgversion='Ubuntu 15.2.0-16ubuntu1' --with-bugurl=file:///usr/share/doc/gcc-15/README.Bugs --enable-languages=c,ada,c++,go,d,fortran,objc,obj-c++,m2,rust,cobol,algol68 --prefix=/usr --with-gcc-major-version-only --program-suffix=-15 --program-prefix=x86_64-linux-gnu- --enable-shared --enable-linker-build-id --libexecdir=/usr/libexec --without-included-gettext --enable-threads=posix --libdir=/usr/lib --enable-nls --enable-bootstrap --enable-clocale=gnu --enable-libstdcxx-debug --enable-libstdcxx-time=yes --with-default-libstdcxx-abi=new --enable-libstdcxx-backtrace --enable-gnu-unique-object --disable-vtable-verify --enable-plugin --enable-default-pie --with-system-zlib --enable-libphobos-checking=release --with-target-system-zlib=auto --enable-objc-gc=auto --enable-multiarch --disable-werror --enable-cet --with-arch-32=i686 --with-abi=m64 --with-multilib-list=m32,m64,mx32 --enable-multilib --with-tune=generic --enable-offload-targets=nvptx-none=/build/gcc-15-j35TAX/gcc-15-15.2.0/debian/tmp-nvptx/usr,amdgcn-amdhsa=/build/gcc-15-j35TAX/gcc-15-15.2.0/debian/tmp-gcn/usr --enable-offload-defaulted --without-cuda-driver --enable-checking=release --build=x86_64-linux-gnu --host=x86_64-linux-gnu --target=x86_64-linux-gnu --with-build-config=bootstrap-lto-lean --enable-link-serialization=2
Thread model: posix
Supported LTO compression algorithms: zlib zstd
gcc version 15.2.0 (Ubuntu 15.2.0-16ubuntu1) 
... rest of stderr output deleted ...
configure:14959: $? = 0
configure:14948: gcc -V >&5
gcc: error: unrecognized command-line option '-V'
gcc: fatal error: no input files
compilation terminated.
configure:14959: $? = 1
configure:14948: gcc -qversion >&5
gcc: error: unrecognized command-line option '-qversion'; did you mean '--version'?
gcc: fatal error: no input files
compilation terminated.
configure:14959: $? = 1
configure:14948: gcc -version >&5
gcc: error: unrecognized command-line option '-version'
gcc: fatal error: no input files
compilation terminated.
configure:14959: $? = 1
configure:14963: checking whether the compiler supports GNU C
configure:14995: result: yes
configure:15006: checking whether gcc accepts -g
configure:15027: /home/developer/subochain/SuboChain/depends/x86_64-apple-darwin11/native/bin/clang -target x86_64-apple-darwin11 -mmacosx-version-min=10.8 --sysroot /home/developer/subochain/SuboChain/depends/MacOSX10.11.sdk -mlinker-version=253.9 -c -pipe -O2  -I/home/developer/subochain/SuboChain/depends/x86_64-apple-darwin11/share/../include/  conftest.c >&5
configure:15027: $? = 0
configure:15074: result: yes
configure:15094: checking for gcc option to enable C11 features
configure:15128: result: none needed
configure:15252: checking whether gcc understands -c and -o together
configure:15294: result: yes
configure:15313: checking dependency style of gcc
configure:15426: result: gcc3
configure:15446: checking how to run the C preprocessor
configure:15472: /home/developer/subochain/SuboChain/depends/x86_64-apple-darwin11/native/bin/clang -target x86_64-apple-darwin11 -mmacosx-version-min=10.8 --sysroot /home/developer/subochain/SuboChain/depends/MacOSX10.11.sdk -mlinker-version=253.9 -E -I/home/developer/subochain/SuboChain/depends/x86_64-apple-darwin11/share/../include/  conftest.c
configure:15472: $? = 0
configure:15488: /home/developer/subochain/SuboChain/depends/x86_64-apple-darwin11/native/bin/clang -target x86_64-apple-darwin11 -mmacosx-version-min=10.8 --sysroot /home/developer/subochain/SuboChain/depends/MacOSX10.11.sdk -mlinker-version=253.9 -E -I/home/developer/subochain/SuboChain/depends/x86_64-apple-darwin11/share/../include/  conftest.c
conftest.c:23:10: fatal error: 'ac_nonexistent.h' file not found
#include <ac_nonexistent.h>
         ^
1 error generated.
configure:15488: $? = 1
configure: failed program was:
| /* confdefs.h */
| #define PACKAGE_NAME "libsecp256k1"
| #define PACKAGE_TARNAME "libsecp256k1"
| #define PACKAGE_VERSION "0.1"
| #define PACKAGE_STRING "libsecp256k1 0.1"
| #define PACKAGE_BUGREPORT ""
| #define PACKAGE_URL ""
| #define PACKAGE "libsecp256k1"
| #define VERSION "0.1"
| #define HAVE_STDIO_H 1
| #define HAVE_STDLIB_H 1
| #define HAVE_STRING_H 1
| #define HAVE_INTTYPES_H 1
| #define HAVE_STDINT_H 1
| #define HAVE_STRINGS_H 1
| #define HAVE_SYS_STAT_H 1
| #define HAVE_SYS_TYPES_H 1
| #define HAVE_UNISTD_H 1
| #define STDC_HEADERS 1
| #define HAVE_DLFCN_H 1
| #define LT_OBJDIR ".libs/"
| /* end confdefs.h.  */
| #include <ac_nonexistent.h>
configure:15517: result: gcc -E
configure:15531: /home/developer/subochain/SuboChain/depends/x86_64-apple-darwin11/native/bin/clang -target x86_64-apple-darwin11 -mmacosx-version-min=10.8 --sysroot /home/developer/subochain/SuboChain/depends/MacOSX10.11.sdk -mlinker-version=253.9 -E -I/home/developer/subochain/SuboChain/depends/x86_64-apple-darwin11/share/../include/  conftest.c
configure:15531: $? = 0
configure:15547: /home/developer/subochain/SuboChain/depends/x86_64-apple-darwin11/native/bin/clang -target x86_64-apple-darwin11 -mmacosx-version-min=10.8 --sysroot /home/developer/subochain/SuboChain/depends/MacOSX10.11.sdk -mlinker-version=253.9 -E -I/home/developer/subochain/SuboChain/depends/x86_64-apple-darwin11/share/../include/  conftest.c
conftest.c:23:10: fatal error: 'ac_nonexistent.h' file not found
#include <ac_nonexistent.h>
         ^
1 error generated.
configure:15547: $? = 1
configure: failed program was:
| /* confdefs.h */
| #define PACKAGE_NAME "libsecp256k1"
| #define PACKAGE_TARNAME "libsecp256k1"
| #define PACKAGE_VERSION "0.1"
| #define PACKAGE_STRING "libsecp256k1 0.1"
| #define PACKAGE_BUGREPORT ""
| #define PACKAGE_URL ""
| #define PACKAGE "libsecp256k1"
| #define VERSION "0.1"
| #define HAVE_STDIO_H 1
| #define HAVE_STDLIB_H 1
| #define HAVE_STRING_H 1
| #define HAVE_INTTYPES_H 1
| #define HAVE_STDINT_H 1
| #define HAVE_STRINGS_H 1
| #define HAVE_SYS_STAT_H 1
| #define HAVE_SYS_TYPES_H 1
| #define HAVE_UNISTD_H 1
| #define STDC_HEADERS 1
| #define HAVE_DLFCN_H 1
| #define LT_OBJDIR ".libs/"
| /* end confdefs.h.  */
| #include <ac_nonexistent.h>
configure:15722: checking if /home/developer/subochain/SuboChain/depends/x86_64-apple-darwin11/native/bin/clang -target x86_64-apple-darwin11 -mmacosx-version-min=10.8 --sysroot /home/developer/subochain/SuboChain/depends/MacOSX10.11.sdk -mlinker-version=253.9 supports -std=c89 -pedantic -Wall -Wextra -Wcast-align -Wnested-externs -Wshadow -Wstrict-prototypes -Wno-unused-function -Wno-long-long -Wno-overlength-strings
configure:15728: /home/developer/subochain/SuboChain/depends/x86_64-apple-darwin11/native/bin/clang -target x86_64-apple-darwin11 -mmacosx-version-min=10.8 --sysroot /home/developer/subochain/SuboChain/depends/MacOSX10.11.sdk -mlinker-version=253.9 -c -pipe -O2  -W -std=c89 -pedantic -Wall -Wextra -Wcast-align -Wnested-externs -Wshadow -Wstrict-prototypes -Wno-unused-function -Wno-long-long -Wno-overlength-strings -I/home/developer/subochain/SuboChain/depends/x86_64-apple-darwin11/share/../include/  conftest.c >&5
configure:15728: $? = 0
configure:15730: result: yes
configure:15743: checking if /home/developer/subochain/SuboChain/depends/x86_64-apple-darwin11/native/bin/clang -target x86_64-apple-darwin11 -mmacosx-version-min=10.8 --sysroot /home/developer/subochain/SuboChain/depends/MacOSX10.11.sdk -mlinker-version=253.9 supports -fvisibility=hidden
configure:15749: /home/developer/subochain/SuboChain/depends/x86_64-apple-darwin11/native/bin/clang -target x86_64-apple-darwin11 -mmacosx-version-min=10.8 --sysroot /home/developer/subochain/SuboChain/depends/MacOSX10.11.sdk -mlinker-version=253.9 -c -pipe -O2  -W -std=c89 -pedantic -Wall -Wextra -Wcast-align -Wnested-externs -Wshadow -Wstrict-prototypes -Wno-unused-function -Wno-long-long -Wno-overlength-strings -fvisibility=hidden -I/home/developer/subochain/SuboChain/depends/x86_64-apple-darwin11/share/../include/  conftest.c >&5
configure:15749: $? = 0
configure:15751: result: yes
configure:15876: checking for __int128
configure:15876: /home/developer/subochain/SuboChain/depends/x86_64-apple-darwin11/native/bin/clang -target x86_64-apple-darwin11 -mmacosx-version-min=10.8 --sysroot /home/developer/subochain/SuboChain/depends/MacOSX10.11.sdk -mlinker-version=253.9 -c -pipe -O2  -W -std=c89 -pedantic -Wall -Wextra -Wcast-align -Wnested-externs -Wshadow -Wstrict-prototypes -Wno-unused-function -Wno-long-long -Wno-overlength-strings -fvisibility=hidden -I/home/developer/subochain/SuboChain/depends/x86_64-apple-darwin11/share/../include/  conftest.c >&5
configure:15876: $? = 0
configure:15876: /home/developer/subochain/SuboChain/depends/x86_64-apple-darwin11/native/bin/clang -target x86_64-apple-darwin11 -mmacosx-version-min=10.8 --sysroot /home/developer/subochain/SuboChain/depends/MacOSX10.11.sdk -mlinker-version=253.9 -c -pipe -O2  -W -std=c89 -pedantic -Wall -Wextra -Wcast-align -Wnested-externs -Wshadow -Wstrict-prototypes -Wno-unused-function -Wno-long-long -Wno-overlength-strings -fvisibility=hidden -I/home/developer/subochain/SuboChain/depends/x86_64-apple-darwin11/share/../include/  conftest.c >&5
conftest.c:54:23: error: expected expression
if (sizeof ((__int128)))
                      ^
1 error generated.
configure:15876: $? = 1
configure: failed program was:
| /* confdefs.h */
| #define PACKAGE_NAME "libsecp256k1"
| #define PACKAGE_TARNAME "libsecp256k1"
| #define PACKAGE_VERSION "0.1"
| #define PACKAGE_STRING "libsecp256k1 0.1"
| #define PACKAGE_BUGREPORT ""
| #define PACKAGE_URL ""
| #define PACKAGE "libsecp256k1"
| #define VERSION "0.1"
| #define HAVE_STDIO_H 1
| #define HAVE_STDLIB_H 1
| #define HAVE_STRING_H 1
| #define HAVE_INTTYPES_H 1
| #define HAVE_STDINT_H 1
| #define HAVE_STRINGS_H 1
| #define HAVE_SYS_STAT_H 1
| #define HAVE_SYS_TYPES_H 1
| #define HAVE_UNISTD_H 1
| #define STDC_HEADERS 1
| #define HAVE_DLFCN_H 1
| #define LT_OBJDIR ".libs/"
| /* end confdefs.h.  */
| #include <stddef.h>
| #ifdef HAVE_STDIO_H
| # include <stdio.h>
| #endif
| #ifdef HAVE_STDLIB_H
| # include <stdlib.h>
| #endif
| #ifdef HAVE_STRING_H
| # include <string.h>
| #endif
| #ifdef HAVE_INTTYPES_H
| # include <inttypes.h>
| #endif
| #ifdef HAVE_STDINT_H
| # include <stdint.h>
| #endif
| #ifdef HAVE_STRINGS_H
| # include <strings.h>
| #endif
| #ifdef HAVE_SYS_TYPES_H
| # include <sys/types.h>
| #endif
| #ifdef HAVE_SYS_STAT_H
| # include <sys/stat.h>
| #endif
| #ifdef HAVE_UNISTD_H
| # include <unistd.h>
| #endif
| int
| main (void)
| {
| if (sizeof ((__int128)))
| 	    return 0;
|   ;
|   return 0;
| }
configure:15876: result: yes
configure:15886: checking for __builtin_expect
configure:15892: /home/developer/subochain/SuboChain/depends/x86_64-apple-darwin11/native/bin/clang -target x86_64-apple-darwin11 -mmacosx-version-min=10.8 --sysroot /home/developer/subochain/SuboChain/depends/MacOSX10.11.sdk -mlinker-version=253.9 -c -pipe -O2  -W -std=c89 -pedantic -Wall -Wextra -Wcast-align -Wnested-externs -Wshadow -Wstrict-prototypes -Wno-unused-function -Wno-long-long -Wno-overlength-strings -fvisibility=hidden -I/home/developer/subochain/SuboChain/depends/x86_64-apple-darwin11/share/../include/  conftest.c >&5
conftest.c:24:16: warning: ignoring return value of function declared with const attribute [-Wunused-value]
void myfunc() {__builtin_expect(0,0);}
               ^~~~~~~~~~~~~~~~ ~~~
1 warning generated.
configure:15892: $? = 0
configure:15894: result: yes
configure:15908: checking for x86_64 assembly availability
configure:15925: /home/developer/subochain/SuboChain/depends/x86_64-apple-darwin11/native/bin/clang -target x86_64-apple-darwin11 -mmacosx-version-min=10.8 --sysroot /home/developer/subochain/SuboChain/depends/MacOSX10.11.sdk -mlinker-version=253.9 -c -pipe -O2  -W -std=c89 -pedantic -Wall -Wextra -Wcast-align -Wnested-externs -Wshadow -Wstrict-prototypes -Wno-unused-function -Wno-long-long -Wno-overlength-strings -fvisibility=hidden -I/home/developer/subochain/SuboChain/depends/x86_64-apple-darwin11/share/../include/  conftest.c >&5
conftest.c:32:93: warning: variable 'tmp' is uninitialized when used here [-Wuninitialized]
  __asm__ __volatile__("movq SECP_64BIT_ASM_CHECKx100000000,%1; mulq %%rsi" : "+a"(a) : "S"(tmp) : "cc", "%rdx");
                                                                                            ^~~
conftest.c:31:23: note: initialize the variable 'tmp' to silence this warning
  uint64_t a = 11, tmp;
                      ^
                       = 0
fatal error: error in backend: 32-bit absolute addressing is not supported in 64-bit mode
configure:15925: $? = 1
configure: failed program was:
| /* confdefs.h */
| #define PACKAGE_NAME "libsecp256k1"
| #define PACKAGE_TARNAME "libsecp256k1"
| #define PACKAGE_VERSION "0.1"
| #define PACKAGE_STRING "libsecp256k1 0.1"
| #define PACKAGE_BUGREPORT ""
| #define PACKAGE_URL ""
| #define PACKAGE "libsecp256k1"
| #define VERSION "0.1"
| #define HAVE_STDIO_H 1
| #define HAVE_STDLIB_H 1
| #define HAVE_STRING_H 1
| #define HAVE_INTTYPES_H 1
| #define HAVE_STDINT_H 1
| #define HAVE_STRINGS_H 1
| #define HAVE_SYS_STAT_H 1
| #define HAVE_SYS_TYPES_H 1
| #define HAVE_UNISTD_H 1
| #define STDC_HEADERS 1
| #define HAVE_DLFCN_H 1
| #define LT_OBJDIR ".libs/"
| #define HAVE___INT128 1
| #define HAVE_BUILTIN_EXPECT 1
| /* end confdefs.h.  */
| 
|   #include <stdint.h>
| int
| main (void)
| {
| 
|   uint64_t a = 11, tmp;
|   __asm__ __volatile__("movq SECP_64BIT_ASM_CHECKx100000000,%1; mulq %%rsi" : "+a"(a) : "S"(tmp) : "cc", "%rdx");
| 
|   ;
|   return 0;
| }
configure:15933: result: no
configure:16292: checking for libcrypto
configure:16299: $PKG_CONFIG --exists --print-errors "libcrypto"
configure:16302: $? = 0
configure:16316: $PKG_CONFIG --exists --print-errors "libcrypto"
configure:16319: $? = 0
configure:16357: result: yes
configure:16364: checking for main in -lcrypto
configure:16384: /home/developer/subochain/SuboChain/depends/x86_64-apple-darwin11/native/bin/clang -target x86_64-apple-darwin11 -mmacosx-version-min=10.8 --sysroot /home/developer/subochain/SuboChain/depends/MacOSX10.11.sdk -mlinker-version=253.9 -o conftest -pipe -O2  -W -std=c89 -pedantic -Wall -Wextra -Wcast-align -Wnested-externs -Wshadow -Wstrict-prototypes -Wno-unused-function -Wno-long-long -Wno-overlength-strings -fvisibility=hidden -I/home/developer/subochain/SuboChain/depends/x86_64-apple-darwin11/share/../include/  -L/home/developer/subochain/SuboChain/depends/x86_64-apple-darwin11/share/../lib  conftest.c -lcrypto   -L/home/developer/subochain/SuboChain/depends/x86_64-apple-darwin11/lib -lcrypto >&5
conftest.c:34:1: warning: all paths through this function will call itself [-Winfinite-recursion]
{
^
1 warning generated.
configure:16384: $? = 0
configure:16396: result: yes
configure:16467: checking for EC functions in libcrypto
configure:16488: /home/developer/subochain/SuboChain/depends/x86_64-apple-darwin11/native/bin/clang -target x86_64-apple-darwin11 -mmacosx-version-min=10.8 --sysroot /home/developer/subochain/SuboChain/depends/MacOSX10.11.sdk -mlinker-version=253.9 -c -pipe -O2  -W -std=c89 -pedantic -Wall -Wextra -Wcast-align -Wnested-externs -Wshadow -Wstrict-prototypes -Wno-unused-function -Wno-long-long -Wno-overlength-strings -fvisibility=hidden -I/home/developer/subochain/SuboChain/depends/x86_64-apple-darwin11/share/../include/  conftest.c >&5
configure:16488: $? = 0
configure:16496: result: yes
configure:16551: checking whether byte ordering is bigendian
configure:16567: /home/developer/subochain/SuboChain/depends/x86_64-apple-darwin11/native/bin/clang -target x86_64-apple-darwin11 -mmacosx-version-min=10.8 --sysroot /home/developer/subochain/SuboChain/depends/MacOSX10.11.sdk -mlinker-version=253.9 -c -pipe -O2  -W -std=c89 -pedantic -Wall -Wextra -Wcast-align -Wnested-externs -Wshadow -Wstrict-prototypes -Wno-unused-function -Wno-long-long -Wno-overlength-strings -fvisibility=hidden -I/home/developer/subochain/SuboChain/depends/x86_64-apple-darwin11/share/../include/  conftest.c >&5
configure:16567: $? = 0
configure:16613: /home/developer/subochain/SuboChain/depends/x86_64-apple-darwin11/native/bin/clang -target x86_64-apple-darwin11 -mmacosx-version-min=10.8 --sysroot /home/developer/subochain/SuboChain/depends/MacOSX10.11.sdk -mlinker-version=253.9 -c -pipe -O2  -W -std=c89 -pedantic -Wall -Wextra -Wcast-align -Wnested-externs -Wshadow -Wstrict-prototypes -Wno-unused-function -Wno-long-long -Wno-overlength-strings -fvisibility=hidden -I/home/developer/subochain/SuboChain/depends/x86_64-apple-darwin11/share/../include/  conftest.c >&5
configure:16613: $? = 0
configure:16632: /home/developer/subochain/SuboChain/depends/x86_64-apple-darwin11/native/bin/clang -target x86_64-apple-darwin11 -mmacosx-version-min=10.8 --sysroot /home/developer/subochain/SuboChain/depends/MacOSX10.11.sdk -mlinker-version=253.9 -c -pipe -O2  -W -std=c89 -pedantic -Wall -Wextra -Wcast-align -Wnested-externs -Wshadow -Wstrict-prototypes -Wno-unused-function -Wno-long-long -Wno-overlength-strings -fvisibility=hidden -I/home/developer/subochain/SuboChain/depends/x86_64-apple-darwin11/share/../include/  conftest.c >&5
conftest.c:41:4: error: use of undeclared identifier 'not'
                 not big endian
                 ^
1 error generated.
configure:16632: $? = 1
configure: failed program was:
| /* confdefs.h */
| #define PACKAGE_NAME "libsecp256k1"
| #define PACKAGE_TARNAME "libsecp256k1"
| #define PACKAGE_VERSION "0.1"
| #define PACKAGE_STRING "libsecp256k1 0.1"
| #define PACKAGE_BUGREPORT ""
| #define PACKAGE_URL ""
| #define PACKAGE "libsecp256k1"
| #define VERSION "0.1"
| #define HAVE_STDIO_H 1
| #define HAVE_STDLIB_H 1
| #define HAVE_STRING_H 1
| #define HAVE_INTTYPES_H 1
| #define HAVE_STDINT_H 1
| #define HAVE_STRINGS_H 1
| #define HAVE_SYS_STAT_H 1
| #define HAVE_SYS_TYPES_H 1
| #define HAVE_UNISTD_H 1
| #define STDC_HEADERS 1
| #define HAVE_DLFCN_H 1
| #define LT_OBJDIR ".libs/"
| #define HAVE___INT128 1
| #define HAVE_BUILTIN_EXPECT 1
| #define USE_FIELD_5X52 1
| #define USE_NUM_NONE 1
| #define USE_FIELD_INV_BUILTIN 1
| #define USE_SCALAR_INV_BUILTIN 1
| #define USE_SCALAR_4X64 1
| #define HAVE_LIBCRYPTO 1
| #define ENABLE_OPENSSL_TESTS 1
| #define USE_ECMULT_STATIC_PRECOMPUTATION 1
| #define ENABLE_MODULE_RECOVERY 1
| /* end confdefs.h.  */
| #include <sys/types.h>
| 		#include <sys/param.h>
| 
| int
| main (void)
| {
| #if BYTE_ORDER != BIG_ENDIAN
| 		 not big endian
| 		#endif
| 
|   ;
|   return 0;
| }
configure:16773: result: no
configure:16792: Using assembly optimizations: no
configure:16794: Using field implementation: 64bit
configure:16796: Using bignum implementation: no
configure:16798: Using scalar implementation: 64bit
configure:16800: Using endomorphism optimizations: no
configure:16802: Building ECDH module: no
configure:16805: Building Schnorr signatures module: no
configure:16807: Building ECDSA pubkey recovery module: yes
configure:16980: checking that generated files are newer than configure
configure:16986: result: done
configure:17050: creating ./config.status

## ---------------------- ##
## Running config.status. ##
## ---------------------- ##

This file was extended by libsecp256k1 config.status 0.1, which was
generated by GNU Autoconf 2.72.  Invocation command line was

  CONFIG_FILES    = 
  CONFIG_HEADERS  = 
  CONFIG_LINKS    = 
  CONFIG_COMMANDS = 
  $ ./config.status 

on developer-X99

config.status:1131: creating Makefile
config.status:1131: creating libsecp256k1.pc
config.status:1131: creating src/libsecp256k1-config.h
config.status:1360: executing depfiles commands
config.status:1435: cd .       && sed -e '/# am--include-marker/d' Makefile         | make -f - am--depfiles
make: Nothing to be done for 'am--depfiles'.
config.status:1442: $? = 0
config.status:1360: executing libtool commands

## ---------------- ##
## Cache variables. ##
## ---------------- ##

ac_cv_build=x86_64-pc-linux-gnu
ac_cv_build_prog_CPP='gcc -E'
ac_cv_build_prog_cc_g=yes
ac_cv_c_bigendian=no
ac_cv_c_compiler_gnu=yes
ac_cv_env_CC_set=
ac_cv_env_CC_value=
ac_cv_env_CFLAGS_set=
ac_cv_env_CFLAGS_value=
ac_cv_env_CPPFLAGS_set=
ac_cv_env_CPPFLAGS_value=
ac_cv_env_CPP_set=
ac_cv_env_CPP_value=
ac_cv_env_CRYPTO_CFLAGS_set=
ac_cv_env_CRYPTO_CFLAGS_value=
ac_cv_env_CRYPTO_LIBS_set=
ac_cv_env_CRYPTO_LIBS_value=
ac_cv_env_LDFLAGS_set=
ac_cv_env_LDFLAGS_value=
ac_cv_env_LIBS_set=
ac_cv_env_LIBS_value=
ac_cv_env_LT_SYS_LIBRARY_PATH_set=
ac_cv_env_LT_SYS_LIBRARY_PATH_value=
ac_cv_env_PKG_CONFIG_LIBDIR_set=
ac_cv_env_PKG_CONFIG_LIBDIR_value=
ac_cv_env_PKG_CONFIG_PATH_set=
ac_cv_env_PKG_CONFIG_PATH_value=
ac_cv_env_PKG_CONFIG_set=
ac_cv_env_PKG_CONFIG_value=
ac_cv_env_build_alias_set=
ac_cv_env_build_alias_value=
ac_cv_env_host_alias_set=set
ac_cv_env_host_alias_value=x86_64-apple-darwin11
ac_cv_env_target_alias_set=
ac_cv_env_target_alias_value=
ac_cv_header_dlfcn_h=yes
ac_cv_header_inttypes_h=yes
ac_cv_header_stdint_h=yes
ac_cv_header_stdio_h=yes
ac_cv_header_stdlib_h=yes
ac_cv_header_string_h=yes
ac_cv_header_strings_h=yes
ac_cv_header_sys_stat_h=yes
ac_cv_header_sys_types_h=yes
ac_cv_header_unistd_h=yes
ac_cv_host=x86_64-apple-darwin11
ac_cv_lib_crypto_main=yes
ac_cv_objext=o
ac_cv_path_AR=/home/developer/subochain/SuboChain/depends/x86_64-apple-darwin11/native/bin/x86_64-apple-darwin11-ar
ac_cv_path_EGREP='/usr/bin/grep -E'
ac_cv_path_EGREP_TRADITIONAL='/usr/bin/grep -E'
ac_cv_path_FGREP='/usr/bin/grep -F'
ac_cv_path_GREP=/usr/bin/grep
ac_cv_path_PKG_CONFIG='/usr/bin/pkg-config --static'
ac_cv_path_RANLIB=/home/developer/subochain/SuboChain/depends/x86_64-apple-darwin11/native/bin/x86_64-apple-darwin11-ranlib
ac_cv_path_SED=/usr/bin/sed
ac_cv_path_STRIP=/home/developer/subochain/SuboChain/depends/x86_64-apple-darwin11/share/../native/bin/x86_64-apple-darwin11-strip
ac_cv_path_ac_pt_AR=/home/developer/subochain/SuboChain/depends/x86_64-apple-darwin11/native/bin/x86_64-apple-darwin11-ar
ac_cv_path_ac_pt_NM=/home/developer/subochain/SuboChain/depends/x86_64-apple-darwin11/native/bin/x86_64-apple-darwin11-nm
ac_cv_path_ac_pt_RANLIB=/home/developer/subochain/SuboChain/depends/x86_64-apple-darwin11/native/bin/x86_64-apple-darwin11-ranlib
ac_cv_path_install='/usr/bin/install -c'
ac_cv_path_lt_DD=/usr/bin/dd
ac_cv_path_mkdir=/usr/bin/mkdir
ac_cv_prog_AR=/home/developer/subochain/SuboChain/depends/x86_64-apple-darwin11/native/bin/x86_64-apple-darwin11-ar
ac_cv_prog_AWK=mawk
ac_cv_prog_CC='/home/developer/subochain/SuboChain/depends/x86_64-apple-darwin11/native/bin/clang -target x86_64-apple-darwin11 -mmacosx-version-min=10.8 --sysroot /home/developer/subochain/SuboChain/depends/MacOSX10.11.sdk -mlinker-version=253.9'
ac_cv_prog_CPP='/home/developer/subochain/SuboChain/depends/x86_64-apple-darwin11/native/bin/clang -target x86_64-apple-darwin11 -mmacosx-version-min=10.8 --sysroot /home/developer/subochain/SuboChain/depends/MacOSX10.11.sdk -mlinker-version=253.9 -E'
ac_cv_prog_DSYMUTIL=x86_64-apple-darwin11-dsymutil
ac_cv_prog_FILECMD=file
ac_cv_prog_LIPO=x86_64-apple-darwin11-lipo
ac_cv_prog_NMEDIT=x86_64-apple-darwin11-nmedit
ac_cv_prog_OTOOL=x86_64-apple-darwin11-otool
ac_cv_prog_RANLIB=/home/developer/subochain/SuboChain/depends/x86_64-apple-darwin11/native/bin/x86_64-apple-darwin11-ranlib
ac_cv_prog_STRIP=x86_64-apple-darwin11-strip
ac_cv_prog_ac_ct_CC_FOR_BUILD=gcc
ac_cv_prog_ac_ct_MANIFEST_TOOL=mt
ac_cv_prog_ac_ct_OBJDUMP=objdump
ac_cv_prog_cc_c11=
ac_cv_prog_cc_g=yes
ac_cv_prog_cc_stdc=
ac_cv_prog_make_make_set=yes
ac_cv_type___int128=yes
am_cv_CC_dependencies_compiler_type=gcc3
am_cv_filesystem_timestamp_resolution=0.01
am_cv_make_support_nested_variables=yes
am_cv_prog_cc_c_o=yes
am_cv_prog_tar_ustar=gnutar
am_cv_sleep_fractional_seconds=yes
am_cv_xargs_n_works=yes
lt_cv_apple_cc_single_mod=yes
lt_cv_ar_at_file=no
lt_cv_deplibs_check_method=pass_all
lt_cv_file_magic_cmd='$MAGIC_CMD'
lt_cv_file_magic_test_file=
lt_cv_ld_exported_symbols_list=yes
lt_cv_ld_force_load=yes
lt_cv_ld_reload_flag=-r
lt_cv_nm_interface='BSD nm'
lt_cv_objdir=.libs
lt_cv_path_LD=/home/developer/subochain/SuboChain/depends/x86_64-apple-darwin11/native/bin/x86_64-apple-darwin11-ld
lt_cv_path_NM=/home/developer/subochain/SuboChain/depends/x86_64-apple-darwin11/native/bin/x86_64-apple-darwin11-nm
lt_cv_path_manifest_tool=no
lt_cv_prog_compiler_c_o=yes
lt_cv_prog_compiler_pic='-fno-common -DPIC'
lt_cv_prog_compiler_pic_works=yes
lt_cv_prog_compiler_rtti_exceptions=yes
lt_cv_prog_compiler_static_works=no
lt_cv_prog_gnu_ld=no
lt_cv_sharedlib_from_linklib_cmd='printf %s\n'
lt_cv_support_no_fixup_chains=no
lt_cv_sys_global_symbol_pipe='/usr/bin/sed -n -e '\''s/^.*[	 ]\([BCDEGRST][BCDEGRST]*\)[	 ][	 ]*_\([_A-Za-z][_A-Za-z0-9]*\)$/\1 _\2 \2/p'\'' | /usr/bin/sed '\''/ __gnu_lto/d'\'''
lt_cv_sys_global_symbol_to_c_name_address='/usr/bin/sed -n -e '\''s/^: \(.*\) .*$/  {"\1", (void *) 0},/p'\'' -e '\''s/^[BCDEGRST][BCDEGRST]* .* \(.*\)$/  {"\1", (void *) \&\1},/p'\'''
lt_cv_sys_global_symbol_to_c_name_address_lib_prefix='/usr/bin/sed -n -e '\''s/^: \(.*\) .*$/  {"\1", (void *) 0},/p'\'' -e '\''s/^[BCDEGRST][BCDEGRST]* .* \(lib.*\)$/  {"\1", (void *) \&\1},/p'\'' -e '\''s/^[BCDEGRST][BCDEGRST]* .* \(.*\)$/  {"lib\1", (void *) \&\1},/p'\'''
lt_cv_sys_global_symbol_to_cdecl='/usr/bin/sed -n -e '\''s/^T .* \(.*\)$/extern int \1();/p'\'' -e '\''s/^[BCDEGRST][BCDEGRST]* .* \(.*\)$/extern char \1;/p'\'''
lt_cv_sys_global_symbol_to_import=
lt_cv_sys_max_cmd_len=1572864
lt_cv_to_host_file_cmd=func_convert_file_noop
lt_cv_to_tool_file_cmd=func_convert_file_noop
lt_cv_truncate_bin='/usr/bin/dd bs=4096 count=1'
pkg_cv_CRYPTO_CFLAGS=-I/home/developer/subochain/SuboChain/depends/x86_64-apple-darwin11/include
pkg_cv_CRYPTO_LIBS='-L/home/developer/subochain/SuboChain/depends/x86_64-apple-darwin11/lib -lcrypto'

## ----------------- ##
## Output variables. ##
## ----------------- ##

ACLOCAL='${SHELL} '\''/home/developer/subochain/SuboChain/src/secp256k1/build-aux/missing'\'' aclocal-1.18'
AMDEPBACKSLASH='\'
AMDEP_FALSE='#'
AMDEP_TRUE=''
AMTAR='$${TAR-tar}'
AM_BACKSLASH='\'
AM_DEFAULT_V='$(AM_DEFAULT_VERBOSITY)'
AM_DEFAULT_VERBOSITY='0'
AM_V='$(V)'
AR='/home/developer/subochain/SuboChain/depends/x86_64-apple-darwin11/native/bin/x86_64-apple-darwin11-ar'
AUTOCONF='${SHELL} '\''/home/developer/subochain/SuboChain/src/secp256k1/build-aux/missing'\'' autoconf'
AUTOHEADER='${SHELL} '\''/home/developer/subochain/SuboChain/src/secp256k1/build-aux/missing'\'' autoheader'
AUTOMAKE='${SHELL} '\''/home/developer/subochain/SuboChain/src/secp256k1/build-aux/missing'\'' automake-1.18'
AWK='mawk'
BREW='no'
BUILD_EXEEXT=''
BUILD_OBJEXT=''
CC='/home/developer/subochain/SuboChain/depends/x86_64-apple-darwin11/native/bin/clang -target x86_64-apple-darwin11 -mmacosx-version-min=10.8 --sysroot /home/developer/subochain/SuboChain/depends/MacOSX10.11.sdk -mlinker-version=253.9'
CCDEPMODE='depmode=gcc3'
CC_FOR_BUILD='gcc'
CFLAGS='-pipe -O2  -W -std=c89 -pedantic -Wall -Wextra -Wcast-align -Wnested-externs -Wshadow -Wstrict-prototypes -Wno-unused-function -Wno-long-long -Wno-overlength-strings -fvisibility=hidden'
CFLAGS_FOR_BUILD='-g -O2'
CPP='/home/developer/subochain/SuboChain/depends/x86_64-apple-darwin11/native/bin/clang -target x86_64-apple-darwin11 -mmacosx-version-min=10.8 --sysroot /home/developer/subochain/SuboChain/depends/MacOSX10.11.sdk -mlinker-version=253.9 -E'
CPPFLAGS='-I/home/developer/subochain/SuboChain/depends/x86_64-apple-darwin11/share/../include/ '
CPPFLAGS_FOR_BUILD=''
CPP_FOR_BUILD='gcc -E'
CRYPTO_CFLAGS='-I/home/developer/subochain/SuboChain/depends/x86_64-apple-darwin11/include'
CRYPTO_LIBS='-L/home/developer/subochain/SuboChain/depends/x86_64-apple-darwin11/lib -lcrypto'
CSCOPE='cscope'
CTAGS='ctags'
CYGPATH_W='echo'
DEFS='-DHAVE_CONFIG_H'
DEPDIR='.deps'
DLLTOOL='false'
DSYMUTIL='x86_64-apple-darwin11-dsymutil'
DUMPBIN=''
ECHO_C=''
ECHO_N='-n'
ECHO_T=''
EGREP='/usr/bin/grep -E'
ENABLE_MODULE_ECDH_FALSE=''
ENABLE_MODULE_ECDH_TRUE='#'
ENABLE_MODULE_RECOVERY_FALSE='#'
ENABLE_MODULE_RECOVERY_TRUE=''
ENABLE_MODULE_SCHNORR_FALSE=''
ENABLE_MODULE_SCHNORR_TRUE='#'
ETAGS='etags'
EXEEXT=''
FGREP='/usr/bin/grep -F'
FILECMD='file'
GREP='/usr/bin/grep'
INSTALL_DATA='${INSTALL} -m 644'
INSTALL_PROGRAM='${INSTALL}'
INSTALL_SCRIPT='${INSTALL}'
INSTALL_STRIP_PROGRAM='$(install_sh) -c -s'
LD='/home/developer/subochain/SuboChain/depends/x86_64-apple-darwin11/native/bin/x86_64-apple-darwin11-ld'
LDFLAGS='-L/home/developer/subochain/SuboChain/depends/x86_64-apple-darwin11/share/../lib '
LDFLAGS_FOR_BUILD=''
LIBOBJS=''
LIBS=''
LIBTOOL='$(SHELL) $(top_builddir)/libtool'
LIPO='x86_64-apple-darwin11-lipo'
LN_S='ln -s'
LTLIBOBJS=''
LT_SYS_LIBRARY_PATH=''
MAKEINFO='${SHELL} '\''/home/developer/subochain/SuboChain/src/secp256k1/build-aux/missing'\'' makeinfo'
MANIFEST_TOOL=':'
MKDIR_P='/usr/bin/mkdir -p'
NM='/home/developer/subochain/SuboChain/depends/x86_64-apple-darwin11/native/bin/x86_64-apple-darwin11-nm'
NMEDIT='x86_64-apple-darwin11-nmedit'
OBJDUMP='objdump'
OBJEXT='o'
OTOOL64=':'
OTOOL='x86_64-apple-darwin11-otool'
PACKAGE='libsecp256k1'
PACKAGE_BUGREPORT=''
PACKAGE_NAME='libsecp256k1'
PACKAGE_STRING='libsecp256k1 0.1'
PACKAGE_TARNAME='libsecp256k1'
PACKAGE_URL=''
PACKAGE_VERSION='0.1'
PATH_SEPARATOR=':'
PKG_CONFIG='/usr/bin/pkg-config --static'
PKG_CONFIG_LIBDIR='/home/developer/subochain/SuboChain/depends/x86_64-apple-darwin11/share/../lib/pkgconfig'
PKG_CONFIG_PATH='/home/developer/subochain/SuboChain/depends/x86_64-apple-darwin11/share/../share/pkgconfig'
PORT='no'
RANLIB='/home/developer/subochain/SuboChain/depends/x86_64-apple-darwin11/native/bin/x86_64-apple-darwin11-ranlib'
SECP_INCLUDES=''
SECP_LIBS=''
SECP_TEST_INCLUDES=' -I/home/developer/subochain/SuboChain/depends/x86_64-apple-darwin11/include'
SECP_TEST_LIBS='-L/home/developer/subochain/SuboChain/depends/x86_64-apple-darwin11/lib -lcrypto'
SED='/usr/bin/sed'
SET_MAKE=''
SHELL='/bin/bash'
STRIP='/home/developer/subochain/SuboChain/depends/x86_64-apple-darwin11/share/../native/bin/x86_64-apple-darwin11-strip'
USE_BENCHMARK_FALSE=''
USE_BENCHMARK_TRUE='#'
USE_ECMULT_STATIC_PRECOMPUTATION_FALSE='#'
USE_ECMULT_STATIC_PRECOMPUTATION_TRUE=''
USE_TESTS_FALSE='#'
USE_TESTS_TRUE=''
VERSION='0.1'
ac_ct_AR=''
ac_ct_CC=''
ac_ct_CC_FOR_BUILD='gcc'
ac_ct_DUMPBIN=''
am__EXEEXT_FALSE=''
am__EXEEXT_TRUE='#'
am__fastdepCC_FALSE='#'
am__fastdepCC_TRUE=''
am__include='include'
am__isrc=''
am__leading_dot='.'
am__nodep='_no'
am__quote=''
am__rm_f_notfound=''
am__tar='tar --format=ustar -chf - "$$tardir"'
am__untar='tar -xf -'
am__xargs_n='xargs -n'
bindir='${exec_prefix}/bin'
build='x86_64-pc-linux-gnu'
build_alias=''
build_cpu='x86_64'
build_os='linux-gnu'
build_vendor='pc'
datadir='${datarootdir}'
datarootdir='${prefix}/share'
docdir='${datarootdir}/doc/${PACKAGE_TARNAME}'
dvidir='${docdir}'
exec_prefix='${prefix}'
host='x86_64-apple-darwin11'
host_alias='x86_64-apple-darwin11'
host_cpu='x86_64'
host_os='darwin11'
host_vendor='apple'
htmldir='${docdir}'
includedir='${prefix}/include'
infodir='${datarootdir}/info'
install_sh='${SHELL} /home/developer/subochain/SuboChain/src/secp256k1/build-aux/install-sh'
libdir='${exec_prefix}/lib'
libexecdir='${exec_prefix}/libexec'
localedir='${datarootdir}/locale'
localstatedir='${prefix}/var'
mandir='${datarootdir}/man'
mkdir_p='$(MKDIR_P)'
oldincludedir='/usr/include'
pdfdir='${docdir}'
prefix='/home/developer/subochain/SuboChain/depends/x86_64-apple-darwin11'
program_transform_name='s,x,x,'
psdir='${docdir}'
runstatedir='${localstatedir}/run'
sbindir='${exec_prefix}/sbin'
sharedstatedir='${prefix}/com'
sysconfdir='${prefix}/etc'
target_alias=''

## ----------- ##
## confdefs.h. ##
## ----------- ##

/* confdefs.h */
#define PACKAGE_NAME "libsecp256k1"
#define PACKAGE_TARNAME "libsecp256k1"
#define PACKAGE_VERSION "0.1"
#define PACKAGE_STRING "libsecp256k1 0.1"
#define PACKAGE_BUGREPORT ""
#define PACKAGE_URL ""
#define PACKAGE "libsecp256k1"
#define VERSION "0.1"
#define HAVE_STDIO_H 1
#define HAVE_STDLIB_H 1
#define HAVE_STRING_H 1
#define HAVE_INTTYPES_H 1
#define HAVE_STDINT_H 1
#define HAVE_STRINGS_H 1
#define HAVE_SYS_STAT_H 1
#define HAVE_SYS_TYPES_H 1
#define HAVE_UNISTD_H 1
#define STDC_HEADERS 1
#define HAVE_DLFCN_H 1
#define LT_OBJDIR ".libs/"
#define HAVE___INT128 1
#define HAVE_BUILTIN_EXPECT 1
#define USE_FIELD_5X52 1
#define USE_NUM_NONE 1
#define USE_FIELD_INV_BUILTIN 1
#define USE_SCALAR_INV_BUILTIN 1
#define USE_SCALAR_4X64 1
#define HAVE_LIBCRYPTO 1
#define ENABLE_OPENSSL_TESTS 1
#define USE_ECMULT_STATIC_PRECOMPUTATION 1
#define ENABLE_MODULE_RECOVERY 1

configure: exit 0
